Component: ARM Compiler 5.06 update 6 (build 750) Tool: armlink [4d35ed]

==============================================================================

Section Cross References

    main.o(i.AppTaskCreate) refers to misc.o(i.NVIC_PriorityGroupConfig) for NVIC_PriorityGroupConfig
    main.o(i.AppTaskCreate) refers to led.o(i.LED_Init) for LED_Init
    main.o(i.AppTaskCreate) refers to user_lan8720.o(i.ETH_BSP_Config) for ETH_BSP_Config
    main.o(i.AppTaskCreate) refers to sys_arch.o(i.TCPIP_Init) for TCPIP_Init
    main.o(i.AppTaskCreate) refers to user_tcp_server.o(i.TCP_Server_Init) for TCP_Server_Init
    main.o(i.AppTaskCreate) refers to tasks.o(i.xTaskCreate) for xTaskCreate
    main.o(i.AppTaskCreate) refers to tasks.o(i.vTaskDelete) for vTaskDelete
    main.o(i.AppTaskCreate) refers to main.o(.data) for .data
    main.o(i.AppTaskCreate) refers to main.o(i.LED1_Task) for LED1_Task
    main.o(i.AppTaskCreate) refers to main.o(i.LED2_Task) for LED2_Task
    main.o(i.LED1_Task) refers to stm32f4xx_gpio.o(i.GPIO_ToggleBits) for GPIO_ToggleBits
    main.o(i.LED1_Task) refers to tasks.o(i.vTaskDelay) for vTaskDelay
    main.o(i.LED2_Task) refers to stm32f4xx_gpio.o(i.GPIO_ToggleBits) for GPIO_ToggleBits
    main.o(i.LED2_Task) refers to tasks.o(i.vTaskDelay) for vTaskDelay
    main.o(i.main) refers to system_stm32f4xx.o(i.SystemInit) for SystemInit
    main.o(i.main) refers to misc.o(i.NVIC_SetVectorTable) for NVIC_SetVectorTable
    main.o(i.main) refers to segger_rtt.o(i.SEGGER_RTT_Init) for SEGGER_RTT_Init
    main.o(i.main) refers to user_rcc_config.o(i.SystemClock_Config) for SystemClock_Config
    main.o(i.main) refers to tasks.o(i.xTaskCreate) for xTaskCreate
    main.o(i.main) refers to tasks.o(i.vTaskStartScheduler) for vTaskStartScheduler
    main.o(i.main) refers to main.o(.data) for .data
    main.o(i.main) refers to main.o(i.AppTaskCreate) for AppTaskCreate
    stm32f4xx_it.o(i.ETH_IRQHandler) refers to stm32f4x7_eth.o(i.ETH_GetDMAFlagStatus) for ETH_GetDMAFlagStatus
    stm32f4xx_it.o(i.ETH_IRQHandler) refers to queue.o(i.xQueueGiveFromISR) for xQueueGiveFromISR
    stm32f4xx_it.o(i.ETH_IRQHandler) refers to stm32f4x7_eth.o(i.ETH_DMAClearITPendingBit) for ETH_DMAClearITPendingBit
    stm32f4xx_it.o(i.ETH_IRQHandler) refers to ethernetif.o(.data) for s_xSemaphore
    led.o(i.LED_Init) refers to stm32f4xx_rcc.o(i.RCC_AHB1PeriphClockCmd) for RCC_AHB1PeriphClockCmd
    led.o(i.LED_Init) refers to stm32f4xx_gpio.o(i.GPIO_Init) for GPIO_Init
    led.o(i.LED_Init) refers to stm32f4xx_gpio.o(i.GPIO_SetBits) for GPIO_SetBits
    user_delay.o(i.DWT_DelayMS) refers to user_delay.o(i.DWT_DelayUS) for DWT_DelayUS
    user_delay.o(i.DWT_DelayUS) refers to system_stm32f4xx.o(.data) for SystemCoreClock
    user_delay.o(i.delay_ms) refers to user_delay.o(i.delay_us) for delay_us
    user_delay.o(i.delay_us) refers to port.o(i.vPortSetupTimerInterrupt) for vPortSetupTimerInterrupt
    user_delay.o(i.delay_us) refers to tasks.o(i.vTaskSuspendAll) for vTaskSuspendAll
    user_delay.o(i.delay_us) refers to tasks.o(i.xTaskResumeAll) for xTaskResumeAll
    user_delay.o(i.delay_us) refers to system_stm32f4xx.o(.data) for SystemCoreClock
    user_delay.o(i.user_delayMs) refers to user_delay.o(i.user_delayUs) for user_delayUs
    user_lan8720.o(i.ETH_BSP_Config) refers to user_lan8720.o(i.ETH_GPIO_Config) for ETH_GPIO_Config
    user_lan8720.o(i.ETH_BSP_Config) refers to user_lan8720.o(i.ETH_NVIC_Config) for ETH_NVIC_Config
    user_lan8720.o(i.ETH_BSP_Config) refers to user_lan8720.o(i.ETH_MACDMA_Config) for ETH_MACDMA_Config
    user_lan8720.o(i.ETH_BSP_Config) refers to user_lan8720.o(.data) for .data
    user_lan8720.o(i.ETH_GPIO_Config) refers to stm32f4xx_rcc.o(i.RCC_AHB1PeriphClockCmd) for RCC_AHB1PeriphClockCmd
    user_lan8720.o(i.ETH_GPIO_Config) refers to stm32f4xx_rcc.o(i.RCC_APB2PeriphClockCmd) for RCC_APB2PeriphClockCmd
    user_lan8720.o(i.ETH_GPIO_Config) refers to stm32f4xx_syscfg.o(i.SYSCFG_ETH_MediaInterfaceConfig) for SYSCFG_ETH_MediaInterfaceConfig
    user_lan8720.o(i.ETH_GPIO_Config) refers to stm32f4xx_gpio.o(i.GPIO_Init) for GPIO_Init
    user_lan8720.o(i.ETH_GPIO_Config) refers to stm32f4xx_gpio.o(i.GPIO_PinAFConfig) for GPIO_PinAFConfig
    user_lan8720.o(i.ETH_GPIO_Config) refers to stm32f4xx_gpio.o(i.GPIO_ResetBits) for GPIO_ResetBits
    user_lan8720.o(i.ETH_GPIO_Config) refers to stm32f4xx_gpio.o(i.GPIO_SetBits) for GPIO_SetBits
    user_lan8720.o(i.ETH_MACDMA_Config) refers to stm32f4xx_rcc.o(i.RCC_AHB1PeriphClockCmd) for RCC_AHB1PeriphClockCmd
    user_lan8720.o(i.ETH_MACDMA_Config) refers to stm32f4x7_eth.o(i.ETH_DeInit) for ETH_DeInit
    user_lan8720.o(i.ETH_MACDMA_Config) refers to stm32f4x7_eth.o(i.ETH_SoftwareReset) for ETH_SoftwareReset
    user_lan8720.o(i.ETH_MACDMA_Config) refers to stm32f4x7_eth.o(i.ETH_GetSoftwareResetStatus) for ETH_GetSoftwareResetStatus
    user_lan8720.o(i.ETH_MACDMA_Config) refers to stm32f4x7_eth.o(i.ETH_StructInit) for ETH_StructInit
[...]
    __0printf$bare                           0x08012411   Thumb Code     8  printfb.o(i.__0printf$bare)
    __1printf$bare                           0x08012411   Thumb Code     0  printfb.o(i.__0printf$bare)
    __2printf                                0x08012411   Thumb Code     0  printfb.o(i.__0printf$bare)
    __scatterload_copy                       0x08012421   Thumb Code    14  handlers.o(i.__scatterload_copy)
    __scatterload_null                       0x0801242f   Thumb Code     2  handlers.o(i.__scatterload_null)
    __scatterload_zeroinit                   0x08012431   Thumb Code    14  handlers.o(i.__scatterload_zeroinit)
    etharp_cleanup_netif                     0x08012761   Thumb Code    40  etharp.o(i.etharp_cleanup_netif)
    etharp_input                             0x08012985   Thumb Code   144  etharp.o(i.etharp_input)
    etharp_output                            0x08012a25   Thumb Code   256  etharp.o(i.etharp_output)
    etharp_query                             0x08012c05   Thumb Code   276  etharp.o(i.etharp_query)
    etharp_request                           0x08012e71   Thumb Code     6  etharp.o(i.etharp_request)
    etharp_tmr                               0x08012e9d   Thumb Code    88  etharp.o(i.etharp_tmr)
    ethernet_input                           0x08012fad   Thumb Code   160  ethernet.o(i.ethernet_input)
    ethernet_output                          0x08013051   Thumb Code    90  ethernet.o(i.ethernet_output)
    ethernetif_init                          0x080130e1   Thumb Code    42  ethernetif.o(i.ethernetif_init)
    fputc                                    0x08013159   Thumb Code    18  fputc.o(i.fputc)
    icmp_dest_unreach                        0x0801316b   Thumb Code     8  icmp.o(i.icmp_dest_unreach)
    icmp_input                               0x08013175   Thumb Code   306  icmp.o(i.icmp_input)
    icmp_time_exceeded                       0x080133cd   Thumb Code     8  icmp.o(i.icmp_time_exceeded)
    inet_chksum                              0x080133d5   Thumb Code    12  inet_chksum.o(i.inet_chksum)
    inet_chksum_pbuf                         0x080133e1   Thumb Code    74  inet_chksum.o(i.inet_chksum_pbuf)
    inet_chksum_pseudo                       0x0801342b   Thumb Code    40  inet_chksum.o(i.inet_chksum_pseudo)
    ip4_addr_isbroadcast_u32                 0x080134c1   Thumb Code    46  ip4_addr.o(i.ip4_addr_isbroadcast_u32)
    ip4_frag                                 0x080134f1   Thumb Code   418  ip4_frag.o(i.ip4_frag)
    ip4_input                                0x080136e5   Thumb Code   364  ip4.o(i.ip4_input)
    ip4_output_if                            0x08013885   Thumb Code    30  ip4.o(i.ip4_output_if)
    ip4_output_if_src                        0x080138a5   Thumb Code   252  ip4.o(i.ip4_output_if_src)
    ip4_reass                                0x080139e5   Thumb Code   496  ip4_frag.o(i.ip4_reass)
    ip4_route                                0x08013c15   Thumb Code    86  ip4.o(i.ip4_route)
    ip_chksum_pseudo                         0x08013c75   Thumb Code    12  inet_chksum.o(i.ip_chksum_pseudo)
    ip_reass_tmr                             0x0801403d   Thumb Code    40  ip4_frag.o(i.ip_reass_tmr)
    lwip_htonl                               0x08014341   Thumb Code     4  def.o(i.lwip_htonl)
    lwip_htons                               0x08014345   Thumb Code     4  def.o(i.lwip_htons)
    lwip_init                                0x08014349   Thumb Code    30  init.o(i.lwip_init)
    lwip_netconn_do_bind                     0x08014367   Thumb Code    38  api_msg.o(i.lwip_netconn_do_bind)
    lwip_netconn_do_close                    0x0801438d   Thumb Code   154  api_msg.o(i.lwip_netconn_do_close)
    lwip_netconn_do_delconn                  0x08014689   Thumb Code   204  api_msg.o(i.lwip_netconn_do_delconn)
    lwip_netconn_do_listen                   0x08014791   Thumb Code   182  api_msg.o(i.lwip_netconn_do_listen)
    lwip_netconn_do_newconn                  0x0801484d   Thumb Code    64  api_msg.o(i.lwip_netconn_do_newconn)
    lwip_netconn_do_recv                     0x0801488d   Thumb Code    68  api_msg.o(i.lwip_netconn_do_recv)
    lwip_netconn_do_write                    0x080148d1   Thumb Code   142  api_msg.o(i.lwip_netconn_do_write)
    lwip_netconn_is_err_msg                  0x08014cd1   Thumb Code    56  api_msg.o(i.lwip_netconn_is_err_msg)
    lwip_standard_chksum                     0x08014d19   Thumb Code    86  inet_chksum.o(i.lwip_standard_chksum)
    main                                     0x08014d71   Thumb Code    68  main.o(i.main)
    mem_free                                 0x08014dd1   Thumb Code   182  mem.o(i.mem_free)
    mem_init                                 0x08014f29   Thumb Code    68  mem.o(i.mem_init)
    mem_malloc                               0x08014f91   Thumb Code   280  mem.o(i.mem_malloc)
    mem_trim                                 0x08015171   Thumb Code   284  mem.o(i.mem_trim)
    memp_free                                0x080152dd   Thumb Code    26  memp.o(i.memp_free)
    memp_init                                0x08015319   Thumb Code    24  memp.o(i.memp_init)
    memp_init_pool                           0x08015335   Thumb Code    42  memp.o(i.memp_init_pool)
    memp_malloc                              0x08015361   Thumb Code    30  memp.o(i.memp_malloc)
    netbuf_delete                            0x080153a5   Thumb Code    34  netbuf.o(i.netbuf_delete)
    netconn_accept                           0x080153c9   Thumb Code   142  api_lib.o(i.netconn_accept)
    netconn_alloc                            0x08015499   Thumb Code   108  api_msg.o(i.netconn_alloc)
    netconn_bind                             0x08015545   Thumb Code    44  api_lib.o(i.netconn_bind)
    netconn_close                            0x08015595   Thumb Code     6  api_lib.o(i.netconn_close)
    netconn_delete                           0x080155e9   Thumb Code    30  api_lib.o(i.netconn_delete)
    netconn_err                              0x080156a3   Thumb Code    30  api_lib.o(i.netconn_err)
    netconn_free                             0x080156c1   Thumb Code    74  api_msg.o(i.netconn_free)
    netconn_listen_with_backlog              0x080157b5   Thumb Code    32  api_lib.o(i.netconn_listen_with_backlog)
    netconn_new_with_proto_and_callback      0x080157f9   Thumb Code   126  api_lib.o(i.netconn_new_with_proto_and_callback)
    netconn_prepare_delete                   0x080158f9   Thumb Code    28  api_lib.o(i.netconn_prepare_delete)
    netconn_recv                             0x08015919   Thumb Code   104  api_lib.o(i.netconn_recv)
    netconn_write_partly                     0x08015ba1   Thumb Code    20  api_lib.o(i.netconn_write_partly)
    netconn_write_vectors_partly             0x08015bb5   Thumb Code   174  api_lib.o(i.netconn_write_vectors_partly)
    netif_add                                0x08015ccd   Thumb Code   198  netif.o(i.netif_add)
    netif_get_by_index                       0x08015eb1   Thumb Code    32  netif.o(i.netif_get_by_index)
    netif_init                               0x08015ed5   Thumb Code     2  netif.o(i.netif_init)
    netif_set_addr                           0x08015f3d   Thumb Code    92  netif.o(i.netif_set_addr)
    netif_set_default                        0x08015f9d   Thumb Code     6  netif.o(i.netif_set_default)
    netif_set_down                           0x08015fa9   Thumb Code    34  netif.o(i.netif_set_down)
    netif_set_up                             0x08015fed   Thumb Code    32  netif.o(i.netif_set_up)
    pbuf_add_header                          0x08016029   Thumb Code     6  pbuf.o(i.pbuf_add_header)
    pbuf_alloc                               0x08016091   Thumb Code   266  pbuf.o(i.pbuf_alloc)
    pbuf_alloc_reference                     0x08016249   Thumb Code    60  pbuf.o(i.pbuf_alloc_reference)
    pbuf_alloced_custom                      0x08016299   Thumb Code    56  pbuf.o(i.pbuf_alloced_custom)
    pbuf_cat                                 0x080162d1   Thumb Code    70  pbuf.o(i.pbuf_cat)
    pbuf_clen                                0x08016391   Thumb Code    18  pbuf.o(i.pbuf_clen)
    pbuf_clone                               0x080163a5   Thumb Code    38  pbuf.o(i.pbuf_clone)
    pbuf_copy                                0x080163e1   Thumb Code   182  pbuf.o(i.pbuf_copy)
    pbuf_copy_partial                        0x08016539   Thumb Code   110  pbuf.o(i.pbuf_copy_partial)
    pbuf_free                                0x080165ed   Thumb Code   140  pbuf.o(i.pbuf_free)
    pbuf_header_force                        0x080166d5   Thumb Code     6  pbuf.o(i.pbuf_header_force)
    pbuf_realloc                             0x08016705   Thumb Code   112  pbuf.o(i.pbuf_realloc)
    pbuf_ref                                 0x080167c1   Thumb Code    38  pbuf.o(i.pbuf_ref)
    pbuf_remove_header                       0x080167fd   Thumb Code    58  pbuf.o(i.pbuf_remove_header)
    pvPortMalloc                             0x080170ad   Thumb Code   148  heap_4.o(i.pvPortMalloc)
    pvTaskIncrementMutexHeldCount            0x08017145   Thumb Code    18  tasks.o(i.pvTaskIncrementMutexHeldCount)
    pxPortInitialiseStack                    0x0801715d   Thumb Code    40  port.o(i.pxPortInitialiseStack)
    sys_arch_mbox_fetch                      0x08017341   Thumb Code    66  sys_arch.o(i.sys_arch_mbox_fetch)
    sys_arch_mbox_tryfetch                   0x08017383   Thumb Code    30  sys_arch.o(i.sys_arch_mbox_tryfetch)
    sys_arch_protect                         0x080173a1   Thumb Code    10  sys_arch.o(i.sys_arch_protect)
    sys_arch_sem_wait                        0x080173ab   Thumb Code    58  sys_arch.o(i.sys_arch_sem_wait)
    sys_arch_unprotect                       0x080173e5   Thumb Code     4  sys_arch.o(i.sys_arch_unprotect)
    sys_check_timeouts                       0x080173e9   Thumb Code    60  timeouts.o(i.sys_check_timeouts)
    sys_init                                 0x08017429   Thumb Code    28  sys_arch.o(i.sys_init)
    sys_mbox_free                            0x0801744d   Thumb Code    20  sys_arch.o(i.sys_mbox_free)
    sys_mbox_new                             0x08017461   Thumb Code    30  sys_arch.o(i.sys_mbox_new)
    sys_mbox_set_invalid                     0x0801747f   Thumb Code     6  sys_arch.o(i.sys_mbox_set_invalid)
    sys_mbox_trypost                         0x08017485   Thumb Code    28  sys_arch.o(i.sys_mbox_trypost)
    sys_mbox_valid                           0x080174a1   Thumb Code    10  sys_arch.o(i.sys_mbox_valid)
    sys_mutex_lock                           0x080174ab   Thumb Code    12  sys_arch.o(i.sys_mutex_lock)
    sys_mutex_new                            0x080174b7   Thumb Code    24  sys_arch.o(i.sys_mutex_new)
    sys_mutex_unlock                         0x080174cf   Thumb Code    12  sys_arch.o(i.sys_mutex_unlock)
    sys_now                                  0x080174dd   Thumb Code    12  sys_arch.o(i.sys_now)
    sys_sem_free                             0x080174ed   Thumb Code    16  sys_arch.o(i.sys_sem_free)
    sys_sem_new                              0x080174fd   Thumb Code    54  sys_arch.o(i.sys_sem_new)
    sys_sem_set_invalid                      0x08017533   Thumb Code     6  sys_arch.o(i.sys_sem_set_invalid)
    sys_sem_signal                           0x08017539   Thumb Code    12  sys_arch.o(i.sys_sem_signal)
    sys_sem_valid                            0x08017545   Thumb Code    10  sys_arch.o(i.sys_sem_valid)
    sys_thread_new                           0x0801754f   Thumb Code    44  sys_arch.o(i.sys_thread_new)
    sys_timeout                              0x0801757d   Thumb Code    38  timeouts.o(i.sys_timeout)
    sys_timeouts_init                        0x08017675   Thumb Code    28  timeouts.o(i.sys_timeouts_init)
    sys_timeouts_sleeptime                   0x08017699   Thumb Code    34  timeouts.o(i.sys_timeouts_sleeptime)
    tcp_abandon                              0x080176c1   Thumb Code   230  tcp.o(i.tcp_abandon)
    tcp_abort                                0x080177fd   Thumb Code     6  tcp.o(i.tcp_abort)
    tcp_accept                               0x08017803   Thumb Code    14  tcp.o(i.tcp_accept)
    tcp_alloc                                0x08017849   Thumb Code   296  tcp.o(i.tcp_alloc)
    tcp_arg                                  0x08017979   Thumb Code     8  tcp.o(i.tcp_arg)
    tcp_bind                                 0x08017981   Thumb Code   142  tcp.o(i.tcp_bind)
    tcp_close                                0x08017a5d   Thumb Code    40  tcp.o(i.tcp_close)
    tcp_eff_send_mss_netif                   0x08017d79   Thumb Code    44  tcp.o(i.tcp_eff_send_mss_netif)
    tcp_enqueue_flags                        0x08017dcd   Thumb Code   216  tcp_out.o(i.tcp_enqueue_flags)
    tcp_err                                  0x08017f71   Thumb Code    26  tcp.o(i.tcp_err)
    tcp_fasttmr                              0x08017fb5   Thumb Code   102  tcp.o(i.tcp_fasttmr)
    tcp_free                                 0x08018021   Thumb Code    28  tcp.o(i.tcp_free)
    tcp_init                                 0x0801814d   Thumb Code     2  tcp.o(i.tcp_init)
    tcp_input                                0x08018151   Thumb Code  1438  tcp_in.o(i.tcp_input)
    tcp_keepalive                            0x08018761   Thumb Code    74  tcp_out.o(i.tcp_keepalive)
    tcp_listen_with_backlog_and_err          0x080189f1   Thumb Code   164  tcp.o(i.tcp_listen_with_backlog_and_err)
    tcp_netif_ip_addr_changed                0x08018b05   Thumb Code    70  tcp.o(i.tcp_netif_ip_addr_changed)
    tcp_new_ip_type                          0x08018bb1   Thumb Code     6  tcp.o(i.tcp_new_ip_type)
    tcp_next_iss                             0x08018c15   Thumb Code    22  tcp.o(i.tcp_next_iss)
    tcp_output                               0x08018c4d   Thumb Code   530  tcp_out.o(i.tcp_output)
    tcp_pcb_purge                            0x080193f9   Thumb Code    70  tcp.o(i.tcp_pcb_purge)
    tcp_pcb_remove                           0x0801945d   Thumb Code   122  tcp.o(i.tcp_pcb_remove)
    tcp_poll                                 0x08019549   Thumb Code    42  tcp.o(i.tcp_poll)
    tcp_process_refused_data                 0x080199f9   Thumb Code   122  tcp.o(i.tcp_process_refused_data)
    tcp_recv                                 0x08019f7d   Thumb Code    26  tcp.o(i.tcp_recv)
    tcp_recv_null                            0x08019fc1   Thumb Code    50  tcp.o(i.tcp_recv_null)
    tcp_recved                               0x0801a011   Thumb Code    88  tcp.o(i.tcp_recved)
    tcp_rexmit                               0x0801a0a9   Thumb Code   110  tcp_out.o(i.tcp_rexmit)
    tcp_rexmit_fast                          0x0801a131   Thumb Code   100  tcp_out.o(i.tcp_rexmit_fast)
    tcp_rexmit_rto                           0x0801a1b5   Thumb Code    34  tcp_out.o(i.tcp_rexmit_rto)
    tcp_rexmit_rto_commit                    0x0801a1f5   Thumb Code    36  tcp_out.o(i.tcp_rexmit_rto_commit)
    tcp_rexmit_rto_prepare                   0x0801a23d   Thumb Code   110  tcp_out.o(i.tcp_rexmit_rto_prepare)
    tcp_rst                                  0x0801a2e1   Thumb Code   110  tcp_out.o(i.tcp_rst)
    tcp_seg_free                             0x0801a389   Thumb Code    28  tcp.o(i.tcp_seg_free)
    tcp_segs_free                            0x0801a3a5   Thumb Code    18  tcp.o(i.tcp_segs_free)
    tcp_send_empty_ack                       0x0801a3b9   Thumb Code   102  tcp_out.o(i.tcp_send_empty_ack)
    tcp_send_fin                             0x0801a441   Thumb Code    78  tcp_out.o(i.tcp_send_fin)
    tcp_sent                                 0x0801a4ad   Thumb Code    24  tcp.o(i.tcp_sent)
    tcp_shutdown                             0x0801a4ed   Thumb Code    92  tcp.o(i.tcp_shutdown)
    tcp_slowtmr                              0x0801a565   Thumb Code   792  tcp.o(i.tcp_slowtmr)
    tcp_split_unsent_seg                     0x0801aa55   Thumb Code   326  tcp_out.o(i.tcp_split_unsent_seg)
    tcp_timer_needed                         0x0801ac05   Thumb Code    36  timeouts.o(i.tcp_timer_needed)
    tcp_tmr                                  0x0801acd1   Thumb Code    28  tcp.o(i.tcp_tmr)
    tcp_trigger_input_pcb_close              0x0801acf1   Thumb Code    12  tcp_in.o(i.tcp_trigger_input_pcb_close)
    tcp_update_rcv_ann_wnd                   0x0801ad01   Thumb Code    76  tcp.o(i.tcp_update_rcv_ann_wnd)
    tcp_write                                0x0801ad8d   Thumb Code   988  tcp_out.o(i.tcp_write)
    tcp_zero_window_probe                    0x0801b459   Thumb Code   190  tcp_out.o(i.tcp_zero_window_probe)
    tcpip_init                               0x0801b53d   Thumb Code    68  tcpip.o(i.tcpip_init)
    tcpip_inpkt                              0x0801b5d9   Thumb Code    76  tcpip.o(i.tcpip_inpkt)
    tcpip_input                              0x0801b639   Thumb Code    20  tcpip.o(i.tcpip_input)
    tcpip_send_msg_wait_sem                  0x0801b655   Thumb Code    26  tcpip.o(i.tcpip_send_msg_wait_sem)
    user_delayMs                             0x0801b7b1   Thumb Code    24  user_delay.o(i.user_delayMs)
    user_delayUs                             0x0801b7c9   Thumb Code    20  user_delay.o(i.user_delayUs)
    uxListRemove                             0x0801b7dd   Thumb Code    36  list.o(i.uxListRemove)
    uxQueueMessagesWaiting                   0x0801b801   Thumb Code    18  queue.o(i.uxQueueMessagesWaiting)
    vListInitialise                          0x0801b813   Thumb Code    22  list.o(i.vListInitialise)
    vListInitialiseItem                      0x0801b829   Thumb Code     6  list.o(i.vListInitialiseItem)
    vListInsert                              0x0801b82f   Thumb Code    48  list.o(i.vListInsert)
    vListInsertEnd                           0x0801b85f   Thumb Code    24  list.o(i.vListInsertEnd)
    vPortEnterCritical                       0x0801b879   Thumb Code    24  port.o(i.vPortEnterCritical)
    vPortExitCritical                        0x0801b895   Thumb Code    16  port.o(i.vPortExitCritical)
    vPortFree                                0x0801b8a9   Thumb Code    58  heap_4.o(i.vPortFree)
    vPortSetupTimerInterrupt                 0x0801b8e9   Thumb Code    26  port.o(i.vPortSetupTimerInterrupt)
    vQueueAddToRegistry                      0x0801b909   Thumb Code    32  queue.o(i.vQueueAddToRegistry)
    vQueueDelete                             0x0801b92d   Thumb Code    18  queue.o(i.vQueueDelete)
    vQueueUnregisterQueue                    0x0801b941   Thumb Code    36  queue.o(i.vQueueUnregisterQueue)
    vQueueWaitForMessageRestricted           0x0801b969   Thumb Code    68  queue.o(i.vQueueWaitForMessageRestricted)
    vTaskDelay                               0x0801b9ad   Thumb Code    44  tasks.o(i.vTaskDelay)
    vTaskDelete                              0x0801b9dd   Thumb Code   136  tasks.o(i.vTaskDelete)
    vTaskMissedYield                         0x0801ba75   Thumb Code     8  tasks.o(i.vTaskMissedYield)
    vTaskPlaceOnEventList                    0x0801ba81   Thumb Code    30  tasks.o(i.vTaskPlaceOnEventList)
    vTaskPlaceOnEventListRestricted          0x0801baa5   Thumb Code    38  tasks.o(i.vTaskPlaceOnEventListRestricted)
    vTaskPriorityInherit                     0x0801bad1   Thumb Code   124  tasks.o(i.vTaskPriorityInherit)
    vTaskSetTimeOutState                     0x0801bb55   Thumb Code    12  tasks.o(i.vTaskSetTimeOutState)
    vTaskStartScheduler                      0x0801bb65   Thumb Code    74  tasks.o(i.vTaskStartScheduler)
    vTaskSuspendAll                          0x0801bbc1   Thumb Code    10  tasks.o(i.vTaskSuspendAll)
    vTaskSwitchContext                       0x0801bbd1   Thumb Code    60  tasks.o(i.vTaskSwitchContext)
    xPortStartScheduler                      0x0801bc15   Thumb Code    52  port.o(i.xPortStartScheduler)
    xQueueCreateCountingSemaphore            0x0801bc55   Thumb Code    20  queue.o(i.xQueueCreateCountingSemaphore)
    xQueueCreateMutex                        0x0801bc69   Thumb Code    36  queue.o(i.xQueueCreateMutex)
    xQueueGenericCreate                      0x0801bc8d   Thumb Code    54  queue.o(i.xQueueGenericCreate)
    xQueueGenericReceive                     0x0801bcc5   Thumb Code   286  queue.o(i.xQueueGenericReceive)
    xQueueGenericReset                       0x0801bde9   Thumb Code   112  queue.o(i.xQueueGenericReset)
    xQueueGenericSend                        0x0801be5d   Thumb Code   250  queue.o(i.xQueueGenericSend)
    xQueueGenericSendFromISR                 0x0801bf5d   Thumb Code   102  queue.o(i.xQueueGenericSendFromISR)
    xQueueGiveFromISR                        0x0801bfc3   Thumb Code    86  queue.o(i.xQueueGiveFromISR)
    xTaskCheckForTimeOut                     0x0801c019   Thumb Code    66  tasks.o(i.xTaskCheckForTimeOut)
    xTaskCreate                              0x0801c061   Thumb Code    86  tasks.o(i.xTaskCreate)
    xTaskGetSchedulerState                   0x0801c0b9   Thumb Code    22  tasks.o(i.xTaskGetSchedulerState)
    xTaskGetTickCount                        0x0801c0d5   Thumb Code     6  tasks.o(i.xTaskGetTickCount)
    xTaskIncrementTick                       0x0801c0e1   Thumb Code   170  tasks.o(i.xTaskIncrementTick)
    xTaskPriorityDisinherit                  0x0801c195   Thumb Code   102  tasks.o(i.xTaskPriorityDisinherit)
    xTaskRemoveFromEventList                 0x0801c205   Thumb Code    88  tasks.o(i.xTaskRemoveFromEventList)
    xTaskResumeAll                           0x0801c269   Thumb Code   164  tasks.o(i.xTaskResumeAll)
    xTimerCreateTimerTask                    0x0801c319   Thumb Code    44  timers.o(i.xTimerCreateTimerTask)
    xTimerGenericCommand                     0x0801c355   Thumb Code    68  timers.o(i.xTimerGenericCommand)
    SoftVersionString_QDB                    0x0801c39c   Data          32  user_ethcommunication.o(.constdata)
    CMD_Assemble                             0x0801c3bc   Data          32  user_ethcommunication.o(.constdata)
    netconn_aborted                          0x0801c3ec   Data           1  api_msg.o(.constdata)
    netconn_reset                            0x0801c3ed   Data           1  api_msg.o(.constdata)
    netconn_closed                           0x0801c3ee   Data           1  api_msg.o(.constdata)
    memp_TCP_PCB                             0x0801c3f0   Data          12  memp.o(.constdata)
    memp_TCP_PCB_LISTEN                      0x0801c3fc   Data          12  memp.o(.constdata)
    memp_TCP_SEG                             0x0801c408   Data          12  memp.o(.constdata)
    memp_REASSDATA                           0x0801c414   Data          12  memp.o(.constdata)
    memp_FRAG_PBUF                           0x0801c420   Data          12  memp.o(.constdata)
    memp_NETBUF                              0x0801c42c   Data          12  memp.o(.constdata)
    memp_NETCONN                             0x0801c438   Data          12  memp.o(.constdata)
    memp_TCPIP_MSG_API                       0x0801c444   Data          12  memp.o(.constdata)
    memp_TCPIP_MSG_INPKT                     0x0801c450   Data          12  memp.o(.constdata)
    memp_SYS_TIMEOUT                         0x0801c45c   Data          12  memp.o(.constdata)
    memp_PBUF                                0x0801c468   Data          12  memp.o(.constdata)
    memp_PBUF_POOL                           0x0801c474   Data          12  memp.o(.constdata)
    memp_pools                               0x0801c480   Data          48  memp.o(.constdata)
    tcp_pcb_lists                            0x0801c4f4   Data          16  tcp.o(.constdata)
    lwip_cyclic_timers                       0x0801c504   Data          24  timeouts.o(.constdata)
    ip_addr_any                              0x0801c51c   Data           4  ip4_addr.o(.constdata)
    ethbroadcast                             0x0801c520   Data           6  ethernet.o(.constdata)
    ethzero                                  0x0801c526   Data           6  ethernet.o(.constdata)
    Region$$Table$$Base                      0x0801c674   Number         0  anon$$obj.o(Region$$Table)
    Region$$Table$$Limit                     0x0801c6a4   Number         0  anon$$obj.o(Region$$Table)
    SendData                                 0x10000000   Data       33300  main.o(CCMRAM_SendData)
    EthLinkStatus                            0x2000000c   Data           1  user_lan8720.o(.data)
    EthInitStatus                            0x20000010   Data           4  user_lan8720.o(.data)
    remote_netconn                           0x20000014   Data           4  user_tcp_server.o(.data)
    TCP_Server_handle                        0x20000018   Data           4  user_tcp_server.o(.data)
    lock_tcpip_core                          0x20000030   Data           4  tcpip.o(.data)
    netif_list                               0x20000078   Data           4  netif.o(.data)
    netif_default                            0x2000007c   Data           4  netif.o(.data)
    tcp_active_pcbs_changed                  0x20000080   Data           1  tcp.o(.data)
    tcp_ticks                                0x2000008c   Data           4  tcp.o(.data)
    tcp_bound_pcbs                           0x20000090   Data           4  tcp.o(.data)
    tcp_listen_pcbs                          0x20000094   Data           4  tcp.o(.data)
    tcp_active_pcbs                          0x20000098   Data           4  tcp.o(.data)
    tcp_tw_pcbs                              0x2000009c   Data           4  tcp.o(.data)
    tcp_input_pcb                            0x200000c0   Data           4  tcp_in.o(.data)
    s_xSemaphore                             0x200000e0   Data           4  ethernetif.o(.data)
    lwip_sys_now                             0x200000ec   Data           4  sys_arch.o(.data)
    ipaddr                                   0x200000f0   Data           4  sys_arch.o(.data)
    netmask                                  0x200000f4   Data           4  sys_arch.o(.data)
    gw                                       0x200000f8   Data           4  sys_arch.o(.data)
    pxCurrentTCB                             0x200000fc   Data           4  tasks.o(.data)
    SystemCoreClock                          0x20000168   Data           4  system_stm32f4xx.o(.data)
    AHBPrescTable                            0x2000016c   Data          16  system_stm32f4xx.o(.data)
    DMATxDescToSet                           0x2000018c   Data           4  stm32f4x7_eth.o(.data)
    DMARxDescToGet                           0x20000190   Data           4  stm32f4x7_eth.o(.data)
    DMA_RX_FRAME_infos                       0x20000194   Data           4  stm32f4x7_eth.o(.data)
    __stdout                                 0x20000198   Data           4  stdout.o(.data)
    SysCtrl                                  0x2000019c   Data        1236  user_systype.o(.bss)
    _SEGGER_RTT                              0x20000670   Data         168  segger_rtt.o(.bss)
    ip_data                                  0x20000b28   Data          24  ip.o(.bss)
    ram_heap                                 0x20000b40   Data       10259  mem.o(.bss)
    memp_memory_TCP_PCB_base                 0x20003353   Data         643  memp.o(.bss)
    memp_memory_TCP_PCB_LISTEN_base          0x200035d6   Data          59  memp.o(.bss)
    memp_memory_TCP_SEG_base                 0x20003611   Data        1923  memp.o(.bss)
    memp_memory_REASSDATA_base               0x20003d94   Data         163  memp.o(.bss)
    memp_memory_FRAG_PBUF_base               0x20003e37   Data         363  memp.o(.bss)
    memp_memory_NETBUF_base                  0x20003fa2   Data          35  memp.o(.bss)
    memp_memory_NETCONN_base                 0x20003fc5   Data         147  memp.o(.bss)
    memp_memory_TCPIP_MSG_API_base           0x20004058   Data         131  memp.o(.bss)
    memp_memory_TCPIP_MSG_INPKT_base         0x200040db   Data         131  memp.o(.bss)
    memp_memory_SYS_TIMEOUT_base             0x2000415e   Data          99  memp.o(.bss)
    memp_memory_PBUF_base                    0x200041c1   Data         243  memp.o(.bss)
    memp_memory_PBUF_POOL_base               0x200042b4   Data       30643  memp.o(.bss)
    gnetif                                   0x2000bb88   Data          48  sys_arch.o(.bss)
    xQueueRegistry                           0x2000bbb8   Data          80  queue.o(.bss)
    DMARxDscrTab                             0x20018714   Data         160  stm32f4x7_eth.o(.bss)
    DMATxDscrTab                             0x200187b4   Data         160  stm32f4x7_eth.o(.bss)
    Rx_Buff                                  0x20018854   Data        7620  stm32f4x7_eth.o(.bss)
    Tx_Buff                                  0x2001a618   Data        7620  stm32f4x7_eth.o(.bss)
    RX_Frame_Descriptor                      0x2001c3dc   Data          12  stm32f4x7_eth.o(.bss)
    __initial_sp                             0x2001c7e8   Data           0  startup_stm32f40_41xxx.o(STACK)



==============================================================================

Memory Map of the image

  Image Entry point : 0x08010189

  Load Region LR_IROM1 (Base: 0x08010000, Size: 0x00014a54, Max: 0x00100000, ABSOLUTE, COMPRESSED[0x0000c7cc])

    Execution Region ER_IROM1 (Exec base: 0x08010000, Load base: 0x08010000, Size: 0x0000c6a4, Max: 0x00100000, ABSOLUTE)

    Exec Addr    Load Addr    Size         Type   Attr      Idx    E Section Name        Object

    0x08010000   0x08010000   0x00000188   Data   RO         5031    RESET               startup_stm32f40_41xxx.o
    0x08010188   0x08010188   0x00000000   Code   RO        10320  * .ARM.Collect$$$$00000000  mc_w.l(entry.o)
    0x08010188   0x08010188   0x00000004   Code   RO        10633    .ARM.Collect$$$$00000001  mc_w.l(entry2.o)
    0x0801018c   0x0801018c   0x00000004   Code   RO        10636    .ARM.Collect$$$$00000004  mc_w.l(entry5.o)
    0x08010190   0x08010190   0x00000000   Code   RO        10638    .ARM.Collect$$$$00000008  mc_w.l(entry7b.o)
    0x08010190   0x08010190   0x00000000   Code   RO        10640    .ARM.Collect$$$$0000000A  mc_w.l(entry8b.o)
    0x08010190   0x08010190   0x00000008   Code   RO        10641    .ARM.Collect$$$$0000000B  mc_w.l(entry9a.o)
    0x08010198   0x08010198   0x00000000   Code   RO        10643    .ARM.Collect$$$$0000000D  mc_w.l(entry10a.o)
    0x08010198   0x08010198   0x00000000   Code   RO        10645    .ARM.Collect$$$$0000000F  mc_w.l(entry11a.o)
    0x08010198   0x08010198   0x00000004   Code   RO        10634    .ARM.Collect$$$$00002712  mc_w.l(entry2.o)
    0x0801019c   0x0801019c   0x000000b6   Code   RO         4952    .emb_text           port.o
    0x08010252   0x08010252   0x00000002   PAD
    0x08010254   0x08010254   0x00000024   Code   RO         5032    .text               startup_stm32f40_41xxx.o
    0x08010278   0x08010278   0x00000040   Code   RO        10353    .text               mc_w.l(memmovea.o)
    0x080102b8   0x080102b8   0x00000024   Code   RO        10355    .text               mc_w.l(memseta.o)
    0x080102dc   0x080102dc   0x0000001a   Code   RO        10359    .text               mc_w.l(memcmp.o)
    0x080102f6   0x080102f6   0x00000012   Code   RO        10361    .text               mc_w.l(strcpy.o)
    0x08010308   0x08010308   0x00000038   Code   RO        10631    .text               mf_w.l(d2f.o)
    0x08010340   0x08010340   0x00000000   Code   RO        10663    .text               mc_w.l(iusefp.o)
    0x08010340   0x08010340   0x0000006e   Code   RO        10664    .text               mf_w.l(fepilogue.o)
    0x080103ae   0x080103ae   0x00000002   PAD
    0x080103b0   0x080103b0   0x00000024   Code   RO        10676    .text               mc_w.l(init.o)
    0x080103d4   0x080103d4   0x00000000   Code   RO        10678    .text               mc_w.l(semi.o)
    0x080103d4   0x080103d4   0x00000000   Code   RO        10687    .text               mc_w.l(iusesemip.o)
    0x080103d4   0x080103d4   0x00000056   Code   RO        10700    .text               mc_w.l(__dczerorl2.o)
    0x0801042a   0x0801042a   0x00000002   PAD
    0x0801042c   0x0801042c   0x00000074   Code   RO            3    i.AppTaskCreate     main.o
    0x080104a0   0x080104a0   0x00000002   Code   RO          256    i.BusFault_Handler  stm32f4xx_it.o
    0x080104a2   0x080104a2   0x00000010   Code   RO          822    i.Check_Program     user_updata.o
    0x080104b2   0x080104b2   0x00000026   Code   RO          642    i.Crs               user_ethcommunication.o
    0x080104d8   0x080104d8   0x00000002   Code   RO          257    i.DebugMon_Handler  stm32f4xx_it.o
    0x080104da   0x080104da   0x00000002   PAD
    0x080104dc   0x080104dc   0x00000018   Code   RO          480    i.ETH_BSP_Config    user_lan8720.o
    0x080104f4   0x080104f4   0x0000000c   Code   RO         9793    i.ETH_DMAClearITPendingBit  stm32f4x7_eth.o
    0x08010500   0x08010500   0x00000018   Code   RO         9794    i.ETH_DMAITConfig   stm32f4x7_eth.o
    0x08010518   0x08010518   0x0000001c   Code   RO         9795    i.ETH_DMAReceptionCmd  stm32f4x7_eth.o
    0x08010534   0x08010534   0x00000058   Code   RO         9796    i.ETH_DMARxDescChainInit  stm32f4x7_eth.o
    0x0801058c   0x0801058c   0x00000012   Code   RO         9797    i.ETH_DMARxDescReceiveITConfig  stm32f4x7_eth.o
    0x0801059e   0x0801059e   0x00000002   PAD
    0x080105a0   0x080105a0   0x0000001c   Code   RO         9798    i.ETH_DMATransmissionCmd  stm32f4x7_eth.o
    0x080105bc   0x080105bc   0x00000048   Code   RO         9801    i.ETH_DMATxDescChainInit  stm32f4x7_eth.o
    0x08010604   0x08010604   0x00000018   Code   RO         9807    i.ETH_DeInit        stm32f4x7_eth.o
    0x0801061c   0x0801061c   0x00000012   Code   RO         9808    i.ETH_Delay         stm32f4x7_eth.o
    0x0801062e   0x0801062e   0x00000002   PAD
    0x08010630   0x08010630   0x00000024   Code   RO         9810    i.ETH_FlushTransmitFIFO  stm32f4x7_eth.o
    0x08010654   0x08010654   0x00000110   Code   RO          481    i.ETH_GPIO_Config   user_lan8720.o
    0x08010764   0x08010764   0x00000014   Code   RO         9816    i.ETH_GetDMAFlagStatus  stm32f4x7_eth.o
    0x08010778   0x08010778   0x00000014   Code   RO         9836    i.ETH_GetSoftwareResetStatus  stm32f4x7_eth.o
    0x0801078c   0x0801078c   0x0000008c   Code   RO         9839    i.ETH_Get_Received_Frame_interrupt  stm32f4x7_eth.o
    0x08010818   0x08010818   0x00000048   Code   RO          258    i.ETH_IRQHandler    stm32f4xx_it.o
    0x08010860   0x08010860   0x000002a4   Code   RO         9841    i.ETH_Init          stm32f4x7_eth.o
    0x08010b04   0x08010b04   0x0000001c   Code   RO         9843    i.ETH_MACAddressConfig  stm32f4x7_eth.o
    0x08010b20   0x08010b20   0x00000088   Code   RO          482    i.ETH_MACDMA_Config  user_lan8720.o
    0x08010ba8   0x08010ba8   0x00000030   Code   RO         9848    i.ETH_MACReceptionCmd  stm32f4x7_eth.o
    0x08010bd8   0x08010bd8   0x00000030   Code   RO         9849    i.ETH_MACTransmissionCmd  stm32f4x7_eth.o
    0x08010c08   0x08010c08   0x00000022   Code   RO          483    i.ETH_NVIC_Config   user_lan8720.o
    0x08010c2a   0x08010c2a   0x00000002   PAD
    0x08010c2c   0x08010c2c   0x000000b0   Code   RO         9860    i.ETH_Prepare_Transmit_Descriptors  stm32f4x7_eth.o
    0x08010cdc   0x08010cdc   0x00000058   Code   RO         9861    i.ETH_ReadPHYRegister  stm32f4x7_eth.o
    0x08010d34   0x08010d34   0x00000010   Code   RO         9869    i.ETH_SoftwareReset  stm32f4x7_eth.o
    0x08010d44   0x08010d44   0x00000022   Code   RO         9870    i.ETH_Start         stm32f4x7_eth.o
    0x08010d66   0x08010d66   0x00000088   Code   RO         9872    i.ETH_StructInit    stm32f4x7_eth.o
    0x08010dee   0x08010dee   0x00000002   PAD
    0x08010df0   0x08010df0   0x00000054   Code   RO         9874    i.ETH_WritePHYRegister  stm32f4x7_eth.o
    0x08010e44   0x08010e44   0x0000001e   Code   RO          823    i.Erase_Updata_Program_Area  user_updata.o
    0x08010e62   0x08010e62   0x00000002   PAD
    0x08010e64   0x08010e64   0x00000014   Code   RO          762    i.Error_Handler     user_rcc_config.o
    0x08010e78   0x08010e78   0x00000090   Code   RO          643    i.EthernetInterfaceHandler  user_ethcommunication.o
    0x08010f08   0x08010f08   0x000000c8   Code   RO          644    i.EthernetReceiveFailedString  user_ethcommunication.o
    0x08010fd0   0x08010fd0   0x00000154   Code   RO          645    i.EthernetReceiveSuccessString  user_ethcommunication.o
    0x08011124   0x08011124   0x000000c4   Code   RO          646    i.EthernetReceiveSuccessString_Updata  user_ethcommunication.o
    0x080111e8   0x080111e8   0x0000006c   Code   RO         6389    i.FLASH_EraseSector  stm32f4xx_flash.o
    0x08011254   0x08011254   0x0000003c   Code   RO         6391    i.FLASH_GetStatus   stm32f4xx_flash.o
    0x08011290   0x08011290   0x00000010   Code   RO         6395    i.FLASH_Lock        stm32f4xx_flash.o
    0x080112a0   0x080112a0   0x00000038   Code   RO         6416    i.FLASH_ProgramByte  stm32f4xx_flash.o
    0x080112d8   0x080112d8   0x0000003c   Code   RO         6419    i.FLASH_ProgramWord  stm32f4xx_flash.o
    0x08011314   0x08011314   0x00000024   Code   RO         6421    i.FLASH_Unlock      stm32f4xx_flash.o
    0x08011338   0x08011338   0x0000001e   Code   RO         6422    i.FLASH_WaitForLastOperation  stm32f4xx_flash.o
    0x08011356   0x08011356   0x00000002   PAD
    0x08011358   0x08011358   0x00000050   Code   RO          647    i.GETEDITION        user_ethcommunication.o
    0x080113a8   0x080113a8   0x00000078   Code   RO         6798    i.GPIO_Init         stm32f4xx_gpio.o
    0x08011420   0x08011420   0x00000020   Code   RO         6799    i.GPIO_PinAFConfig  stm32f4xx_gpio.o
    0x08011440   0x08011440   0x00000004   Code   RO         6805    i.GPIO_ResetBits    stm32f4xx_gpio.o
    0x08011444   0x08011444   0x00000004   Code   RO         6806    i.GPIO_SetBits      stm32f4xx_gpio.o
    0x08011448   0x08011448   0x00000008   Code   RO         6808    i.GPIO_ToggleBits   stm32f4xx_gpio.o
    0x08011450   0x08011450   0x000000b4   Code   RO          763    i.GetSystemClockFrequency  user_rcc_config.o
    0x08011504   0x08011504   0x000000b8   Code   RO          764    i.GetSystemClockSource  user_rcc_config.o
    0x080115bc   0x080115bc   0x00000002   Code   RO          259    i.HardFault_Handler  stm32f4xx_it.o
    0x080115be   0x080115be   0x00000002   PAD
    0x080115c0   0x080115c0   0x00000018   Code   RO            4    i.LED1_Task         main.o
    0x080115d8   0x080115d8   0x00000018   Code   RO            5    i.LED2_Task         main.o
    0x080115f0   0x080115f0   0x00000070   Code   RO          405    i.LED_Init          led.o
    0x08011660   0x08011660   0x00000002   Code   RO          260    i.MemManage_Handler  stm32f4xx_it.o
    0x08011662   0x08011662   0x00000002   Code   RO          261    i.NMI_Handler       stm32f4xx_it.o
    0x08011664   0x08011664   0x00000064   Code   RO         5075    i.NVIC_Init         misc.o
    0x080116c8   0x080116c8   0x00000014   Code   RO         5076    i.NVIC_PriorityGroupConfig  misc.o
    0x080116dc   0x080116dc   0x00000014   Code   RO         5077    i.NVIC_SetVectorTable  misc.o
    0x080116f0   0x080116f0   0x0000003c   Code   RO          648    i.ONLINEUPDATE1     user_ethcommunication.o
    0x0801172c   0x0801172c   0x00000064   Code   RO          649    i.ONLINEUPDATE2     user_ethcommunication.o
    0x08011790   0x08011790   0x00000098   Code   RO          650    i.PC_DATAHandler    user_ethcommunication.o
    0x08011828   0x08011828   0x00000074   Code   RO          824    i.Program_Updata_Area  user_updata.o
    0x0801189c   0x0801189c   0x00000018   Code   RO         7662    i.RCC_AHB1PeriphClockCmd  stm32f4xx_rcc.o
    0x080118b4   0x080118b4   0x00000018   Code   RO         7664    i.RCC_AHB1PeriphResetCmd  stm32f4xx_rcc.o
    0x080118cc   0x080118cc   0x00000018   Code   RO         7674    i.RCC_APB2PeriphClockCmd  stm32f4xx_rcc.o
    0x080118e4   0x080118e4   0x00000090   Code   RO         7683    i.RCC_GetClocksFreq  stm32f4xx_rcc.o
    0x08011974   0x08011974   0x00000034   Code   RO         7684    i.RCC_GetFlagStatus  stm32f4xx_rcc.o
    0x080119a8   0x080119a8   0x00000010   Code   RO         7686    i.RCC_GetSYSCLKSource  stm32f4xx_rcc.o
    0x080119b8   0x080119b8   0x00000014   Code   RO         7687    i.RCC_HCLKConfig    stm32f4xx_rcc.o
    0x080119cc   0x080119cc   0x00000010   Code   RO         7688    i.RCC_HSEConfig     stm32f4xx_rcc.o
    0x080119dc   0x080119dc   0x00000014   Code   RO         7698    i.RCC_PCLK1Config   stm32f4xx_rcc.o
    0x080119f0   0x080119f0   0x00000014   Code   RO         7699    i.RCC_PCLK2Config   stm32f4xx_rcc.o
    0x08011a04   0x08011a04   0x0000000c   Code   RO         7700    i.RCC_PLLCmd        stm32f4xx_rcc.o
    0x08011a10   0x08011a10   0x00000028   Code   RO         7701    i.RCC_PLLConfig     stm32f4xx_rcc.o
    0x08011a38   0x08011a38   0x00000014   Code   RO         7712    i.RCC_SYSCLKConfig  stm32f4xx_rcc.o
    0x08011a4c   0x08011a4c   0x0000002c   Code   RO         7714    i.RCC_WaitForHSEStartUp  stm32f4xx_rcc.o
    0x08011a78   0x08011a78   0x00000016   Code   RO          825    i.Reset_Updata_Flag  user_updata.o
    0x08011a8e   0x08011a8e   0x00000004   Code   RO          923    i.SEGGER_RTT_Init   segger_rtt.o
    0x08011a92   0x08011a92   0x00000002   PAD
    0x08011a94   0x08011a94   0x00000038   Code   RO          938    i.SEGGER_RTT_Write  segger_rtt.o
    0x08011acc   0x08011acc   0x0000005c   Code   RO          941    i.SEGGER_RTT_WriteNoLock  segger_rtt.o
    0x08011b28   0x08011b28   0x00000016   Code   RO          879    i.SEGGER_RTT_printf  segger_rtt_printf.o
    0x08011b3e   0x08011b3e   0x00000002   PAD
    0x08011b40   0x08011b40   0x00000224   Code   RO          880    i.SEGGER_RTT_vprintf  segger_rtt_printf.o
    0x08011d64   0x08011d64   0x0000000c   Code   RO         8939    i.SYSCFG_ETH_MediaInterfaceConfig  stm32f4xx_syscfg.o
    0x08011d70   0x08011d70   0x0000005c   Code   RO          651    i.SendUpData        user_ethcommunication.o
    0x08011dcc   0x08011dcc   0x0000007c   Code   RO          765    i.SetClock_HSE      user_rcc_config.o
    0x08011e48   0x08011e48   0x000000b4   Code   RO         5038    i.SetSysClock       system_stm32f4xx.o
    0x08011efc   0x08011efc   0x0000001c   Code   RO          826    i.Set_Updata_Flag   user_updata.o
    0x08011f18   0x08011f18   0x0000002c   Code   RO         4953    i.SysTick_Handler   port.o
    0x08011f44   0x08011f44   0x0000001e   Code   RO          766    i.SystemClock_Config  user_rcc_config.o
    0x08011f62   0x08011f62   0x00000002   PAD
    0x08011f64   0x08011f64   0x0000005c   Code   RO         5040    i.SystemInit        system_stm32f4xx.o
    0x08011fc0   0x08011fc0   0x00000028   Code   RO          827    i.System_Reset      user_updata.o
    0x08011fe8   0x08011fe8   0x00000070   Code   RO         3798    i.TCPIP_Init        sys_arch.o
    0x08012058   0x08012058   0x00000038   Code   RO          537    i.TCP_Server_Init   user_tcp_server.o
    0x08012090   0x08012090   0x00000090   Code   RO          538    i.TCP_Server_Thread  user_tcp_server.o
    0x08012120   0x08012120   0x00000002   Code   RO          262    i.UsageFault_Handler  stm32f4xx_it.o
    0x08012122   0x08012122   0x00000002   PAD
    0x08012124   0x08012124   0x00000068   Code   RO          945    i._DoInit           segger_rtt.o
    0x0801218c   0x0801218c   0x00000016   Code   RO          946    i._GetAvailWriteSpace  segger_rtt.o
    0x080121a2   0x080121a2   0x000000c4   Code   RO          881    i._PrintInt         segger_rtt_printf.o
    0x08012266   0x08012266   0x00000002   PAD
    0x08012268   0x08012268   0x000000cc   Code   RO          882    i._PrintUnsigned    segger_rtt_printf.o
    0x08012334   0x08012334   0x0000003e   Code   RO          883    i._StoreChar        segger_rtt_printf.o
    0x08012372   0x08012372   0x0000005a   Code   RO          948    i._WriteBlocking    segger_rtt.o
    0x080123cc   0x080123cc   0x00000042   Code   RO          949    i._WriteNoCheck     segger_rtt.o
    0x0801240e   0x0801240e   0x00000002   PAD
    0x08012410   0x08012410   0x00000010   Code   RO        10370    i.__0printf$bare    mc_w.l(printfb.o)
    0x08012420   0x08012420   0x0000000e   Code   RO        10694    i.__scatterload_copy  mc_w.l(handlers.o)
    0x0801242e   0x0801242e   0x00000002   Code   RO        10695    i.__scatterload_null  mc_w.l(handlers.o)
    0x08012430   0x08012430   0x0000000e   Code   RO        10696    i.__scatterload_zeroinit  mc_w.l(handlers.o)
    0x0801243e   0x0801243e   0x00000022   Code   RO        10377    i._printf_core      mc_w.l(printfb.o)
    0x08012460   0x08012460   0x00000114   Code   RO         1365    i.accept_function   api_msg.o
    0x08012574   0x08012574   0x00000048   Code   RO         2168    i.do_memp_free_pool  memp.o
    0x080125bc   0x080125bc   0x00000058   Code   RO         2169    i.do_memp_malloc_pool  memp.o
    0x08012614   0x08012614   0x0000014c   Code   RO         1366    i.err_tcp           api_msg.o
    0x08012760   0x08012760   0x0000002c   Code   RO         3398    i.etharp_cleanup_netif  etharp.o
    0x0801278c   0x0801278c   0x000001d4   Code   RO         3400    i.etharp_find_entry  etharp.o
    0x08012960   0x08012960   0x00000024   Code   RO         3401    i.etharp_free_entry  etharp.o
    0x08012984   0x08012984   0x000000a0   Code   RO         3403    i.etharp_input      etharp.o
    0x08012a24   0x08012a24   0x00000138   Code   RO         3404    i.etharp_output     etharp.o
    0x08012b5c   0x08012b5c   0x000000a8   Code   RO         3405    i.etharp_output_to_arp_index  etharp.o
    0x08012c04   0x08012c04   0x00000170   Code   RO         3406    i.etharp_query      etharp.o
    0x08012d74   0x08012d74   0x000000fc   Code   RO         3407    i.etharp_raw        etharp.o
    0x08012e70   0x08012e70   0x0000000c   Code   RO         3408    i.etharp_request    etharp.o
    0x08012e7c   0x08012e7c   0x00000020   Code   RO         3409    i.etharp_request_dst  etharp.o
    0x08012e9c   0x08012e9c   0x0000005c   Code   RO         3410    i.etharp_tmr        etharp.o
    0x08012ef8   0x08012ef8   0x000000b4   Code   RO         3411    i.etharp_update_arp_entry  etharp.o
    0x08012fac   0x08012fac   0x000000a4   Code   RO         4034    i.ethernet_input    ethernet.o
    0x08013050   0x08013050   0x00000090   Code   RO         4035    i.ethernet_output   ethernet.o
    0x080130e0   0x080130e0   0x00000044   Code   RO         3751    i.ethernetif_init   ethernetif.o
    0x08013124   0x08013124   0x00000034   Code   RO         3752    i.ethernetif_input  ethernetif.o
    0x08013158   0x08013158   0x00000012   Code   RO        10647    i.fputc             mc_w.l(fputc.o)
    0x0801316a   0x0801316a   0x00000008   Code   RO         3500    i.icmp_dest_unreach  icmp.o
    0x08013172   0x08013172   0x00000002   PAD
    0x08013174   0x08013174   0x000001a4   Code   RO         3501    i.icmp_input        icmp.o
    0x08013318   0x08013318   0x000000b4   Code   RO         3502    i.icmp_send_response  icmp.o
    0x080133cc   0x080133cc   0x00000008   Code   RO         3503    i.icmp_time_exceeded  icmp.o
    0x080133d4   0x080133d4   0x0000000c   Code   RO         1948    i.inet_chksum       inet_chksum.o
    0x080133e0   0x080133e0   0x0000004a   Code   RO         1949    i.inet_chksum_pbuf  inet_chksum.o
    0x0801342a   0x0801342a   0x00000028   Code   RO         1950    i.inet_chksum_pseudo  inet_chksum.o
    0x08013452   0x08013452   0x0000006e   Code   RO         1952    i.inet_cksum_pseudo_base  inet_chksum.o
    0x080134c0   0x080134c0   0x0000002e   Code   RO         3615    i.ip4_addr_isbroadcast_u32  ip4_addr.o
    0x080134ee   0x080134ee   0x00000002   PAD
    0x080134f0   0x080134f0   0x000001f4   Code   RO         3680    i.ip4_frag          ip4_frag.o
    0x080136e4   0x080136e4   0x00000174   Code   RO         3554    i.ip4_input         ip4.o
    0x08013858   0x08013858   0x0000002c   Code   RO         3555    i.ip4_input_accept  ip4.o
    0x08013884   0x08013884   0x0000001e   Code   RO         3557    i.ip4_output_if     ip4.o
    0x080138a2   0x080138a2   0x00000002   PAD
    0x080138a4   0x080138a4   0x00000140   Code   RO         3558    i.ip4_output_if_src  ip4.o
    0x080139e4   0x080139e4   0x00000230   Code   RO         3681    i.ip4_reass         ip4_frag.o
    0x08013c14   0x08013c14   0x00000060   Code   RO         3559    i.ip4_route         ip4.o
    0x08013c74   0x08013c74   0x0000000c   Code   RO         1954    i.ip_chksum_pseudo  inet_chksum.o
    0x08013c80   0x08013c80   0x00000024   Code   RO         3682    i.ip_frag_free_pbuf_custom_ref  ip4_frag.o
    0x08013ca4   0x08013ca4   0x000001b4   Code   RO         3683    i.ip_reass_chain_frag_into_datagram_and_validate  ip4_frag.o
    0x08013e58   0x08013e58   0x0000004c   Code   RO         3684    i.ip_reass_dequeue_datagram  ip4_frag.o
    0x08013ea4   0x08013ea4   0x00000114   Code   RO         3685    i.ip_reass_free_complete_datagram  ip4_frag.o
    0x08013fb8   0x08013fb8   0x00000084   Code   RO         3686    i.ip_reass_remove_oldest_datagram  ip4_frag.o
    0x0801403c   0x0801403c   0x0000002c   Code   RO         3687    i.ip_reass_tmr      ip4_frag.o
    0x08014068   0x08014068   0x0000002c   Code   RO         3688    i.ipfrag_free_pbuf_custom  ip4_frag.o
    0x08014094   0x08014094   0x000000cc   Code   RO         3753    i.low_level_init    ethernetif.o
    0x08014160   0x08014160   0x000000b8   Code   RO         3754    i.low_level_input   ethernetif.o
    0x08014218   0x08014218   0x000000ec   Code   RO         3755    i.low_level_output  ethernetif.o
    0x08014304   0x08014304   0x0000003c   Code   RO         3268    i.lwip_cyclic_timer  timeouts.o
    0x08014340   0x08014340   0x00000004   Code   RO         1884    i.lwip_htonl        def.o
    0x08014344   0x08014344   0x00000004   Code   RO         1885    i.lwip_htons        def.o
    0x08014348   0x08014348   0x0000001e   Code   RO         2017    i.lwip_init         init.o
    0x08014366   0x08014366   0x00000026   Code   RO         1367    i.lwip_netconn_do_bind  api_msg.o
    0x0801438c   0x0801438c   0x000000c4   Code   RO         1369    i.lwip_netconn_do_close  api_msg.o
    0x08014450   0x08014450   0x00000238   Code   RO         1370    i.lwip_netconn_do_close_internal  api_msg.o
    0x08014688   0x08014688   0x00000108   Code   RO         1373    i.lwip_netconn_do_delconn  api_msg.o
    0x08014790   0x08014790   0x000000bc   Code   RO         1376    i.lwip_netconn_do_listen  api_msg.o
    0x0801484c   0x0801484c   0x00000040   Code   RO         1377    i.lwip_netconn_do_newconn  api_msg.o
    0x0801488c   0x0801488c   0x00000044   Code   RO         1378    i.lwip_netconn_do_recv  api_msg.o
    0x080148d0   0x080148d0   0x000000cc   Code   RO         1380    i.lwip_netconn_do_write  api_msg.o
    0x0801499c   0x0801499c   0x000002f0   Code   RO         1381    i.lwip_netconn_do_writemore  api_msg.o
    0x08014c8c   0x08014c8c   0x00000044   Code   RO         1382    i.lwip_netconn_err_to_msg  api_msg.o
    0x08014cd0   0x08014cd0   0x00000048   Code   RO         1383    i.lwip_netconn_is_err_msg  api_msg.o
    0x08014d18   0x08014d18   0x00000056   Code   RO         1956    i.lwip_standard_chksum  inet_chksum.o
    0x08014d6e   0x08014d6e   0x00000002   PAD
    0x08014d70   0x08014d70   0x00000060   Code   RO            6    i.main              main.o
    0x08014dd0   0x08014dd0   0x00000158   Code   RO         2106    i.mem_free          mem.o
    0x08014f28   0x08014f28   0x00000068   Code   RO         2107    i.mem_init          mem.o
    0x08014f90   0x08014f90   0x000001d0   Code   RO         2108    i.mem_malloc        mem.o
    0x08015160   0x08015160   0x00000010   Code   RO         2109    i.mem_to_ptr        mem.o
    0x08015170   0x08015170   0x0000016c   Code   RO         2110    i.mem_trim          mem.o
    0x080152dc   0x080152dc   0x0000003c   Code   RO         2170    i.memp_free         memp.o
    0x08015318   0x08015318   0x0000001c   Code   RO         2172    i.memp_init         memp.o
    0x08015334   0x08015334   0x0000002a   Code   RO         2173    i.memp_init_pool    memp.o
    0x0801535e   0x0801535e   0x00000002   PAD
    0x08015360   0x08015360   0x00000044   Code   RO         2174    i.memp_malloc       memp.o
    0x080153a4   0x080153a4   0x00000022   Code   RO         1606    i.netbuf_delete     netbuf.o
    0x080153c6   0x080153c6   0x00000002   PAD
    0x080153c8   0x080153c8   0x000000d0   Code   RO         1144    i.netconn_accept    api_lib.o
    0x08015498   0x08015498   0x00000094   Code   RO         1384    i.netconn_alloc     api_msg.o
    0x0801552c   0x0801552c   0x00000016   Code   RO         1145    i.netconn_apimsg    api_lib.o
    0x08015542   0x08015542   0x00000002   PAD
    0x08015544   0x08015544   0x00000050   Code   RO         1146    i.netconn_bind      api_lib.o
    0x08015594   0x08015594   0x00000006   Code   RO         1148    i.netconn_close     api_lib.o
    0x0801559a   0x0801559a   0x00000002   PAD
    0x0801559c   0x0801559c   0x0000004c   Code   RO         1149    i.netconn_close_shutdown  api_lib.o
    0x080155e8   0x080155e8   0x0000001e   Code   RO         1151    i.netconn_delete    api_lib.o
    0x08015606   0x08015606   0x0000009c   Code   RO         1385    i.netconn_drain     api_msg.o
    0x080156a2   0x080156a2   0x0000001e   Code   RO         1153    i.netconn_err       api_lib.o
    0x080156c0   0x080156c0   0x000000f4   Code   RO         1386    i.netconn_free      api_msg.o
    0x080157b4   0x080157b4   0x00000044   Code   RO         1155    i.netconn_listen_with_backlog  api_lib.o
    0x080157f8   0x080157f8   0x00000100   Code   RO         1156    i.netconn_new_with_proto_and_callback  api_lib.o
    0x080158f8   0x080158f8   0x00000020   Code   RO         1157    i.netconn_prepare_delete  api_lib.o
    0x08015918   0x08015918   0x000000b0   Code   RO         1158    i.netconn_recv      api_lib.o
    0x080159c8   0x080159c8   0x000000f0   Code   RO         1159    i.netconn_recv_data  api_lib.o
    0x08015ab8   0x08015ab8   0x00000092   Code   RO         1160    i.netconn_recv_data_tcp  api_lib.o
    0x08015b4a   0x08015b4a   0x00000002   PAD
    0x08015b4c   0x08015b4c   0x00000054   Code   RO         1169    i.netconn_tcp_recvd_msg  api_lib.o
    0x08015ba0   0x08015ba0   0x00000014   Code   RO         1170    i.netconn_write_partly  api_lib.o
    0x08015bb4   0x08015bb4   0x00000118   Code   RO         1171    i.netconn_write_vectors_partly  api_lib.o
    0x08015ccc   0x08015ccc   0x00000158   Code   RO         2304    i.netif_add         netif.o
    0x08015e24   0x08015e24   0x00000004   Code   RO         2306    i.netif_do_ip_addr_changed  netif.o
    0x08015e28   0x08015e28   0x00000016   Code   RO         2307    i.netif_do_set_gw   netif.o
    0x08015e3e   0x08015e3e   0x00000002   PAD
    0x08015e40   0x08015e40   0x00000058   Code   RO         2308    i.netif_do_set_ipaddr  netif.o
    0x08015e98   0x08015e98   0x00000016   Code   RO         2309    i.netif_do_set_netmask  netif.o
    0x08015eae   0x08015eae   0x00000002   PAD
    0x08015eb0   0x08015eb0   0x00000024   Code   RO         2311    i.netif_get_by_index  netif.o
    0x08015ed4   0x08015ed4   0x00000002   Code   RO         2313    i.netif_init        netif.o
    0x08015ed6   0x08015ed6   0x00000002   PAD
    0x08015ed8   0x08015ed8   0x0000005c   Code   RO         2315    i.netif_issue_reports  netif.o
    0x08015f34   0x08015f34   0x00000006   Code   RO         2317    i.netif_null_output_ip4  netif.o
    0x08015f3a   0x08015f3a   0x00000002   PAD
    0x08015f3c   0x08015f3c   0x00000060   Code   RO         2319    i.netif_set_addr    netif.o
    0x08015f9c   0x08015f9c   0x0000000c   Code   RO         2320    i.netif_set_default  netif.o
    0x08015fa8   0x08015fa8   0x00000044   Code   RO         2321    i.netif_set_down    netif.o
    0x08015fec   0x08015fec   0x0000003c   Code   RO         2327    i.netif_set_up      netif.o
    0x08016028   0x08016028   0x00000006   Code   RO         2475    i.pbuf_add_header   pbuf.o
    0x0801602e   0x0801602e   0x00000002   PAD
    0x08016030   0x08016030   0x00000060   Code   RO         2477    i.pbuf_add_header_impl  pbuf.o
    0x08016090   0x08016090   0x000001b8   Code   RO         2478    i.pbuf_alloc        pbuf.o
    0x08016248   0x08016248   0x00000050   Code   RO         2479    i.pbuf_alloc_reference  pbuf.o
    0x08016298   0x08016298   0x00000038   Code   RO         2480    i.pbuf_alloced_custom  pbuf.o
    0x080162d0   0x080162d0   0x000000c0   Code   RO         2481    i.pbuf_cat          pbuf.o
    0x08016390   0x08016390   0x00000012   Code   RO         2483    i.pbuf_clen         pbuf.o
    0x080163a2   0x080163a2   0x00000002   PAD
    0x080163a4   0x080163a4   0x0000003c   Code   RO         2484    i.pbuf_clone        pbuf.o
    0x080163e0   0x080163e0   0x00000158   Code   RO         2486    i.pbuf_copy         pbuf.o
    0x08016538   0x08016538   0x000000b4   Code   RO         2487    i.pbuf_copy_partial  pbuf.o
    0x080165ec   0x080165ec   0x000000e8   Code   RO         2489    i.pbuf_free         pbuf.o
    0x080166d4   0x080166d4   0x00000006   Code   RO         2494    i.pbuf_header_force  pbuf.o
    0x080166da   0x080166da   0x0000000e   Code   RO         2495    i.pbuf_header_impl  pbuf.o
    0x080166e8   0x080166e8   0x0000001c   Code   RO         2496    i.pbuf_init_alloced_pbuf  pbuf.o
    0x08016704   0x08016704   0x000000bc   Code   RO         2500    i.pbuf_realloc      pbuf.o
    0x080167c0   0x080167c0   0x0000003c   Code   RO         2501    i.pbuf_ref          pbuf.o
    0x080167fc   0x080167fc   0x00000068   Code   RO         2502    i.pbuf_remove_header  pbuf.o
    0x08016864   0x08016864   0x00000128   Code   RO         2111    i.plug_holes        mem.o
    0x0801698c   0x0801698c   0x0000007c   Code   RO         1387    i.poll_tcp          api_msg.o
    0x08016a08   0x08016a08   0x00000070   Code   RO         4485    i.prvAddCurrentTaskToDelayedList  tasks.o
    0x08016a78   0x08016a78   0x000000d0   Code   RO         4486    i.prvAddNewTaskToReadyList  tasks.o
    0x08016b48   0x08016b48   0x00000050   Code   RO         4784    i.prvCheckForValidListAndQueue  timers.o
    0x08016b98   0x08016b98   0x00000054   Code   RO         4487    i.prvCheckTasksWaitingTermination  tasks.o
    0x08016bec   0x08016bec   0x00000026   Code   RO         4315    i.prvCopyDataFromQueue  queue.o
    0x08016c12   0x08016c12   0x0000006c   Code   RO         4316    i.prvCopyDataToQueue  queue.o
    0x08016c7e   0x08016c7e   0x00000014   Code   RO         4488    i.prvDeleteTCB      tasks.o
    0x08016c92   0x08016c92   0x00000002   PAD
    0x08016c94   0x08016c94   0x0000004c   Code   RO         4895    i.prvHeapInit       heap_4.o
    0x08016ce0   0x08016ce0   0x00000028   Code   RO         4489    i.prvIdleTask       tasks.o
    0x08016d08   0x08016d08   0x00000078   Code   RO         4490    i.prvInitialiseNewTask  tasks.o
    0x08016d80   0x08016d80   0x0000004c   Code   RO         4896    i.prvInsertBlockIntoFreeList  heap_4.o
    0x08016dcc   0x08016dcc   0x00000038   Code   RO         4785    i.prvInsertTimerInActiveList  timers.o
    0x08016e04   0x08016e04   0x0000001a   Code   RO         4317    i.prvIsQueueEmpty   queue.o
    0x08016e1e   0x08016e1e   0x00000002   PAD
    0x08016e20   0x08016e20   0x00000098   Code   RO         4786    i.prvProcessReceivedCommands  timers.o
    0x08016eb8   0x08016eb8   0x000000a4   Code   RO         4787    i.prvProcessTimerOrBlockTask  timers.o
    0x08016f5c   0x08016f5c   0x00000020   Code   RO         4491    i.prvResetNextTaskUnblockTime  tasks.o
    0x08016f7c   0x08016f7c   0x00000028   Code   RO         4788    i.prvSampleTimeNow  timers.o
    0x08016fa4   0x08016fa4   0x00000058   Code   RO         4789    i.prvSwitchTimerLists  timers.o
    0x08016ffc   0x08016ffc   0x00000010   Code   RO         4954    i.prvTaskExitError  port.o
    0x0801700c   0x0801700c   0x00000028   Code   RO         4790    i.prvTimerTask      timers.o
    0x08017034   0x08017034   0x0000006a   Code   RO         4318    i.prvUnlockQueue    queue.o
    0x0801709e   0x0801709e   0x00000002   PAD
    0x080170a0   0x080170a0   0x0000000c   Code   RO         2112    i.ptr_to_mem        mem.o
    0x080170ac   0x080170ac   0x00000098   Code   RO         4897    i.pvPortMalloc      heap_4.o
    0x08017144   0x08017144   0x00000018   Code   RO         4493    i.pvTaskIncrementMutexHeldCount  tasks.o
    0x0801715c   0x0801715c   0x0000002c   Code   RO         4955    i.pxPortInitialiseStack  port.o
    0x08017188   0x08017188   0x00000104   Code   RO         1388    i.recv_tcp          api_msg.o
    0x0801728c   0x0801728c   0x00000070   Code   RO         1389    i.sent_tcp          api_msg.o
    0x080172fc   0x080172fc   0x00000044   Code   RO         1390    i.setup_tcp         api_msg.o
    0x08017340   0x08017340   0x00000042   Code   RO         3799    i.sys_arch_mbox_fetch  sys_arch.o
    0x08017382   0x08017382   0x0000001e   Code   RO         3800    i.sys_arch_mbox_tryfetch  sys_arch.o
    0x080173a0   0x080173a0   0x0000000a   Code   RO         3801    i.sys_arch_protect  sys_arch.o
    0x080173aa   0x080173aa   0x0000003a   Code   RO         3802    i.sys_arch_sem_wait  sys_arch.o
    0x080173e4   0x080173e4   0x00000004   Code   RO         3804    i.sys_arch_unprotect  sys_arch.o
    0x080173e8   0x080173e8   0x00000040   Code   RO         3269    i.sys_check_timeouts  timeouts.o
    0x08017428   0x08017428   0x00000024   Code   RO         3805    i.sys_init          sys_arch.o
    0x0801744c   0x0801744c   0x00000014   Code   RO         3807    i.sys_mbox_free     sys_arch.o
    0x08017460   0x08017460   0x0000001e   Code   RO         3808    i.sys_mbox_new      sys_arch.o
    0x0801747e   0x0801747e   0x00000006   Code   RO         3810    i.sys_mbox_set_invalid  sys_arch.o
    0x08017484   0x08017484   0x0000001c   Code   RO         3811    i.sys_mbox_trypost  sys_arch.o
    0x080174a0   0x080174a0   0x0000000a   Code   RO         3813    i.sys_mbox_valid    sys_arch.o
    0x080174aa   0x080174aa   0x0000000c   Code   RO         3815    i.sys_mutex_lock    sys_arch.o
    0x080174b6   0x080174b6   0x00000018   Code   RO         3816    i.sys_mutex_new     sys_arch.o
    0x080174ce   0x080174ce   0x0000000c   Code   RO         3818    i.sys_mutex_unlock  sys_arch.o
    0x080174da   0x080174da   0x00000002   PAD
    0x080174dc   0x080174dc   0x00000010   Code   RO         3819    i.sys_now           sys_arch.o
    0x080174ec   0x080174ec   0x00000010   Code   RO         3820    i.sys_sem_free      sys_arch.o
    0x080174fc   0x080174fc   0x00000036   Code   RO         3821    i.sys_sem_new       sys_arch.o
    0x08017532   0x08017532   0x00000006   Code   RO         3822    i.sys_sem_set_invalid  sys_arch.o
    0x08017538   0x08017538   0x0000000c   Code   RO         3823    i.sys_sem_signal    sys_arch.o
    0x08017544   0x08017544   0x0000000a   Code   RO         3824    i.sys_sem_valid     sys_arch.o
    0x0801754e   0x0801754e   0x0000002c   Code   RO         3825    i.sys_thread_new    sys_arch.o
    0x0801757a   0x0801757a   0x00000002   PAD
    0x0801757c   0x0801757c   0x00000060   Code   RO         3271    i.sys_timeout       timeouts.o
    0x080175dc   0x080175dc   0x00000098   Code   RO         3272    i.sys_timeout_abs   timeouts.o
    0x08017674   0x08017674   0x00000024   Code   RO         3273    i.sys_timeouts_init  timeouts.o
    0x08017698   0x08017698   0x00000028   Code   RO         3274    i.sys_timeouts_sleeptime  timeouts.o
    0x080176c0   0x080176c0   0x0000013c   Code   RO         2739    i.tcp_abandon       tcp.o
    0x080177fc   0x080177fc   0x00000006   Code   RO         2740    i.tcp_abort         tcp.o
    0x08017802   0x08017802   0x0000000e   Code   RO         2741    i.tcp_accept        tcp.o
    0x08017810   0x08017810   0x00000038   Code   RO         2742    i.tcp_accept_null   tcp.o
    0x08017848   0x08017848   0x00000130   Code   RO         2743    i.tcp_alloc         tcp.o
    0x08017978   0x08017978   0x00000008   Code   RO         2744    i.tcp_arg           tcp.o
    0x08017980   0x08017980   0x000000dc   Code   RO         2745    i.tcp_bind          tcp.o
    0x08017a5c   0x08017a5c   0x00000040   Code   RO         2747    i.tcp_close         tcp.o
    0x08017a9c   0x08017a9c   0x00000168   Code   RO         2748    i.tcp_close_shutdown  tcp.o
    0x08017c04   0x08017c04   0x00000064   Code   RO         2749    i.tcp_close_shutdown_fin  tcp.o
    0x08017c68   0x08017c68   0x00000110   Code   RO         3112    i.tcp_create_segment  tcp_out.o
    0x08017d78   0x08017d78   0x00000054   Code   RO         2752    i.tcp_eff_send_mss_netif  tcp.o
    0x08017dcc   0x08017dcc   0x000001a4   Code   RO         3113    i.tcp_enqueue_flags  tcp_out.o
    0x08017f70   0x08017f70   0x00000044   Code   RO         2753    i.tcp_err           tcp.o
    0x08017fb4   0x08017fb4   0x0000006c   Code   RO         2754    i.tcp_fasttmr       tcp.o
    0x08018020   0x08018020   0x00000030   Code   RO         2755    i.tcp_free          tcp.o
    0x08018050   0x08018050   0x000000d4   Code   RO         3032    i.tcp_free_acked_segments  tcp_in.o
    0x08018124   0x08018124   0x00000028   Code   RO         3033    i.tcp_get_next_optbyte  tcp_in.o
    0x0801814c   0x0801814c   0x00000002   Code   RO         2756    i.tcp_init          tcp.o
    0x0801814e   0x0801814e   0x00000002   PAD
    0x08018150   0x08018150   0x0000059e   Code   RO         3034    i.tcp_input         tcp_in.o
    0x080186ee   0x080186ee   0x00000002   PAD
    0x080186f0   0x080186f0   0x00000070   Code   RO         3035    i.tcp_input_delayed_close  tcp_in.o
    0x08018760   0x08018760   0x00000068   Code   RO         3114    i.tcp_keepalive     tcp_out.o
    0x080187c8   0x080187c8   0x0000005c   Code   RO         2757    i.tcp_kill_state    tcp.o
    0x08018824   0x08018824   0x0000009c   Code   RO         2758    i.tcp_listen_closed  tcp.o
    0x080188c0   0x080188c0   0x00000130   Code   RO         3036    i.tcp_listen_input  tcp_in.o
    0x080189f0   0x080189f0   0x00000114   Code   RO         2760    i.tcp_listen_with_backlog_and_err  tcp.o
    0x08018b04   0x08018b04   0x0000004c   Code   RO         2761    i.tcp_netif_ip_addr_changed  tcp.o
    0x08018b50   0x08018b50   0x00000060   Code   RO         2762    i.tcp_netif_ip_addr_changed_pcblist  tcp.o
    0x08018bb0   0x08018bb0   0x00000006   Code   RO         2764    i.tcp_new_ip_type   tcp.o
    0x08018bb6   0x08018bb6   0x00000002   PAD
    0x08018bb8   0x08018bb8   0x0000005c   Code   RO         2765    i.tcp_new_port      tcp.o
    0x08018c14   0x08018c14   0x00000038   Code   RO         2766    i.tcp_next_iss      tcp.o
    0x08018c4c   0x08018c4c   0x00000270   Code   RO         3115    i.tcp_output        tcp_out.o
    0x08018ebc   0x08018ebc   0x00000068   Code   RO         3116    i.tcp_output_alloc_header  tcp_out.o
    0x08018f24   0x08018f24   0x000000ac   Code   RO         3117    i.tcp_output_alloc_header_common  tcp_out.o
    0x08018fd0   0x08018fd0   0x00000094   Code   RO         3118    i.tcp_output_control_segment  tcp_out.o
    0x08019064   0x08019064   0x0000006c   Code   RO         3119    i.tcp_output_fill_options  tcp_out.o
    0x080190d0   0x080190d0   0x00000170   Code   RO         3120    i.tcp_output_segment  tcp_out.o
    0x08019240   0x08019240   0x00000044   Code   RO         3121    i.tcp_output_segment_busy  tcp_out.o
    0x08019284   0x08019284   0x00000098   Code   RO         3037    i.tcp_parseopt      tcp_in.o
    0x0801931c   0x0801931c   0x000000dc   Code   RO         3122    i.tcp_pbuf_prealloc  tcp_out.o
    0x080193f8   0x080193f8   0x00000064   Code   RO         2767    i.tcp_pcb_purge     tcp.o
    0x0801945c   0x0801945c   0x000000ec   Code   RO         2768    i.tcp_pcb_remove    tcp.o
    0x08019548   0x08019548   0x00000064   Code   RO         2769    i.tcp_poll          tcp.o
    0x080195ac   0x080195ac   0x0000044c   Code   RO         3038    i.tcp_process       tcp_in.o
    0x080199f8   0x080199f8   0x000000a4   Code   RO         2770    i.tcp_process_refused_data  tcp.o
    0x08019a9c   0x08019a9c   0x000004e0   Code   RO         3039    i.tcp_receive       tcp_in.o
    0x08019f7c   0x08019f7c   0x00000044   Code   RO         2771    i.tcp_recv          tcp.o
    0x08019fc0   0x08019fc0   0x00000050   Code   RO         2772    i.tcp_recv_null     tcp.o
    0x0801a010   0x0801a010   0x00000098   Code   RO         2773    i.tcp_recved        tcp.o
    0x0801a0a8   0x0801a0a8   0x00000088   Code   RO         3123    i.tcp_rexmit        tcp_out.o
    0x0801a130   0x0801a130   0x00000084   Code   RO         3124    i.tcp_rexmit_fast   tcp_out.o
    0x0801a1b4   0x0801a1b4   0x00000040   Code   RO         3125    i.tcp_rexmit_rto    tcp_out.o
    0x0801a1f4   0x0801a1f4   0x00000048   Code   RO         3126    i.tcp_rexmit_rto_commit  tcp_out.o
    0x0801a23c   0x0801a23c   0x00000094   Code   RO         3127    i.tcp_rexmit_rto_prepare  tcp_out.o
    0x0801a2d0   0x0801a2d0   0x00000010   Code   RO         3128    i.tcp_route         tcp_out.o
    0x0801a2e0   0x0801a2e0   0x000000a8   Code   RO         3129    i.tcp_rst           tcp_out.o
    0x0801a388   0x0801a388   0x0000001c   Code   RO         2774    i.tcp_seg_free      tcp.o
    0x0801a3a4   0x0801a3a4   0x00000012   Code   RO         2775    i.tcp_segs_free     tcp.o
    0x0801a3b6   0x0801a3b6   0x00000002   PAD
    0x0801a3b8   0x0801a3b8   0x00000088   Code   RO         3130    i.tcp_send_empty_ack  tcp_out.o
    0x0801a440   0x0801a440   0x0000006c   Code   RO         3131    i.tcp_send_fin      tcp_out.o
    0x0801a4ac   0x0801a4ac   0x00000040   Code   RO         2776    i.tcp_sent          tcp.o
    0x0801a4ec   0x0801a4ec   0x00000078   Code   RO         2778    i.tcp_shutdown      tcp.o
    0x0801a564   0x0801a564   0x000004f0   Code   RO         2779    i.tcp_slowtmr       tcp.o
    0x0801aa54   0x0801aa54   0x000001b0   Code   RO         3132    i.tcp_split_unsent_seg  tcp_out.o
    0x0801ac04   0x0801ac04   0x00000034   Code   RO         3276    i.tcp_timer_needed  timeouts.o
    0x0801ac38   0x0801ac38   0x00000098   Code   RO         3040    i.tcp_timewait_input  tcp_in.o
    0x0801acd0   0x0801acd0   0x00000020   Code   RO         2781    i.tcp_tmr           tcp.o
    0x0801acf0   0x0801acf0   0x00000010   Code   RO         3041    i.tcp_trigger_input_pcb_close  tcp_in.o
    0x0801ad00   0x0801ad00   0x0000008c   Code   RO         2783    i.tcp_update_rcv_ann_wnd  tcp.o
    0x0801ad8c   0x0801ad8c   0x000005d0   Code   RO         3133    i.tcp_write         tcp_out.o
    0x0801b35c   0x0801b35c   0x000000fc   Code   RO         3134    i.tcp_write_checks  tcp_out.o
    0x0801b458   0x0801b458   0x000000e4   Code   RO         3135    i.tcp_zero_window_probe  tcp_out.o
    0x0801b53c   0x0801b53c   0x0000009c   Code   RO         1735    i.tcpip_init        tcpip.o
    0x0801b5d8   0x0801b5d8   0x00000060   Code   RO         1736    i.tcpip_inpkt       tcpip.o
    0x0801b638   0x0801b638   0x0000001c   Code   RO         1737    i.tcpip_input       tcpip.o
    0x0801b654   0x0801b654   0x00000020   Code   RO         1738    i.tcpip_send_msg_wait_sem  tcpip.o
    0x0801b674   0x0801b674   0x00000038   Code   RO         3277    i.tcpip_tcp_timer   timeouts.o
    0x0801b6ac   0x0801b6ac   0x00000098   Code   RO         1739    i.tcpip_thread      tcpip.o
    0x0801b744   0x0801b744   0x0000006c   Code   RO         1740    i.tcpip_thread_handle_msg  tcpip.o
    0x0801b7b0   0x0801b7b0   0x00000018   Code   RO          430    i.user_delayMs      user_delay.o
    0x0801b7c8   0x0801b7c8   0x00000014   Code   RO          431    i.user_delayUs      user_delay.o
    0x0801b7dc   0x0801b7dc   0x00000024   Code   RO         4270    i.uxListRemove      list.o
    0x0801b800   0x0801b800   0x00000012   Code   RO         4319    i.uxQueueMessagesWaiting  queue.o
    0x0801b812   0x0801b812   0x00000016   Code   RO         4271    i.vListInitialise   list.o
    0x0801b828   0x0801b828   0x00000006   Code   RO         4272    i.vListInitialiseItem  list.o
    0x0801b82e   0x0801b82e   0x00000030   Code   RO         4273    i.vListInsert       list.o
    0x0801b85e   0x0801b85e   0x00000018   Code   RO         4274    i.vListInsertEnd    list.o
    0x0801b876   0x0801b876   0x00000002   PAD
    0x0801b878   0x0801b878   0x0000001c   Code   RO         4957    i.vPortEnterCritical  port.o
    0x0801b894   0x0801b894   0x00000014   Code   RO         4958    i.vPortExitCritical  port.o
    0x0801b8a8   0x0801b8a8   0x00000040   Code   RO         4898    i.vPortFree         heap_4.o
    0x0801b8e8   0x0801b8e8   0x00000020   Code   RO         4959    i.vPortSetupTimerInterrupt  port.o
    0x0801b908   0x0801b908   0x00000024   Code   RO         4322    i.vQueueAddToRegistry  queue.o
    0x0801b92c   0x0801b92c   0x00000012   Code   RO         4323    i.vQueueDelete      queue.o
    0x0801b93e   0x0801b93e   0x00000002   PAD
    0x0801b940   0x0801b940   0x00000028   Code   RO         4324    i.vQueueUnregisterQueue  queue.o
    0x0801b968   0x0801b968   0x00000044   Code   RO         4325    i.vQueueWaitForMessageRestricted  queue.o
    0x0801b9ac   0x0801b9ac   0x00000030   Code   RO         4498    i.vTaskDelay        tasks.o
    0x0801b9dc   0x0801b9dc   0x00000098   Code   RO         4500    i.vTaskDelete       tasks.o
    0x0801ba74   0x0801ba74   0x0000000c   Code   RO         4502    i.vTaskMissedYield  tasks.o
    0x0801ba80   0x0801ba80   0x00000024   Code   RO         4503    i.vTaskPlaceOnEventList  tasks.o
    0x0801baa4   0x0801baa4   0x0000002c   Code   RO         4504    i.vTaskPlaceOnEventListRestricted  tasks.o
    0x0801bad0   0x0801bad0   0x00000084   Code   RO         4506    i.vTaskPriorityInherit  tasks.o
    0x0801bb54   0x0801bb54   0x00000010   Code   RO         4510    i.vTaskSetTimeOutState  tasks.o
    0x0801bb64   0x0801bb64   0x0000005c   Code   RO         4511    i.vTaskStartScheduler  tasks.o
    0x0801bbc0   0x0801bbc0   0x00000010   Code   RO         4513    i.vTaskSuspendAll   tasks.o
    0x0801bbd0   0x0801bbd0   0x00000044   Code   RO         4514    i.vTaskSwitchContext  tasks.o
    0x0801bc14   0x0801bc14   0x00000040   Code   RO         4960    i.xPortStartScheduler  port.o
    0x0801bc54   0x0801bc54   0x00000014   Code   RO         4326    i.xQueueCreateCountingSemaphore  queue.o
    0x0801bc68   0x0801bc68   0x00000024   Code   RO         4327    i.xQueueCreateMutex  queue.o
    0x0801bc8c   0x0801bc8c   0x00000036   Code   RO         4328    i.xQueueGenericCreate  queue.o
    0x0801bcc2   0x0801bcc2   0x00000002   PAD
    0x0801bcc4   0x0801bcc4   0x00000124   Code   RO         4329    i.xQueueGenericReceive  queue.o
    0x0801bde8   0x0801bde8   0x00000074   Code   RO         4330    i.xQueueGenericReset  queue.o
    0x0801be5c   0x0801be5c   0x00000100   Code   RO         4331    i.xQueueGenericSend  queue.o
    0x0801bf5c   0x0801bf5c   0x00000066   Code   RO         4332    i.xQueueGenericSendFromISR  queue.o
    0x0801bfc2   0x0801bfc2   0x00000056   Code   RO         4333    i.xQueueGiveFromISR  queue.o
    0x0801c018   0x0801c018   0x00000048   Code   RO         4516    i.xTaskCheckForTimeOut  tasks.o
    0x0801c060   0x0801c060   0x00000056   Code   RO         4517    i.xTaskCreate       tasks.o
    0x0801c0b6   0x0801c0b6   0x00000002   PAD
    0x0801c0b8   0x0801c0b8   0x0000001c   Code   RO         4520    i.xTaskGetSchedulerState  tasks.o
    0x0801c0d4   0x0801c0d4   0x0000000c   Code   RO         4521    i.xTaskGetTickCount  tasks.o
    0x0801c0e0   0x0801c0e0   0x000000b4   Code   RO         4523    i.xTaskIncrementTick  tasks.o
    0x0801c194   0x0801c194   0x00000070   Code   RO         4524    i.xTaskPriorityDisinherit  tasks.o
    0x0801c204   0x0801c204   0x00000064   Code   RO         4525    i.xTaskRemoveFromEventList  tasks.o
    0x0801c268   0x0801c268   0x000000b0   Code   RO         4527    i.xTaskResumeAll    tasks.o
    0x0801c318   0x0801c318   0x0000003c   Code   RO         4794    i.xTimerCreateTimerTask  timers.o
    0x0801c354   0x0801c354   0x00000048   Code   RO         4795    i.xTimerGenericCommand  timers.o
    0x0801c39c   0x0801c39c   0x00000040   Data   RO          652    .constdata          user_ethcommunication.o
    0x0801c3dc   0x0801c3dc   0x00000010   Data   RO          884    .constdata          segger_rtt_printf.o
    0x0801c3ec   0x0801c3ec   0x00000003   Data   RO         1391    .constdata          api_msg.o
    0x0801c3ef   0x0801c3ef   0x00000001   PAD
    0x0801c3f0   0x0801c3f0   0x0000000c   Data   RO         2188    .constdata          memp.o
    0x0801c3fc   0x0801c3fc   0x0000000c   Data   RO         2189    .constdata          memp.o
    0x0801c408   0x0801c408   0x0000000c   Data   RO         2190    .constdata          memp.o
    0x0801c414   0x0801c414   0x0000000c   Data   RO         2191    .constdata          memp.o
    0x0801c420   0x0801c420   0x0000000c   Data   RO         2192    .constdata          memp.o
    0x0801c42c   0x0801c42c   0x0000000c   Data   RO         2193    .constdata          memp.o
    0x0801c438   0x0801c438   0x0000000c   Data   RO         2194    .constdata          memp.o
    0x0801c444   0x0801c444   0x0000000c   Data   RO         2195    .constdata          memp.o
    0x0801c450   0x0801c450   0x0000000c   Data   RO         2196    .constdata          memp.o
    0x0801c45c   0x0801c45c   0x0000000c   Data   RO         2197    .constdata          memp.o
    0x0801c468   0x0801c468   0x0000000c   Data   RO         2198    .constdata          memp.o
    0x0801c474   0x0801c474   0x0000000c   Data   RO         2199    .constdata          memp.o
    0x0801c480   0x0801c480   0x00000030   Data   RO         2200    .constdata          memp.o
    0x0801c4b0   0x0801c4b0   0x00000054   Data   RO         2784    .constdata          tcp.o
    0x0801c504   0x0801c504   0x00000018   Data   RO         3278    .constdata          timeouts.o
    0x0801c51c   0x0801c51c   0x00000004   Data   RO         3622    .constdata          ip4_addr.o
    0x0801c520   0x0801c520   0x00000006   Data   RO         4036    .constdata          ethernet.o
    0x0801c526   0x0801c526   0x00000006   Data   RO         4037    .constdata          ethernet.o
    0x0801c52c   0x0801c52c   0x00000033   Data   RO          653    .conststring        user_ethcommunication.o
    0x0801c55f   0x0801c55f   0x00000001   PAD
    0x0801c560   0x0801c560   0x00000075   Data   RO         2785    .conststring        tcp.o
    0x0801c5d5   0x0801c5d5   0x00000003   PAD
    0x0801c5d8   0x0801c5d8   0x00000055   Data   RO         3136    .conststring        tcp_out.o
    0x0801c62d   0x0801c62d   0x00000003   PAD
    0x0801c630   0x0801c630   0x00000041   Data   RO         3413    .conststring        etharp.o
    0x0801c671   0x0801c671   0x00000003   PAD
    0x0801c674   0x0801c674   0x00000030   Data   RO        10692    Region$$Table       anon$$obj.o


    Execution Region RW_IRAM2 (Exec base: 0x10000000, Load base: 0x0801c6c4, Size: 0x00008214, Max: 0x00010000, ABSOLUTE, COMPRESSED[0x00000108])

    Exec Addr    Load Addr    Size         Type   Attr      Idx    E Section Name        Object

    0x10000000   COMPRESSED   0x00008214   Data   RW            8    CCMRAM_SendData     main.o


    Execution Region RW_IRAM1 (Exec base: 0x20000000, Load base: 0x0801c6a4, Size: 0x0001c7e8, Max: 0x00020000, ABSOLUTE, COMPRESSED[0x00000020])

    Exec Addr    Load Addr    Size         Type   Attr      Idx    E Section Name        Object

    0x20000000   COMPRESSED   0x0000000c   Data   RW            7    .data               main.o
    0x2000000c   COMPRESSED   0x00000008   Data   RW          487    .data               user_lan8720.o
    0x20000014   COMPRESSED   0x00000008   Data   RW          539    .data               user_tcp_server.o
    0x2000001c   COMPRESSED   0x00000002   Data   RW          654    .data               user_ethcommunication.o
    0x2000001e   COMPRESSED   0x00000002   PAD
    0x20000020   COMPRESSED   0x00000004   Data   RW          828    .data               user_updata.o
    0x20000024   COMPRESSED   0x00000010   Data   RW         1742    .data               tcpip.o
    0x20000034   COMPRESSED   0x00000010   Data   RW         2114    .data               mem.o
    0x20000044   COMPRESSED   0x00000004   Data   RW         2201    .data               memp.o
    0x20000048   COMPRESSED   0x00000004   Data   RW         2202    .data               memp.o
    0x2000004c   COMPRESSED   0x00000004   Data   RW         2203    .data               memp.o
    0x20000050   COMPRESSED   0x00000004   Data   RW         2204    .data               memp.o
    0x20000054   COMPRESSED   0x00000004   Data   RW         2205    .data               memp.o
    0x20000058   COMPRESSED   0x00000004   Data   RW         2206    .data               memp.o
    0x2000005c   COMPRESSED   0x00000004   Data   RW         2207    .data               memp.o
    0x20000060   COMPRESSED   0x00000004   Data   RW         2208    .data               memp.o
    0x20000064   COMPRESSED   0x00000004   Data   RW         2209    .data               memp.o
    0x20000068   COMPRESSED   0x00000004   Data   RW         2210    .data               memp.o
    0x2000006c   COMPRESSED   0x00000004   Data   RW         2211    .data               memp.o
    0x20000070   COMPRESSED   0x00000004   Data   RW         2212    .data               memp.o
    0x20000074   COMPRESSED   0x0000000c   Data   RW         2328    .data               netif.o
    0x20000080   COMPRESSED   0x00000020   Data   RW         2786    .data               tcp.o
    0x200000a0   COMPRESSED   0x00000024   Data   RW         3043    .data               tcp_in.o
    0x200000c4   COMPRESSED   0x0000000c   Data   RW         3280    .data               timeouts.o
    0x200000d0   COMPRESSED   0x00000001   Data   RW         3414    .data               etharp.o
    0x200000d1   COMPRESSED   0x00000001   PAD
    0x200000d2   COMPRESSED   0x00000002   Data   RW         3560    .data               ip4.o
    0x200000d4   COMPRESSED   0x00000008   Data   RW         3689    .data               ip4_frag.o
    0x200000dc   COMPRESSED   0x0000000c   Data   RW         3756    .data               ethernetif.o
    0x200000e8   COMPRESSED   0x00000014   Data   RW         3827    .data               sys_arch.o
    0x200000fc   COMPRESSED   0x0000003c   Data   RW         4530    .data               tasks.o
    0x20000138   COMPRESSED   0x00000014   Data   RW         4801    .data               timers.o
    0x2000014c   COMPRESSED   0x00000018   Data   RW         4903    .data               heap_4.o
    0x20000164   COMPRESSED   0x00000004   Data   RW         4961    .data               port.o
    0x20000168   COMPRESSED   0x00000014   Data   RW         5041    .data               system_stm32f4xx.o
    0x2000017c   COMPRESSED   0x00000010   Data   RW         7715    .data               stm32f4xx_rcc.o
    0x2000018c   COMPRESSED   0x0000000c   Data   RW         9880    .data               stm32f4x7_eth.o
    0x20000198   COMPRESSED   0x00000004   Data   RW        10649    .data               mc_w.l(stdout.o)
    0x2000019c        -       0x000004d4   Zero   RW          747    .bss                user_systype.o
    0x20000670        -       0x000004b8   Zero   RW          950    .bss                segger_rtt.o
    0x20000b28        -       0x00000018   Zero   RW         2085    .bss                ip.o
    0x20000b40        -       0x00002813   Zero   RW         2113    .bss                mem.o
    0x20003353        -       0x00000283   Zero   RW         2176    .bss                memp.o
    0x200035d6        -       0x0000003b   Zero   RW         2177    .bss                memp.o
    0x20003611        -       0x00000783   Zero   RW         2178    .bss                memp.o
    0x20003d94        -       0x000000a3   Zero   RW         2179    .bss                memp.o
    0x20003e37        -       0x0000016b   Zero   RW         2180    .bss                memp.o
    0x20003fa2        -       0x00000023   Zero   RW         2181    .bss                memp.o
    0x20003fc5        -       0x00000093   Zero   RW         2182    .bss                memp.o
    0x20004058        -       0x00000083   Zero   RW         2183    .bss                memp.o
    0x200040db        -       0x00000083   Zero   RW         2184    .bss                memp.o
    0x2000415e        -       0x00000063   Zero   RW         2185    .bss                memp.o
    0x200041c1        -       0x000000f3   Zero   RW         2186    .bss                memp.o
    0x200042b4        -       0x000077b3   Zero   RW         2187    .bss                memp.o
    0x2000ba67   COMPRESSED   0x00000001   PAD
    0x2000ba68        -       0x00000010   Zero   RW         3042    .bss                tcp_in.o
    0x2000ba78        -       0x000000f0   Zero   RW         3412    .bss                etharp.o
    0x2000bb68        -       0x00000050   Zero   RW         3826    .bss                sys_arch.o
    0x2000bbb8        -       0x00000050   Zero   RW         4340    .bss                queue.o
    0x2000bc08        -       0x000002e4   Zero   RW         4529    .bss                tasks.o
    0x2000beec        -       0x00000028   Zero   RW         4800    .bss                timers.o
    0x2000bf14        -       0x0000c800   Zero   RW         4902    .bss                heap_4.o
    0x20018714        -       0x000000a0   Zero   RW         9875    .bss                stm32f4x7_eth.o
    0x200187b4        -       0x000000a0   Zero   RW         9876    .bss                stm32f4x7_eth.o
    0x20018854        -       0x00001dc4   Zero   RW         9877    .bss                stm32f4x7_eth.o
    0x2001a618        -       0x00001dc4   Zero   RW         9878    .bss                stm32f4x7_eth.o
    0x2001c3dc        -       0x0000000c   Zero   RW         9879    .bss                stm32f4x7_eth.o
    0x2001c3e8        -       0x00000400   Zero   RW         5029    STACK               startup_stm32f40_41xxx.o


==============================================================================

Image component sizes


      Code (inc. data)   RO Data    RW Data    ZI Data      Debug   Object Name

      1754        588          0          0          0      34735   api_lib.o
      4202       1172          3          0          0      34700   api_msg.o
         8          0          0          0          0       1090   def.o
      2124        512         65          1        240      12831   etharp.o
       308         58         12          0          0       2694   ethernet.o
       744         86          0         12          0       5770   ethernetif.o
         0          0          0          0          0      10368   event_groups.o
       368         24          0         24      51200       4227   heap_4.o
       616        160          0          0          0       4430   icmp.o
         0          0          0          0          0       2060   if_api.o
       334          0          0          0          0       5572   inet_chksum.o
        30          0          0          0          0       1648   init.o
         0          0          0          0         24       3202   ip.o
       862         90          0          2          0       5736   ip4.o
        46          0          4          0          0       8498   ip4_addr.o
      2104        460          0          8          0      12126   ip4_frag.o
       112         12          0          0          0        599   led.o
       136          0          0          0          0       3474   list.o
       260         76          0      33312          0     316680   main.o
      1600        602          0         16      10259       7693   mem.o
       358        148        192         48      34580      10782   memp.o
       140         22          0          0          0       2329   misc.o
        34          0          0          0          0       9872   netbuf.o
       852        278          0         12          0      13916   netif.o
      2104        820          0          0          0      18894   pbuf.o
       430         52          0          4          0       9952   port.o
      1420         24          0          0         80      17297   queue.o
       434         40          0          0       1208      10876   segger_rtt.o
      1032          8         16          0          0       6465   segger_rtt_printf.o
        36          8        392          0       1024        896   startup_stm32f40_41xxx.o
      1862        166          0         12      15572      18319   stm32f4x7_eth.o
       366         34          0          0          0       5343   stm32f4xx_flash.o
       168          0          0          0          0       3769   stm32f4xx_gpio.o
        84          8          0          0          0      28453   stm32f4xx_it.o
       476         86          0         16          0      11406   stm32f4xx_rcc.o
        12          4          0          0          0        634   stm32f4xx_syscfg.o
       616         36          0         20         80      15477   sys_arch.o
       272         36          0         20          0       2069   system_stm32f4xx.o
      2022        202          0         60        740      30649   tasks.o
      5174       1750        201         32          0      40682   tcp.o
      4774       1050          0         36         16      21087   tcp_in.o
      5988       1946         85          0          0      34870   tcp_out.o
       572        194          0         16          0       7557   tcpip.o
       556        188         24         12          0       7439   timeouts.o
       752         82          0         20         40       8823   timers.o
        44          0          0          0          0       1818   user_delay.o
      1402         84        115          2          0      20497   user_ethcommunication.o
       466         30          0          8          0       3433   user_lan8720.o
       538        284          0          0          0       5165   user_rcc_config.o
         0          0          0          0       1236       1106   user_systype.o
       200         44          0          8          0      20904   user_tcp_server.o
       252         52          0          4          0      32554   user_updata.o

    ----------------------------------------------------------------------
     49130      11516       1168      33708     116300     901466   Object Totals
         0          0         48          0          0          0   (incl. Generated)
        86          0         11          3          1          0   (incl. Padding)

    ----------------------------------------------------------------------

      Code (inc. data)   RO Data    RW Data    ZI Data      Debug   Library Member Name

        86          0          0          0          0          0   __dczerorl2.o
         0          0          0          0          0          0   entry.o
         0          0          0          0          0          0   entry10a.o
         0          0          0          0          0          0   entry11a.o
         8          4          0          0          0          0   entry2.o
         4          0          0          0          0          0   entry5.o
         0          0          0          0          0          0   entry7b.o
         0          0          0          0          0          0   entry8b.o
         8          4          0          0          0          0   entry9a.o
        18          0          0          0          0         80   fputc.o
        30          0          0          0          0          0   handlers.o
        36          8          0          0          0         68   init.o
         0          0          0          0          0          0   iusefp.o
         0          0          0          0          0          0   iusesemip.o
        26          0          0          0          0         80   memcmp.o
        64          0          0          0          0         76   memmovea.o
        36          0          0          0          0        108   memseta.o
        50          8          0          0          0        152   printfb.o
         0          0          0          0          0          0   semi.o
         0          0          0          4          0          0   stdout.o
        18          0          0          0          0         68   strcpy.o
        56          0          0          0          0         88   d2f.o
       110          0          0          0          0        168   fepilogue.o

    ----------------------------------------------------------------------
       554         24          0          4          0        888   Library Totals
         4          0          0          0          0          0   (incl. Padding)

    ----------------------------------------------------------------------

      Code (inc. data)   RO Data    RW Data    ZI Data      Debug   Library Name

       384         24          0          4          0        632   mc_w.l
       166          0          0          0          0        256   mf_w.l

    ----------------------------------------------------------------------
       554         24          0          4          0        888   Library Totals

    ----------------------------------------------------------------------

==============================================================================


      Code (inc. data)   RO Data    RW Data    ZI Data      Debug   

     49684      11540       1168      33712     116300     861874   Grand Totals
     49684      11540       1168        296     116300     861874   ELF Image Totals (compressed)
     49684      11540       1168        296          0          0   ROM Totals

==============================================================================

    Total RO  Size (Code + RO Data)                50852 (  49.66kB)
    Total RW  Size (RW Data + ZI Data)            150012 ( 146.50kB)
    Total ROM Size (Code + RO Data + RW Data)      51148 (  49.95kB)

==============================================================================

