Component: ARM Compiler 5.06 update 6 (build 750) Tool: armlink [4d35ed]

==============================================================================

Section Cross References

    main.o(i.AppTaskCreate) refers to misc.o(i.NVIC_PriorityGroupConfig) for NVIC_PriorityGroupConfig
    main.o(i.AppTaskCreate) refers to led.o(i.LED_Init) for LED_Init
    main.o(i.AppTaskCreate) refers to user_lan8720.o(i.ETH_BSP_Config) for ETH_BSP_Config
    main.o(i.AppTaskCreate) refers to sys_arch.o(i.TCPIP_Init) for TCPIP_Init
    main.o(i.AppTaskCreate) refers to user_tcp_server.o(i.TCP_Server_Init) for TCP_Server_Init
    main.o(i.AppTaskCreate) refers to tasks.o(i.xTaskCreate) for xTaskCreate
    main.o(i.AppTaskCreate) refers to tasks.o(i.vTaskDelete) for vTaskDelete
    main.o(i.AppTaskCreate) refers to main.o(.data) for .data
    main.o(i.AppTaskCreate) refers to main.o(i.LED1_Task) for LED1_Task
    main.o(i.AppTaskCreate) refers to main.o(i.LED2_Task) for LED2_Task
    main.o(i.LED1_Task) refers to stm32f4xx_gpio.o(i.GPIO_ToggleBits) for GPIO_ToggleBits
    main.o(i.LED1_Task) refers to tasks.o(i.vTaskDelay) for vTaskDelay
    main.o(i.LED2_Task) refers to stm32f4xx_gpio.o(i.GPIO_ToggleBits) for GPIO_ToggleBits
    main.o(i.LED2_Task) refers to tasks.o(i.vTaskDelay) for vTaskDelay
    main.o(i.main) refers to system_stm32f4xx.o(i.SystemInit) for SystemInit
    main.o(i.main) refers to misc.o(i.NVIC_SetVectorTable) for NVIC_SetVectorTable
    main.o(i.main) refers to segger_rtt.o(i.SEGGER_RTT_Init) for SEGGER_RTT_Init
    main.o(i.main) refers to user_rcc_config.o(i.SystemClock_Config) for SystemClock_Config
    main.o(i.main) refers to tasks.o(i.xTaskCreate) for xTaskCreate
    main.o(i.main) refers to tasks.o(i.vTaskStartScheduler) for vTaskStartScheduler
    main.o(i.main) refers to main.o(.data) for .data
    main.o(i.main) refers to main.o(i.AppTaskCreate) for AppTaskCreate
    stm32f4xx_it.o(i.ETH_IRQHandler) refers to stm32f4x7_eth.o(i.ETH_GetDMAFlagStatus) for ETH_GetDMAFlagStatus
    stm32f4xx_it.o(i.ETH_IRQHandler) refers to queue.o(i.xQueueGiveFromISR) for xQueueGiveFromISR
    stm32f4xx_it.o(i.ETH_IRQHandler) refers to stm32f4x7_eth.o(i.ETH_DMAClearITPendingBit) for ETH_DMAClearITPendingBit
    stm32f4xx_it.o(i.ETH_IRQHandler) refers to ethernetif.o(.data) for s_xSemaphore
    led.o(i.LED_Init) refers to stm32f4xx_rcc.o(i.RCC_AHB1PeriphClockCmd) for RCC_AHB1PeriphClockCmd
    led.o(i.LED_Init) refers to stm32f4xx_gpio.o(i.GPIO_Init) for GPIO_Init
    led.o(i.LED_Init) refers to stm32f4xx_gpio.o(i.GPIO_SetBits) for GPIO_SetBits
    user_delay.o(i.DWT_DelayMS) refers to user_delay.o(i.DWT_DelayUS) for DWT_DelayUS
    user_delay.o(i.DWT_DelayUS) refers to system_stm32f4xx.o(.data) for SystemCoreClock
    user_delay.o(i.delay_ms) refers to user_delay.o(i.delay_us) for delay_us
    user_delay.o(i.delay_us) refers to port.o(i.vPortSetupTimerInterrupt) for vPortSetupTimerInterrupt
    user_delay.o(i.delay_us) refers to tasks.o(i.vTaskSuspendAll) for vTaskSuspendAll
    user_delay.o(i.delay_us) refers to tasks.o(i.xTaskResumeAll) for xTaskResumeAll
    user_delay.o(i.delay_us) refers to system_stm32f4xx.o(.data) for SystemCoreClock
    user_delay.o(i.user_delayMs) refers to user_delay.o(i.user_delayUs) for user_delayUs
    user_lan8720.o(i.ETH_BSP_Config) refers to user_lan8720.o(i.ETH_GPIO_Config) for ETH_GPIO_Config
    user_lan8720.o(i.ETH_BSP_Config) refers to user_lan8720.o(i.ETH_NVIC_Config) for ETH_NVIC_Config
    user_lan8720.o(i.ETH_BSP_Config) refers to user_lan8720.o(i.ETH_MACDMA_Config) for ETH_MACDMA_Config
    user_lan8720.o(i.ETH_BSP_Config) refers to user_lan8720.o(.data) for .data
    user_lan8720.o(i.ETH_GPIO_Config) refers to stm32f4xx_rcc.o(i.RCC_AHB1PeriphClockCmd) for RCC_AHB1PeriphClockCmd
    user_lan8720.o(i.ETH_GPIO_Config) refers to stm32f4xx_rcc.o(i.RCC_APB2PeriphClockCmd) for RCC_APB2PeriphClockCmd
    user_lan8720.o(i.ETH_GPIO_Config) refers to stm32f4xx_syscfg.o(i.SYSCFG_ETH_MediaInterfaceConfig) for SYSCFG_ETH_MediaInterfaceConfig
    user_lan8720.o(i.ETH_GPIO_Config) refers to stm32f4xx_gpio.o(i.GPIO_Init) for GPIO_Init
    user_lan8720.o(i.ETH_GPIO_Config) refers to stm32f4xx_gpio.o(i.GPIO_PinAFConfig) for GPIO_PinAFConfig
    user_lan8720.o(i.ETH_GPIO_Config) refers to stm32f4xx_gpio.o(i.GPIO_ResetBits) for GPIO_ResetBits
    user_lan8720.o(i.ETH_GPIO_Config) refers to stm32f4xx_gpio.o(i.GPIO_SetBits) for GPIO_SetBits
    user_lan8720.o(i.ETH_MACDMA_Config) refers to stm32f4xx_rcc.o(i.RCC_AHB1PeriphClockCmd) for RCC_AHB1PeriphClockCmd
    user_lan8720.o(i.ETH_MACDMA_Config) refers to stm32f4x7_eth.o(i.ETH_DeInit) for ETH_DeInit
    user_lan8720.o(i.ETH_MACDMA_Config) refers to stm32f4x7_eth.o(i.ETH_SoftwareReset) for ETH_SoftwareReset
    user_lan8720.o(i.ETH_MACDMA_Config) refers to stm32f4x7_eth.o(i.ETH_GetSoftwareResetStatus) for ETH_GetSoftwareResetStatus
    user_lan8720.o(i.ETH_MACDMA_Config) refers to stm32f4x7_eth.o(i.ETH_StructInit) for ETH_StructInit
[...]
    __0printf$bare                           0x08022411   Thumb Code     8  printfb.o(i.__0printf$bare)
    __1printf$bare                           0x08022411   Thumb Code     0  printfb.o(i.__0printf$bare)
    __2printf                                0x08022411   Thumb Code     0  printfb.o(i.__0printf$bare)
    __scatterload_copy                       0x08022421   Thumb Code    14  handlers.o(i.__scatterload_copy)
    __scatterload_null                       0x0802242f   Thumb Code     2  handlers.o(i.__scatterload_null)
    __scatterload_zeroinit                   0x08022431   Thumb Code    14  handlers.o(i.__scatterload_zeroinit)
    etharp_cleanup_netif                     0x08022761   Thumb Code    40  etharp.o(i.etharp_cleanup_netif)
    etharp_input                             0x08022985   Thumb Code   144  etharp.o(i.etharp_input)
    etharp_output                            0x08022a25   Thumb Code   256  etharp.o(i.etharp_output)
    etharp_query                             0x08022c05   Thumb Code   276  etharp.o(i.etharp_query)
    etharp_request                           0x08022e71   Thumb Code     6  etharp.o(i.etharp_request)
    etharp_tmr                               0x08022e9d   Thumb Code    88  etharp.o(i.etharp_tmr)
    ethernet_input                           0x08022fad   Thumb Code   160  ethernet.o(i.ethernet_input)
    ethernet_output                          0x08023051   Thumb Code    90  ethernet.o(i.ethernet_output)
    ethernetif_init                          0x080230e1   Thumb Code    42  ethernetif.o(i.ethernetif_init)
    fputc                                    0x08023159   Thumb Code    18  fputc.o(i.fputc)
    icmp_dest_unreach                        0x0802316b   Thumb Code     8  icmp.o(i.icmp_dest_unreach)
    icmp_input                               0x08023175   Thumb Code   306  icmp.o(i.icmp_input)
    icmp_time_exceeded                       0x080233cd   Thumb Code     8  icmp.o(i.icmp_time_exceeded)
    inet_chksum                              0x080233d5   Thumb Code    12  inet_chksum.o(i.inet_chksum)
    inet_chksum_pbuf                         0x080233e1   Thumb Code    74  inet_chksum.o(i.inet_chksum_pbuf)
    inet_chksum_pseudo                       0x0802342b   Thumb Code    40  inet_chksum.o(i.inet_chksum_pseudo)
    ip4_addr_isbroadcast_u32                 0x080234c1   Thumb Code    46  ip4_addr.o(i.ip4_addr_isbroadcast_u32)
    ip4_frag                                 0x080234f1   Thumb Code   418  ip4_frag.o(i.ip4_frag)
    ip4_input                                0x080236e5   Thumb Code   364  ip4.o(i.ip4_input)
    ip4_output_if                            0x08023885   Thumb Code    30  ip4.o(i.ip4_output_if)
    ip4_output_if_src                        0x080238a5   Thumb Code   252  ip4.o(i.ip4_output_if_src)
    ip4_reass                                0x080239e5   Thumb Code   496  ip4_frag.o(i.ip4_reass)
    ip4_route                                0x08023c15   Thumb Code    86  ip4.o(i.ip4_route)
    ip_chksum_pseudo                         0x08023c75   Thumb Code    12  inet_chksum.o(i.ip_chksum_pseudo)
    ip_reass_tmr                             0x0802403d   Thumb Code    40  ip4_frag.o(i.ip_reass_tmr)
    lwip_htonl                               0x08024341   Thumb Code     4  def.o(i.lwip_htonl)
    lwip_htons                               0x08024345   Thumb Code     4  def.o(i.lwip_htons)
    lwip_init                                0x08024349   Thumb Code    30  init.o(i.lwip_init)
    lwip_netconn_do_bind                     0x08024367   Thumb Code    38  api_msg.o(i.lwip_netconn_do_bind)
    lwip_netconn_do_close                    0x0802438d   Thumb Code   154  api_msg.o(i.lwip_netconn_do_close)
    lwip_netconn_do_delconn                  0x08024689   Thumb Code   204  api_msg.o(i.lwip_netconn_do_delconn)
    lwip_netconn_do_listen                   0x08024791   Thumb Code   182  api_msg.o(i.lwip_netconn_do_listen)
    lwip_netconn_do_newconn                  0x0802484d   Thumb Code    64  api_msg.o(i.lwip_netconn_do_newconn)
    lwip_netconn_do_recv                     0x0802488d   Thumb Code    68  api_msg.o(i.lwip_netconn_do_recv)
    lwip_netconn_do_write                    0x080248d1   Thumb Code   142  api_msg.o(i.lwip_netconn_do_write)
    lwip_netconn_is_err_msg                  0x08024cd1   Thumb Code    56  api_msg.o(i.lwip_netconn_is_err_msg)
    lwip_standard_chksum                     0x08024d19   Thumb Code    86  inet_chksum.o(i.lwip_standard_chksum)
    main                                     0x08024d71   Thumb Code    68  main.o(i.main)
    mem_free                                 0x08024dd1   Thumb Code   182  mem.o(i.mem_free)
    mem_init                                 0x08024f29   Thumb Code    68  mem.o(i.mem_init)
    mem_malloc                               0x08024f91   Thumb Code   280  mem.o(i.mem_malloc)
    mem_trim                                 0x08025171   Thumb Code   284  mem.o(i.mem_trim)
    memp_free                                0x080252dd   Thumb Code    26  memp.o(i.memp_free)
    memp_init                                0x08025319   Thumb Code    24  memp.o(i.memp_init)
    memp_init_pool                           0x08025335   Thumb Code    42  memp.o(i.memp_init_pool)
    memp_malloc                              0x08025361   Thumb Code    30  memp.o(i.memp_malloc)
    netbuf_delete                            0x080253a5   Thumb Code    34  netbuf.o(i.netbuf_delete)
    netconn_accept                           0x080253c9   Thumb Code   142  api_lib.o(i.netconn_accept)
    netconn_alloc                            0x08025499   Thumb Code   108  api_msg.o(i.netconn_alloc)
    netconn_bind                             0x08025545   Thumb Code    44  api_lib.o(i.netconn_bind)
    netconn_close                            0x08025595   Thumb Code     6  api_lib.o(i.netconn_close)
    netconn_delete                           0x080255e9   Thumb Code    30  api_lib.o(i.netconn_delete)
    netconn_err                              0x080256a3   Thumb Code    30  api_lib.o(i.netconn_err)
    netconn_free                             0x080256c1   Thumb Code    74  api_msg.o(i.netconn_free)
    netconn_listen_with_backlog              0x080257b5   Thumb Code    32  api_lib.o(i.netconn_listen_with_backlog)
    netconn_new_with_proto_and_callback      0x080257f9   Thumb Code   126  api_lib.o(i.netconn_new_with_proto_and_callback)
    netconn_prepare_delete                   0x080258f9   Thumb Code    28  api_lib.o(i.netconn_prepare_delete)
    netconn_recv                             0x08025919   Thumb Code   104  api_lib.o(i.netconn_recv)
    netconn_write_partly                     0x08025ba1   Thumb Code    20  api_lib.o(i.netconn_write_partly)
    netconn_write_vectors_partly             0x08025bb5   Thumb Code   174  api_lib.o(i.netconn_write_vectors_partly)
    netif_add                                0x08025ccd   Thumb Code   198  netif.o(i.netif_add)
    netif_get_by_index                       0x08025eb1   Thumb Code    32  netif.o(i.netif_get_by_index)
    netif_init                               0x08025ed5   Thumb Code     2  netif.o(i.netif_init)
    netif_set_addr                           0x08025f3d   Thumb Code    92  netif.o(i.netif_set_addr)
    netif_set_default                        0x08025f9d   Thumb Code     6  netif.o(i.netif_set_default)
    netif_set_down                           0x08025fa9   Thumb Code    34  netif.o(i.netif_set_down)
    netif_set_up                             0x08025fed   Thumb Code    32  netif.o(i.netif_set_up)
    pbuf_add_header                          0x08026029   Thumb Code     6  pbuf.o(i.pbuf_add_header)
    pbuf_alloc                               0x08026091   Thumb Code   266  pbuf.o(i.pbuf_alloc)
    pbuf_alloc_reference                     0x08026249   Thumb Code    60  pbuf.o(i.pbuf_alloc_reference)
    pbuf_alloced_custom                      0x08026299   Thumb Code    56  pbuf.o(i.pbuf_alloced_custom)
    pbuf_cat                                 0x080262d1   Thumb Code    70  pbuf.o(i.pbuf_cat)
    pbuf_clen                                0x08026391   Thumb Code    18  pbuf.o(i.pbuf_clen)
    pbuf_clone                               0x080263a5   Thumb Code    38  pbuf.o(i.pbuf_clone)
    pbuf_copy                                0x080263e1   Thumb Code   182  pbuf.o(i.pbuf_copy)
    pbuf_copy_partial                        0x08026539   Thumb Code   110  pbuf.o(i.pbuf_copy_partial)
    pbuf_free                                0x080265ed   Thumb Code   140  pbuf.o(i.pbuf_free)
    pbuf_header_force                        0x080266d5   Thumb Code     6  pbuf.o(i.pbuf_header_force)
    pbuf_realloc                             0x08026705   Thumb Code   112  pbuf.o(i.pbuf_realloc)
    pbuf_ref                                 0x080267c1   Thumb Code    38  pbuf.o(i.pbuf_ref)
    pbuf_remove_header                       0x080267fd   Thumb Code    58  pbuf.o(i.pbuf_remove_header)
    pvPortMalloc                             0x080270ad   Thumb Code   148  heap_4.o(i.pvPortMalloc)
    pvTaskIncrementMutexHeldCount            0x08027145   Thumb Code    18  tasks.o(i.pvTaskIncrementMutexHeldCount)
    pxPortInitialiseStack                    0x0802715d   Thumb Code    40  port.o(i.pxPortInitialiseStack)
    sys_arch_mbox_fetch                      0x08027341   Thumb Code    66  sys_arch.o(i.sys_arch_mbox_fetch)
    sys_arch_mbox_tryfetch                   0x08027383   Thumb Code    30  sys_arch.o(i.sys_arch_mbox_tryfetch)
    sys_arch_protect                         0x080273a1   Thumb Code    10  sys_arch.o(i.sys_arch_protect)
    sys_arch_sem_wait                        0x080273ab   Thumb Code    58  sys_arch.o(i.sys_arch_sem_wait)
    sys_arch_unprotect                       0x080273e5   Thumb Code     4  sys_arch.o(i.sys_arch_unprotect)
    sys_check_timeouts                       0x080273e9   Thumb Code    60  timeouts.o(i.sys_check_timeouts)
    sys_init                                 0x08027429   Thumb Code    28  sys_arch.o(i.sys_init)
    sys_mbox_free                            0x0802744d   Thumb Code    20  sys_arch.o(i.sys_mbox_free)
    sys_mbox_new                             0x08027461   Thumb Code    30  sys_arch.o(i.sys_mbox_new)
    sys_mbox_set_invalid                     0x0802747f   Thumb Code     6  sys_arch.o(i.sys_mbox_set_invalid)
    sys_mbox_trypost                         0x08027485   Thumb Code    28  sys_arch.o(i.sys_mbox_trypost)
    sys_mbox_valid                           0x080274a1   Thumb Code    10  sys_arch.o(i.sys_mbox_valid)
    sys_mutex_lock                           0x080274ab   Thumb Code    12  sys_arch.o(i.sys_mutex_lock)
    sys_mutex_new                            0x080274b7   Thumb Code    24  sys_arch.o(i.sys_mutex_new)
    sys_mutex_unlock                         0x080274cf   Thumb Code    12  sys_arch.o(i.sys_mutex_unlock)
    sys_now                                  0x080274dd   Thumb Code    12  sys_arch.o(i.sys_now)
    sys_sem_free                             0x080274ed   Thumb Code    16  sys_arch.o(i.sys_sem_free)
    sys_sem_new                              0x080274fd   Thumb Code    54  sys_arch.o(i.sys_sem_new)
    sys_sem_set_invalid                      0x08027533   Thumb Code     6  sys_arch.o(i.sys_sem_set_invalid)
    sys_sem_signal                           0x08027539   Thumb Code    12  sys_arch.o(i.sys_sem_signal)
    sys_sem_valid                            0x08027545   Thumb Code    10  sys_arch.o(i.sys_sem_valid)
    sys_thread_new                           0x0802754f   Thumb Code    44  sys_arch.o(i.sys_thread_new)
    sys_timeout                              0x0802757d   Thumb Code    38  timeouts.o(i.sys_timeout)
    sys_timeouts_init                        0x08027675   Thumb Code    28  timeouts.o(i.sys_timeouts_init)
    sys_timeouts_sleeptime                   0x08027699   Thumb Code    34  timeouts.o(i.sys_timeouts_sleeptime)
    tcp_abandon                              0x080276c1   Thumb Code   230  tcp.o(i.tcp_abandon)
    tcp_abort                                0x080277fd   Thumb Code     6  tcp.o(i.tcp_abort)
    tcp_accept                               0x08027803   Thumb Code    14  tcp.o(i.tcp_accept)
    tcp_alloc                                0x08027849   Thumb Code   296  tcp.o(i.tcp_alloc)
    tcp_arg                                  0x08027979   Thumb Code     8  tcp.o(i.tcp_arg)
    tcp_bind                                 0x08027981   Thumb Code   142  tcp.o(i.tcp_bind)
    tcp_close                                0x08027a5d   Thumb Code    40  tcp.o(i.tcp_close)
    tcp_eff_send_mss_netif                   0x08027d79   Thumb Code    44  tcp.o(i.tcp_eff_send_mss_netif)
    tcp_enqueue_flags                        0x08027dcd   Thumb Code   216  tcp_out.o(i.tcp_enqueue_flags)
    tcp_err                                  0x08027f71   Thumb Code    26  tcp.o(i.tcp_err)
    tcp_fasttmr                              0x08027fb5   Thumb Code   102  tcp.o(i.tcp_fasttmr)
    tcp_free                                 0x08028021   Thumb Code    28  tcp.o(i.tcp_free)
    tcp_init                                 0x0802814d   Thumb Code     2  tcp.o(i.tcp_init)
    tcp_input                                0x08028151   Thumb Code  1438  tcp_in.o(i.tcp_input)
    tcp_keepalive                            0x08028761   Thumb Code    74  tcp_out.o(i.tcp_keepalive)
    tcp_listen_with_backlog_and_err          0x080289f1   Thumb Code   164  tcp.o(i.tcp_listen_with_backlog_and_err)
    tcp_netif_ip_addr_changed                0x08028b05   Thumb Code    70  tcp.o(i.tcp_netif_ip_addr_changed)
    tcp_new_ip_type                          0x08028bb1   Thumb Code     6  tcp.o(i.tcp_new_ip_type)
    tcp_next_iss                             0x08028c15   Thumb Code    22  tcp.o(i.tcp_next_iss)
    tcp_output                               0x08028c4d   Thumb Code   530  tcp_out.o(i.tcp_output)
    tcp_pcb_purge                            0x080293f9   Thumb Code    70  tcp.o(i.tcp_pcb_purge)
    tcp_pcb_remove                           0x0802945d   Thumb Code   122  tcp.o(i.tcp_pcb_remove)
    tcp_poll                                 0x08029549   Thumb Code    42  tcp.o(i.tcp_poll)
    tcp_process_refused_data                 0x080299f9   Thumb Code   122  tcp.o(i.tcp_process_refused_data)
    tcp_recv                                 0x08029f7d   Thumb Code    26  tcp.o(i.tcp_recv)
    tcp_recv_null                            0x08029fc1   Thumb Code    50  tcp.o(i.tcp_recv_null)
    tcp_recved                               0x0802a011   Thumb Code    88  tcp.o(i.tcp_recved)
    tcp_rexmit                               0x0802a0a9   Thumb Code   110  tcp_out.o(i.tcp_rexmit)
    tcp_rexmit_fast                          0x0802a131   Thumb Code   100  tcp_out.o(i.tcp_rexmit_fast)
    tcp_rexmit_rto                           0x0802a1b5   Thumb Code    34  tcp_out.o(i.tcp_rexmit_rto)
    tcp_rexmit_rto_commit                    0x0802a1f5   Thumb Code    36  tcp_out.o(i.tcp_rexmit_rto_commit)
    tcp_rexmit_rto_prepare                   0x0802a23d   Thumb Code   110  tcp_out.o(i.tcp_rexmit_rto_prepare)
    tcp_rst                                  0x0802a2e1   Thumb Code   110  tcp_out.o(i.tcp_rst)
    tcp_seg_free                             0x0802a389   Thumb Code    28  tcp.o(i.tcp_seg_free)
    tcp_segs_free                            0x0802a3a5   Thumb Code    18  tcp.o(i.tcp_segs_free)
    tcp_send_empty_ack                       0x0802a3b9   Thumb Code   102  tcp_out.o(i.tcp_send_empty_ack)
    tcp_send_fin                             0x0802a441   Thumb Code    78  tcp_out.o(i.tcp_send_fin)
    tcp_sent                                 0x0802a4ad   Thumb Code    24  tcp.o(i.tcp_sent)
    tcp_shutdown                             0x0802a4ed   Thumb Code    92  tcp.o(i.tcp_shutdown)
    tcp_slowtmr                              0x0802a565   Thumb Code   792  tcp.o(i.tcp_slowtmr)
    tcp_split_unsent_seg                     0x0802aa55   Thumb Code   326  tcp_out.o(i.tcp_split_unsent_seg)
    tcp_timer_needed                         0x0802ac05   Thumb Code    36  timeouts.o(i.tcp_timer_needed)
    tcp_tmr                                  0x0802acd1   Thumb Code    28  tcp.o(i.tcp_tmr)
    tcp_trigger_input_pcb_close              0x0802acf1   Thumb Code    12  tcp_in.o(i.tcp_trigger_input_pcb_close)
    tcp_update_rcv_ann_wnd                   0x0802ad01   Thumb Code    76  tcp.o(i.tcp_update_rcv_ann_wnd)
    tcp_write                                0x0802ad8d   Thumb Code   988  tcp_out.o(i.tcp_write)
    tcp_zero_window_probe                    0x0802b459   Thumb Code   190  tcp_out.o(i.tcp_zero_window_probe)
    tcpip_init                               0x0802b53d   Thumb Code    68  tcpip.o(i.tcpip_init)
    tcpip_inpkt                              0x0802b5d9   Thumb Code    76  tcpip.o(i.tcpip_inpkt)
    tcpip_input                              0x0802b639   Thumb Code    20  tcpip.o(i.tcpip_input)
    tcpip_send_msg_wait_sem                  0x0802b655   Thumb Code    26  tcpip.o(i.tcpip_send_msg_wait_sem)
    user_delayMs                             0x0802b7b1   Thumb Code    24  user_delay.o(i.user_delayMs)
    user_delayUs                             0x0802b7c9   Thumb Code    20  user_delay.o(i.user_delayUs)
    uxListRemove                             0x0802b7dd   Thumb Code    36  list.o(i.uxListRemove)
    uxQueueMessagesWaiting                   0x0802b801   Thumb Code    18  queue.o(i.uxQueueMessagesWaiting)
    vListInitialise                          0x0802b813   Thumb Code    22  list.o(i.vListInitialise)
    vListInitialiseItem                      0x0802b829   Thumb Code     6  list.o(i.vListInitialiseItem)
    vListInsert                              0x0802b82f   Thumb Code    48  list.o(i.vListInsert)
    vListInsertEnd                           0x0802b85f   Thumb Code    24  list.o(i.vListInsertEnd)
    vPortEnterCritical                       0x0802b879   Thumb Code    24  port.o(i.vPortEnterCritical)
    vPortExitCritical                        0x0802b895   Thumb Code    16  port.o(i.vPortExitCritical)
    vPortFree                                0x0802b8a9   Thumb Code    58  heap_4.o(i.vPortFree)
    vPortSetupTimerInterrupt                 0x0802b8e9   Thumb Code    26  port.o(i.vPortSetupTimerInterrupt)
    vQueueAddToRegistry                      0x0802b909   Thumb Code    32  queue.o(i.vQueueAddToRegistry)
    vQueueDelete                             0x0802b92d   Thumb Code    18  queue.o(i.vQueueDelete)
    vQueueUnregisterQueue                    0x0802b941   Thumb Code    36  queue.o(i.vQueueUnregisterQueue)
    vQueueWaitForMessageRestricted           0x0802b969   Thumb Code    68  queue.o(i.vQueueWaitForMessageRestricted)
    vTaskDelay                               0x0802b9ad   Thumb Code    44  tasks.o(i.vTaskDelay)
    vTaskDelete                              0x0802b9dd   Thumb Code   136  tasks.o(i.vTaskDelete)
    vTaskMissedYield                         0x0802ba75   Thumb Code     8  tasks.o(i.vTaskMissedYield)
    vTaskPlaceOnEventList                    0x0802ba81   Thumb Code    30  tasks.o(i.vTaskPlaceOnEventList)
    vTaskPlaceOnEventListRestricted          0x0802baa5   Thumb Code    38  tasks.o(i.vTaskPlaceOnEventListRestricted)
    vTaskPriorityInherit                     0x0802bad1   Thumb Code   124  tasks.o(i.vTaskPriorityInherit)
    vTaskSetTimeOutState                     0x0802bb55   Thumb Code    12  tasks.o(i.vTaskSetTimeOutState)
    vTaskStartScheduler                      0x0802bb65   Thumb Code    74  tasks.o(i.vTaskStartScheduler)
    vTaskSuspendAll                          0x0802bbc1   Thumb Code    10  tasks.o(i.vTaskSuspendAll)
    vTaskSwitchContext                       0x0802bbd1   Thumb Code    60  tasks.o(i.vTaskSwitchContext)
    xPortStartScheduler                      0x0802bc15   Thumb Code    52  port.o(i.xPortStartScheduler)
    xQueueCreateCountingSemaphore            0x0802bc55   Thumb Code    20  queue.o(i.xQueueCreateCountingSemaphore)
    xQueueCreateMutex                        0x0802bc69   Thumb Code    36  queue.o(i.xQueueCreateMutex)
    xQueueGenericCreate                      0x0802bc8d   Thumb Code    54  queue.o(i.xQueueGenericCreate)
    xQueueGenericReceive                     0x0802bcc5   Thumb Code   286  queue.o(i.xQueueGenericReceive)
    xQueueGenericReset                       0x0802bde9   Thumb Code   112  queue.o(i.xQueueGenericReset)
    xQueueGenericSend                        0x0802be5d   Thumb Code   250  queue.o(i.xQueueGenericSend)
    xQueueGenericSendFromISR                 0x0802bf5d   Thumb Code   102  queue.o(i.xQueueGenericSendFromISR)
    xQueueGiveFromISR                        0x0802bfc3   Thumb Code    86  queue.o(i.xQueueGiveFromISR)
    xTaskCheckForTimeOut                     0x0802c019   Thumb Code    66  tasks.o(i.xTaskCheckForTimeOut)
    xTaskCreate                              0x0802c061   Thumb Code    86  tasks.o(i.xTaskCreate)
    xTaskGetSchedulerState                   0x0802c0b9   Thumb Code    22  tasks.o(i.xTaskGetSchedulerState)
    xTaskGetTickCount                        0x0802c0d5   Thumb Code     6  tasks.o(i.xTaskGetTickCount)
    xTaskIncrementTick                       0x0802c0e1   Thumb Code   170  tasks.o(i.xTaskIncrementTick)
    xTaskPriorityDisinherit                  0x0802c195   Thumb Code   102  tasks.o(i.xTaskPriorityDisinherit)
    xTaskRemoveFromEventList                 0x0802c205   Thumb Code    88  tasks.o(i.xTaskRemoveFromEventList)
    xTaskResumeAll                           0x0802c269   Thumb Code   164  tasks.o(i.xTaskResumeAll)
    xTimerCreateTimerTask                    0x0802c319   Thumb Code    44  timers.o(i.xTimerCreateTimerTask)
    xTimerGenericCommand                     0x0802c355   Thumb Code    68  timers.o(i.xTimerGenericCommand)
    SoftVersionString_QDB                    0x0802c39c   Data          32  user_ethcommunication.o(.constdata)
    CMD_Assemble                             0x0802c3bc   Data          32  user_ethcommunication.o(.constdata)
    netconn_aborted                          0x0802c3ec   Data           1  api_msg.o(.constdata)
    netconn_reset                            0x0802c3ed   Data           1  api_msg.o(.constdata)
    netconn_closed                           0x0802c3ee   Data           1  api_msg.o(.constdata)
    memp_TCP_PCB                             0x0802c3f0   Data          12  memp.o(.constdata)
    memp_TCP_PCB_LISTEN                      0x0802c3fc   Data          12  memp.o(.constdata)
    memp_TCP_SEG                             0x0802c408   Data          12  memp.o(.constdata)
    memp_REASSDATA                           0x0802c414   Data          12  memp.o(.constdata)
    memp_FRAG_PBUF                           0x0802c420   Data          12  memp.o(.constdata)
    memp_NETBUF                              0x0802c42c   Data          12  memp.o(.constdata)
    memp_NETCONN                             0x0802c438   Data          12  memp.o(.constdata)
    memp_TCPIP_MSG_API                       0x0802c444   Data          12  memp.o(.constdata)
    memp_TCPIP_MSG_INPKT                     0x0802c450   Data          12  memp.o(.constdata)
    memp_SYS_TIMEOUT                         0x0802c45c   Data          12  memp.o(.constdata)
    memp_PBUF                                0x0802c468   Data          12  memp.o(.constdata)
    memp_PBUF_POOL                           0x0802c474   Data          12  memp.o(.constdata)
    memp_pools                               0x0802c480   Data          48  memp.o(.constdata)
    tcp_pcb_lists                            0x0802c4f4   Data          16  tcp.o(.constdata)
    lwip_cyclic_timers                       0x0802c504   Data          24  timeouts.o(.constdata)
    ip_addr_any                              0x0802c51c   Data           4  ip4_addr.o(.constdata)
    ethbroadcast                             0x0802c520   Data           6  ethernet.o(.constdata)
    ethzero                                  0x0802c526   Data           6  ethernet.o(.constdata)
    Region$$Table$$Base                      0x0802c674   Number         0  anon$$obj.o(Region$$Table)
    Region$$Table$$Limit                     0x0802c6a4   Number         0  anon$$obj.o(Region$$Table)
    SendData                                 0x10000000   Data       33300  main.o(CCMRAM_SendData)
    EthLinkStatus                            0x2000000c   Data           1  user_lan8720.o(.data)
    EthInitStatus                            0x20000010   Data           4  user_lan8720.o(.data)
    remote_netconn                           0x20000014   Data           4  user_tcp_server.o(.data)
    TCP_Server_handle                        0x20000018   Data           4  user_tcp_server.o(.data)
    lock_tcpip_core                          0x20000030   Data           4  tcpip.o(.data)
    netif_list                               0x20000078   Data           4  netif.o(.data)
    netif_default                            0x2000007c   Data           4  netif.o(.data)
    tcp_active_pcbs_changed                  0x20000080   Data           1  tcp.o(.data)
    tcp_ticks                                0x2000008c   Data           4  tcp.o(.data)
    tcp_bound_pcbs                           0x20000090   Data           4  tcp.o(.data)
    tcp_listen_pcbs                          0x20000094   Data           4  tcp.o(.data)
    tcp_active_pcbs                          0x20000098   Data           4  tcp.o(.data)
    tcp_tw_pcbs                              0x2000009c   Data           4  tcp.o(.data)
    tcp_input_pcb                            0x200000c0   Data           4  tcp_in.o(.data)
    s_xSemaphore                             0x200000e0   Data           4  ethernetif.o(.data)
    lwip_sys_now                             0x200000ec   Data           4  sys_arch.o(.data)
    ipaddr                                   0x200000f0   Data           4  sys_arch.o(.data)
    netmask                                  0x200000f4   Data           4  sys_arch.o(.data)
    gw                                       0x200000f8   Data           4  sys_arch.o(.data)
    pxCurrentTCB                             0x200000fc   Data           4  tasks.o(.data)
    SystemCoreClock                          0x20000168   Data           4  system_stm32f4xx.o(.data)
    AHBPrescTable                            0x2000016c   Data          16  system_stm32f4xx.o(.data)
    DMATxDescToSet                           0x2000018c   Data           4  stm32f4x7_eth.o(.data)
    DMARxDescToGet                           0x20000190   Data           4  stm32f4x7_eth.o(.data)
    DMA_RX_FRAME_infos                       0x20000194   Data           4  stm32f4x7_eth.o(.data)
    __stdout                                 0x20000198   Data           4  stdout.o(.data)
    SysCtrl                                  0x2000019c   Data        1236  user_systype.o(.bss)
    _SEGGER_RTT                              0x20000670   Data         168  segger_rtt.o(.bss)
    ip_data                                  0x20000b28   Data          24  ip.o(.bss)
    ram_heap                                 0x20000b40   Data       10259  mem.o(.bss)
    memp_memory_TCP_PCB_base                 0x20003353   Data         643  memp.o(.bss)
    memp_memory_TCP_PCB_LISTEN_base          0x200035d6   Data          59  memp.o(.bss)
    memp_memory_TCP_SEG_base                 0x20003611   Data        1923  memp.o(.bss)
    memp_memory_REASSDATA_base               0x20003d94   Data         163  memp.o(.bss)
    memp_memory_FRAG_PBUF_base               0x20003e37   Data         363  memp.o(.bss)
    memp_memory_NETBUF_base                  0x20003fa2   Data          35  memp.o(.bss)
    memp_memory_NETCONN_base                 0x20003fc5   Data         147  memp.o(.bss)
    memp_memory_TCPIP_MSG_API_base           0x20004058   Data         131  memp.o(.bss)
    memp_memory_TCPIP_MSG_INPKT_base         0x200040db   Data         131  memp.o(.bss)
    memp_memory_SYS_TIMEOUT_base             0x2000415e   Data          99  memp.o(.bss)
    memp_memory_PBUF_base                    0x200041c1   Data         243  memp.o(.bss)
    memp_memory_PBUF_POOL_base               0x200042b4   Data       30643  memp.o(.bss)
    gnetif                                   0x2000bb88   Data          48  sys_arch.o(.bss)
    xQueueRegistry                           0x2000bbb8   Data          80  queue.o(.bss)
    DMARxDscrTab                             0x20018714   Data         160  stm32f4x7_eth.o(.bss)
    DMATxDscrTab                             0x200187b4   Data         160  stm32f4x7_eth.o(.bss)
    Rx_Buff                                  0x20018854   Data        7620  stm32f4x7_eth.o(.bss)
    Tx_Buff                                  0x2001a618   Data        7620  stm32f4x7_eth.o(.bss)
    RX_Frame_Descriptor                      0x2001c3dc   Data          12  stm32f4x7_eth.o(.bss)
    __initial_sp                             0x2001c7e8   Data           0  startup_stm32f40_41xxx.o(STACK)



==============================================================================

Memory Map of the image

  Image Entry point : 0x08020189

  Load Region LR_IROM1 (Base: 0x08020000, Size: 0x00014a54, Max: 0x00100000, ABSOLUTE, COMPRESSED[0x0000c7cc])

    Execution Region ER_IROM1 (Exec base: 0x08020000, Load base: 0x08020000, Size: 0x0000c6a4, Max: 0x00100000, ABSOLUTE)

    Exec Addr    Load Addr    Size         Type   Attr      Idx    E Section Name        Object

    0x08020000   0x08020000   0x00000188   Data   RO         5054    RESET               startup_stm32f40_41xxx.o
    0x08020188   0x08020188   0x00000000   Code   RO        10343  * .ARM.Collect$$$$00000000  mc_w.l(entry.o)
    0x08020188   0x08020188   0x00000004   Code   RO        10656    .ARM.Collect$$$$00000001  mc_w.l(entry2.o)
    0x0802018c   0x0802018c   0x00000004   Code   RO        10659    .ARM.Collect$$$$00000004  mc_w.l(entry5.o)
    0x08020190   0x08020190   0x00000000   Code   RO        10661    .ARM.Collect$$$$00000008  mc_w.l(entry7b.o)
    0x08020190   0x08020190   0x00000000   Code   RO        10663    .ARM.Collect$$$$0000000A  mc_w.l(entry8b.o)
    0x08020190   0x08020190   0x00000008   Code   RO        10664    .ARM.Collect$$$$0000000B  mc_w.l(entry9a.o)
    0x08020198   0x08020198   0x00000000   Code   RO        10666    .ARM.Collect$$$$0000000D  mc_w.l(entry10a.o)
    0x08020198   0x08020198   0x00000000   Code   RO        10668    .ARM.Collect$$$$0000000F  mc_w.l(entry11a.o)
    0x08020198   0x08020198   0x00000004   Code   RO        10657    .ARM.Collect$$$$00002712  mc_w.l(entry2.o)
    0x0802019c   0x0802019c   0x000000b6   Code   RO         4975    .emb_text           port.o
    0x08020252   0x08020252   0x00000002   PAD
    0x08020254   0x08020254   0x00000024   Code   RO         5055    .text               startup_stm32f40_41xxx.o
    0x08020278   0x08020278   0x00000040   Code   RO        10376    .text               mc_w.l(memmovea.o)
    0x080202b8   0x080202b8   0x00000024   Code   RO        10378    .text               mc_w.l(memseta.o)
    0x080202dc   0x080202dc   0x0000001a   Code   RO        10382    .text               mc_w.l(memcmp.o)
    0x080202f6   0x080202f6   0x00000012   Code   RO        10384    .text               mc_w.l(strcpy.o)
    0x08020308   0x08020308   0x00000038   Code   RO        10654    .text               mf_w.l(d2f.o)
    0x08020340   0x08020340   0x00000000   Code   RO        10686    .text               mc_w.l(iusefp.o)
    0x08020340   0x08020340   0x0000006e   Code   RO        10687    .text               mf_w.l(fepilogue.o)
    0x080203ae   0x080203ae   0x00000002   PAD
    0x080203b0   0x080203b0   0x00000024   Code   RO        10699    .text               mc_w.l(init.o)
    0x080203d4   0x080203d4   0x00000000   Code   RO        10701    .text               mc_w.l(semi.o)
    0x080203d4   0x080203d4   0x00000000   Code   RO        10710    .text               mc_w.l(iusesemip.o)
    0x080203d4   0x080203d4   0x00000056   Code   RO        10723    .text               mc_w.l(__dczerorl2.o)
    0x0802042a   0x0802042a   0x00000002   PAD
    0x0802042c   0x0802042c   0x00000074   Code   RO            3    i.AppTaskCreate     main.o
    0x080204a0   0x080204a0   0x00000002   Code   RO          256    i.BusFault_Handler  stm32f4xx_it.o
    0x080204a2   0x080204a2   0x00000010   Code   RO          822    i.Check_Program     user_updata.o
    0x080204b2   0x080204b2   0x00000026   Code   RO          642    i.Crs               user_ethcommunication.o
    0x080204d8   0x080204d8   0x00000002   Code   RO          257    i.DebugMon_Handler  stm32f4xx_it.o
    0x080204da   0x080204da   0x00000002   PAD
    0x080204dc   0x080204dc   0x00000018   Code   RO          480    i.ETH_BSP_Config    user_lan8720.o
    0x080204f4   0x080204f4   0x0000000c   Code   RO         9816    i.ETH_DMAClearITPendingBit  stm32f4x7_eth.o
    0x08020500   0x08020500   0x00000018   Code   RO         9817    i.ETH_DMAITConfig   stm32f4x7_eth.o
    0x08020518   0x08020518   0x0000001c   Code   RO         9818    i.ETH_DMAReceptionCmd  stm32f4x7_eth.o
    0x08020534   0x08020534   0x00000058   Code   RO         9819    i.ETH_DMARxDescChainInit  stm32f4x7_eth.o
    0x0802058c   0x0802058c   0x00000012   Code   RO         9820    i.ETH_DMARxDescReceiveITConfig  stm32f4x7_eth.o
    0x0802059e   0x0802059e   0x00000002   PAD
    0x080205a0   0x080205a0   0x0000001c   Code   RO         9821    i.ETH_DMATransmissionCmd  stm32f4x7_eth.o
    0x080205bc   0x080205bc   0x00000048   Code   RO         9824    i.ETH_DMATxDescChainInit  stm32f4x7_eth.o
    0x08020604   0x08020604   0x00000018   Code   RO         9830    i.ETH_DeInit        stm32f4x7_eth.o
    0x0802061c   0x0802061c   0x00000012   Code   RO         9831    i.ETH_Delay         stm32f4x7_eth.o
    0x0802062e   0x0802062e   0x00000002   PAD
    0x08020630   0x08020630   0x00000024   Code   RO         9833    i.ETH_FlushTransmitFIFO  stm32f4x7_eth.o
    0x08020654   0x08020654   0x00000110   Code   RO          481    i.ETH_GPIO_Config   user_lan8720.o
    0x08020764   0x08020764   0x00000014   Code   RO         9839    i.ETH_GetDMAFlagStatus  stm32f4x7_eth.o
    0x08020778   0x08020778   0x00000014   Code   RO         9859    i.ETH_GetSoftwareResetStatus  stm32f4x7_eth.o
    0x0802078c   0x0802078c   0x0000008c   Code   RO         9862    i.ETH_Get_Received_Frame_interrupt  stm32f4x7_eth.o
    0x08020818   0x08020818   0x00000048   Code   RO          258    i.ETH_IRQHandler    stm32f4xx_it.o
    0x08020860   0x08020860   0x000002a4   Code   RO         9864    i.ETH_Init          stm32f4x7_eth.o
    0x08020b04   0x08020b04   0x0000001c   Code   RO         9866    i.ETH_MACAddressConfig  stm32f4x7_eth.o
    0x08020b20   0x08020b20   0x00000088   Code   RO          482    i.ETH_MACDMA_Config  user_lan8720.o
    0x08020ba8   0x08020ba8   0x00000030   Code   RO         9871    i.ETH_MACReceptionCmd  stm32f4x7_eth.o
    0x08020bd8   0x08020bd8   0x00000030   Code   RO         9872    i.ETH_MACTransmissionCmd  stm32f4x7_eth.o
    0x08020c08   0x08020c08   0x00000022   Code   RO          483    i.ETH_NVIC_Config   user_lan8720.o
    0x08020c2a   0x08020c2a   0x00000002   PAD
    0x08020c2c   0x08020c2c   0x000000b0   Code   RO         9883    i.ETH_Prepare_Transmit_Descriptors  stm32f4x7_eth.o
    0x08020cdc   0x08020cdc   0x00000058   Code   RO         9884    i.ETH_ReadPHYRegister  stm32f4x7_eth.o
    0x08020d34   0x08020d34   0x00000010   Code   RO         9892    i.ETH_SoftwareReset  stm32f4x7_eth.o
    0x08020d44   0x08020d44   0x00000022   Code   RO         9893    i.ETH_Start         stm32f4x7_eth.o
    0x08020d66   0x08020d66   0x00000088   Code   RO         9895    i.ETH_StructInit    stm32f4x7_eth.o
    0x08020dee   0x08020dee   0x00000002   PAD
    0x08020df0   0x08020df0   0x00000054   Code   RO         9897    i.ETH_WritePHYRegister  stm32f4x7_eth.o
    0x08020e44   0x08020e44   0x0000001e   Code   RO          823    i.Erase_Updata_Program_Area  user_updata.o
    0x08020e62   0x08020e62   0x00000002   PAD
    0x08020e64   0x08020e64   0x00000014   Code   RO          762    i.Error_Handler     user_rcc_config.o
    0x08020e78   0x08020e78   0x00000090   Code   RO          643    i.EthernetInterfaceHandler  user_ethcommunication.o
    0x08020f08   0x08020f08   0x000000c8   Code   RO          644    i.EthernetReceiveFailedString  user_ethcommunication.o
    0x08020fd0   0x08020fd0   0x00000154   Code   RO          645    i.EthernetReceiveSuccessString  user_ethcommunication.o
    0x08021124   0x08021124   0x000000c4   Code   RO          646    i.EthernetReceiveSuccessString_Updata  user_ethcommunication.o
    0x080211e8   0x080211e8   0x0000006c   Code   RO         6412    i.FLASH_EraseSector  stm32f4xx_flash.o
    0x08021254   0x08021254   0x0000003c   Code   RO         6414    i.FLASH_GetStatus   stm32f4xx_flash.o
    0x08021290   0x08021290   0x00000010   Code   RO         6418    i.FLASH_Lock        stm32f4xx_flash.o
    0x080212a0   0x080212a0   0x00000038   Code   RO         6439    i.FLASH_ProgramByte  stm32f4xx_flash.o
    0x080212d8   0x080212d8   0x0000003c   Code   RO         6442    i.FLASH_ProgramWord  stm32f4xx_flash.o
    0x08021314   0x08021314   0x00000024   Code   RO         6444    i.FLASH_Unlock      stm32f4xx_flash.o
    0x08021338   0x08021338   0x0000001e   Code   RO         6445    i.FLASH_WaitForLastOperation  stm32f4xx_flash.o
    0x08021356   0x08021356   0x00000002   PAD
    0x08021358   0x08021358   0x00000050   Code   RO          647    i.GETEDITION        user_ethcommunication.o
    0x080213a8   0x080213a8   0x00000078   Code   RO         6821    i.GPIO_Init         stm32f4xx_gpio.o
    0x08021420   0x08021420   0x00000020   Code   RO         6822    i.GPIO_PinAFConfig  stm32f4xx_gpio.o
    0x08021440   0x08021440   0x00000004   Code   RO         6828    i.GPIO_ResetBits    stm32f4xx_gpio.o
    0x08021444   0x08021444   0x00000004   Code   RO         6829    i.GPIO_SetBits      stm32f4xx_gpio.o
    0x08021448   0x08021448   0x00000008   Code   RO         6831    i.GPIO_ToggleBits   stm32f4xx_gpio.o
    0x08021450   0x08021450   0x000000b4   Code   RO          763    i.GetSystemClockFrequency  user_rcc_config.o
    0x08021504   0x08021504   0x000000b8   Code   RO          764    i.GetSystemClockSource  user_rcc_config.o
    0x080215bc   0x080215bc   0x00000002   Code   RO          259    i.HardFault_Handler  stm32f4xx_it.o
    0x080215be   0x080215be   0x00000002   PAD
    0x080215c0   0x080215c0   0x00000018   Code   RO            4    i.LED1_Task         main.o
    0x080215d8   0x080215d8   0x00000018   Code   RO            5    i.LED2_Task         main.o
    0x080215f0   0x080215f0   0x00000070   Code   RO          405    i.LED_Init          led.o
    0x08021660   0x08021660   0x00000002   Code   RO          260    i.MemManage_Handler  stm32f4xx_it.o
    0x08021662   0x08021662   0x00000002   Code   RO          261    i.NMI_Handler       stm32f4xx_it.o
    0x08021664   0x08021664   0x00000064   Code   RO         5098    i.NVIC_Init         misc.o
    0x080216c8   0x080216c8   0x00000014   Code   RO         5099    i.NVIC_PriorityGroupConfig  misc.o
    0x080216dc   0x080216dc   0x00000014   Code   RO         5100    i.NVIC_SetVectorTable  misc.o
    0x080216f0   0x080216f0   0x0000003c   Code   RO          648    i.ONLINEUPDATE1     user_ethcommunication.o
    0x0802172c   0x0802172c   0x00000064   Code   RO          649    i.ONLINEUPDATE2     user_ethcommunication.o
    0x08021790   0x08021790   0x00000098   Code   RO          650    i.PC_DATAHandler    user_ethcommunication.o
    0x08021828   0x08021828   0x00000074   Code   RO          824    i.Program_Updata_Area  user_updata.o
    0x0802189c   0x0802189c   0x00000018   Code   RO         7685    i.RCC_AHB1PeriphClockCmd  stm32f4xx_rcc.o
    0x080218b4   0x080218b4   0x00000018   Code   RO         7687    i.RCC_AHB1PeriphResetCmd  stm32f4xx_rcc.o
    0x080218cc   0x080218cc   0x00000018   Code   RO         7697    i.RCC_APB2PeriphClockCmd  stm32f4xx_rcc.o
    0x080218e4   0x080218e4   0x00000090   Code   RO         7706    i.RCC_GetClocksFreq  stm32f4xx_rcc.o
    0x08021974   0x08021974   0x00000034   Code   RO         7707    i.RCC_GetFlagStatus  stm32f4xx_rcc.o
    0x080219a8   0x080219a8   0x00000010   Code   RO         7709    i.RCC_GetSYSCLKSource  stm32f4xx_rcc.o
    0x080219b8   0x080219b8   0x00000014   Code   RO         7710    i.RCC_HCLKConfig    stm32f4xx_rcc.o
    0x080219cc   0x080219cc   0x00000010   Code   RO         7711    i.RCC_HSEConfig     stm32f4xx_rcc.o
    0x080219dc   0x080219dc   0x00000014   Code   RO         7721    i.RCC_PCLK1Config   stm32f4xx_rcc.o
    0x080219f0   0x080219f0   0x00000014   Code   RO         7722    i.RCC_PCLK2Config   stm32f4xx_rcc.o
    0x08021a04   0x08021a04   0x0000000c   Code   RO         7723    i.RCC_PLLCmd        stm32f4xx_rcc.o
    0x08021a10   0x08021a10   0x00000028   Code   RO         7724    i.RCC_PLLConfig     stm32f4xx_rcc.o
    0x08021a38   0x08021a38   0x00000014   Code   RO         7735    i.RCC_SYSCLKConfig  stm32f4xx_rcc.o
    0x08021a4c   0x08021a4c   0x0000002c   Code   RO         7737    i.RCC_WaitForHSEStartUp  stm32f4xx_rcc.o
    0x08021a78   0x08021a78   0x00000016   Code   RO          825    i.Reset_Updata_Flag  user_updata.o
    0x08021a8e   0x08021a8e   0x00000004   Code   RO          946    i.SEGGER_RTT_Init   segger_rtt.o
    0x08021a92   0x08021a92   0x00000002   PAD
    0x08021a94   0x08021a94   0x00000038   Code   RO          961    i.SEGGER_RTT_Write  segger_rtt.o
    0x08021acc   0x08021acc   0x0000005c   Code   RO          964    i.SEGGER_RTT_WriteNoLock  segger_rtt.o
    0x08021b28   0x08021b28   0x00000016   Code   RO          902    i.SEGGER_RTT_printf  segger_rtt_printf.o
    0x08021b3e   0x08021b3e   0x00000002   PAD
    0x08021b40   0x08021b40   0x00000224   Code   RO          903    i.SEGGER_RTT_vprintf  segger_rtt_printf.o
    0x08021d64   0x08021d64   0x0000000c   Code   RO         8962    i.SYSCFG_ETH_MediaInterfaceConfig  stm32f4xx_syscfg.o
    0x08021d70   0x08021d70   0x0000005c   Code   RO          651    i.SendUpData        user_ethcommunication.o
    0x08021dcc   0x08021dcc   0x0000007c   Code   RO          765    i.SetClock_HSE      user_rcc_config.o
    0x08021e48   0x08021e48   0x000000b4   Code   RO         5061    i.SetSysClock       system_stm32f4xx.o
    0x08021efc   0x08021efc   0x0000001c   Code   RO          826    i.Set_Updata_Flag   user_updata.o
    0x08021f18   0x08021f18   0x0000002c   Code   RO         4976    i.SysTick_Handler   port.o
    0x08021f44   0x08021f44   0x0000001e   Code   RO          766    i.SystemClock_Config  user_rcc_config.o
    0x08021f62   0x08021f62   0x00000002   PAD
    0x08021f64   0x08021f64   0x0000005c   Code   RO         5063    i.SystemInit        system_stm32f4xx.o
    0x08021fc0   0x08021fc0   0x00000028   Code   RO          827    i.System_Reset      user_updata.o
    0x08021fe8   0x08021fe8   0x00000070   Code   RO         3821    i.TCPIP_Init        sys_arch.o
    0x08022058   0x08022058   0x00000038   Code   RO          537    i.TCP_Server_Init   user_tcp_server.o
    0x08022090   0x08022090   0x00000090   Code   RO          538    i.TCP_Server_Thread  user_tcp_server.o
    0x08022120   0x08022120   0x00000002   Code   RO          262    i.UsageFault_Handler  stm32f4xx_it.o
    0x08022122   0x08022122   0x00000002   PAD
    0x08022124   0x08022124   0x00000068   Code   RO          968    i._DoInit           segger_rtt.o
    0x0802218c   0x0802218c   0x00000016   Code   RO          969    i._GetAvailWriteSpace  segger_rtt.o
    0x080221a2   0x080221a2   0x000000c4   Code   RO          904    i._PrintInt         segger_rtt_printf.o
    0x08022266   0x08022266   0x00000002   PAD
    0x08022268   0x08022268   0x000000cc   Code   RO          905    i._PrintUnsigned    segger_rtt_printf.o
    0x08022334   0x08022334   0x0000003e   Code   RO          906    i._StoreChar        segger_rtt_printf.o
    0x08022372   0x08022372   0x0000005a   Code   RO          971    i._WriteBlocking    segger_rtt.o
    0x080223cc   0x080223cc   0x00000042   Code   RO          972    i._WriteNoCheck     segger_rtt.o
    0x0802240e   0x0802240e   0x00000002   PAD
    0x08022410   0x08022410   0x00000010   Code   RO        10393    i.__0printf$bare    mc_w.l(printfb.o)
    0x08022420   0x08022420   0x0000000e   Code   RO        10717    i.__scatterload_copy  mc_w.l(handlers.o)
    0x0802242e   0x0802242e   0x00000002   Code   RO        10718    i.__scatterload_null  mc_w.l(handlers.o)
    0x08022430   0x08022430   0x0000000e   Code   RO        10719    i.__scatterload_zeroinit  mc_w.l(handlers.o)
    0x0802243e   0x0802243e   0x00000022   Code   RO        10400    i._printf_core      mc_w.l(printfb.o)
    0x08022460   0x08022460   0x00000114   Code   RO         1388    i.accept_function   api_msg.o
    0x08022574   0x08022574   0x00000048   Code   RO         2191    i.do_memp_free_pool  memp.o
    0x080225bc   0x080225bc   0x00000058   Code   RO         2192    i.do_memp_malloc_pool  memp.o
    0x08022614   0x08022614   0x0000014c   Code   RO         1389    i.err_tcp           api_msg.o
    0x08022760   0x08022760   0x0000002c   Code   RO         3421    i.etharp_cleanup_netif  etharp.o
    0x0802278c   0x0802278c   0x000001d4   Code   RO         3423    i.etharp_find_entry  etharp.o
    0x08022960   0x08022960   0x00000024   Code   RO         3424    i.etharp_free_entry  etharp.o
    0x08022984   0x08022984   0x000000a0   Code   RO         3426    i.etharp_input      etharp.o
    0x08022a24   0x08022a24   0x00000138   Code   RO         3427    i.etharp_output     etharp.o
    0x08022b5c   0x08022b5c   0x000000a8   Code   RO         3428    i.etharp_output_to_arp_index  etharp.o
    0x08022c04   0x08022c04   0x00000170   Code   RO         3429    i.etharp_query      etharp.o
    0x08022d74   0x08022d74   0x000000fc   Code   RO         3430    i.etharp_raw        etharp.o
    0x08022e70   0x08022e70   0x0000000c   Code   RO         3431    i.etharp_request    etharp.o
    0x08022e7c   0x08022e7c   0x00000020   Code   RO         3432    i.etharp_request_dst  etharp.o
    0x08022e9c   0x08022e9c   0x0000005c   Code   RO         3433    i.etharp_tmr        etharp.o
    0x08022ef8   0x08022ef8   0x000000b4   Code   RO         3434    i.etharp_update_arp_entry  etharp.o
    0x08022fac   0x08022fac   0x000000a4   Code   RO         4057    i.ethernet_input    ethernet.o
    0x08023050   0x08023050   0x00000090   Code   RO         4058    i.ethernet_output   ethernet.o
    0x080230e0   0x080230e0   0x00000044   Code   RO         3774    i.ethernetif_init   ethernetif.o
    0x08023124   0x08023124   0x00000034   Code   RO         3775    i.ethernetif_input  ethernetif.o
    0x08023158   0x08023158   0x00000012   Code   RO        10670    i.fputc             mc_w.l(fputc.o)
    0x0802316a   0x0802316a   0x00000008   Code   RO         3523    i.icmp_dest_unreach  icmp.o
    0x08023172   0x08023172   0x00000002   PAD
    0x08023174   0x08023174   0x000001a4   Code   RO         3524    i.icmp_input        icmp.o
    0x08023318   0x08023318   0x000000b4   Code   RO         3525    i.icmp_send_response  icmp.o
    0x080233cc   0x080233cc   0x00000008   Code   RO         3526    i.icmp_time_exceeded  icmp.o
    0x080233d4   0x080233d4   0x0000000c   Code   RO         1971    i.inet_chksum       inet_chksum.o
    0x080233e0   0x080233e0   0x0000004a   Code   RO         1972    i.inet_chksum_pbuf  inet_chksum.o
    0x0802342a   0x0802342a   0x00000028   Code   RO         1973    i.inet_chksum_pseudo  inet_chksum.o
    0x08023452   0x08023452   0x0000006e   Code   RO         1975    i.inet_cksum_pseudo_base  inet_chksum.o
    0x080234c0   0x080234c0   0x0000002e   Code   RO         3638    i.ip4_addr_isbroadcast_u32  ip4_addr.o
    0x080234ee   0x080234ee   0x00000002   PAD
    0x080234f0   0x080234f0   0x000001f4   Code   RO         3703    i.ip4_frag          ip4_frag.o
    0x080236e4   0x080236e4   0x00000174   Code   RO         3577    i.ip4_input         ip4.o
    0x08023858   0x08023858   0x0000002c   Code   RO         3578    i.ip4_input_accept  ip4.o
    0x08023884   0x08023884   0x0000001e   Code   RO         3580    i.ip4_output_if     ip4.o
    0x080238a2   0x080238a2   0x00000002   PAD
    0x080238a4   0x080238a4   0x00000140   Code   RO         3581    i.ip4_output_if_src  ip4.o
    0x080239e4   0x080239e4   0x00000230   Code   RO         3704    i.ip4_reass         ip4_frag.o
    0x08023c14   0x08023c14   0x00000060   Code   RO         3582    i.ip4_route         ip4.o
    0x08023c74   0x08023c74   0x0000000c   Code   RO         1977    i.ip_chksum_pseudo  inet_chksum.o
    0x08023c80   0x08023c80   0x00000024   Code   RO         3705    i.ip_frag_free_pbuf_custom_ref  ip4_frag.o
    0x08023ca4   0x08023ca4   0x000001b4   Code   RO         3706    i.ip_reass_chain_frag_into_datagram_and_validate  ip4_frag.o
    0x08023e58   0x08023e58   0x0000004c   Code   RO         3707    i.ip_reass_dequeue_datagram  ip4_frag.o
    0x08023ea4   0x08023ea4   0x00000114   Code   RO         3708    i.ip_reass_free_complete_datagram  ip4_frag.o
    0x08023fb8   0x08023fb8   0x00000084   Code   RO         3709    i.ip_reass_remove_oldest_datagram  ip4_frag.o
    0x0802403c   0x0802403c   0x0000002c   Code   RO         3710    i.ip_reass_tmr      ip4_frag.o
    0x08024068   0x08024068   0x0000002c   Code   RO         3711    i.ipfrag_free_pbuf_custom  ip4_frag.o
    0x08024094   0x08024094   0x000000cc   Code   RO         3776    i.low_level_init    ethernetif.o
    0x08024160   0x08024160   0x000000b8   Code   RO         3777    i.low_level_input   ethernetif.o
    0x08024218   0x08024218   0x000000ec   Code   RO         3778    i.low_level_output  ethernetif.o
    0x08024304   0x08024304   0x0000003c   Code   RO         3291    i.lwip_cyclic_timer  timeouts.o
    0x08024340   0x08024340   0x00000004   Code   RO         1907    i.lwip_htonl        def.o
    0x08024344   0x08024344   0x00000004   Code   RO         1908    i.lwip_htons        def.o
    0x08024348   0x08024348   0x0000001e   Code   RO         2040    i.lwip_init         init.o
    0x08024366   0x08024366   0x00000026   Code   RO         1390    i.lwip_netconn_do_bind  api_msg.o
    0x0802438c   0x0802438c   0x000000c4   Code   RO         1392    i.lwip_netconn_do_close  api_msg.o
    0x08024450   0x08024450   0x00000238   Code   RO         1393    i.lwip_netconn_do_close_internal  api_msg.o
    0x08024688   0x08024688   0x00000108   Code   RO         1396    i.lwip_netconn_do_delconn  api_msg.o
    0x08024790   0x08024790   0x000000bc   Code   RO         1399    i.lwip_netconn_do_listen  api_msg.o
    0x0802484c   0x0802484c   0x00000040   Code   RO         1400    i.lwip_netconn_do_newconn  api_msg.o
    0x0802488c   0x0802488c   0x00000044   Code   RO         1401    i.lwip_netconn_do_recv  api_msg.o
    0x080248d0   0x080248d0   0x000000cc   Code   RO         1403    i.lwip_netconn_do_write  api_msg.o
    0x0802499c   0x0802499c   0x000002f0   Code   RO         1404    i.lwip_netconn_do_writemore  api_msg.o
    0x08024c8c   0x08024c8c   0x00000044   Code   RO         1405    i.lwip_netconn_err_to_msg  api_msg.o
    0x08024cd0   0x08024cd0   0x00000048   Code   RO         1406    i.lwip_netconn_is_err_msg  api_msg.o
    0x08024d18   0x08024d18   0x00000056   Code   RO         1979    i.lwip_standard_chksum  inet_chksum.o
    0x08024d6e   0x08024d6e   0x00000002   PAD
    0x08024d70   0x08024d70   0x00000060   Code   RO            6    i.main              main.o
    0x08024dd0   0x08024dd0   0x00000158   Code   RO         2129    i.mem_free          mem.o
    0x08024f28   0x08024f28   0x00000068   Code   RO         2130    i.mem_init          mem.o
    0x08024f90   0x08024f90   0x000001d0   Code   RO         2131    i.mem_malloc        mem.o
    0x08025160   0x08025160   0x00000010   Code   RO         2132    i.mem_to_ptr        mem.o
    0x08025170   0x08025170   0x0000016c   Code   RO         2133    i.mem_trim          mem.o
    0x080252dc   0x080252dc   0x0000003c   Code   RO         2193    i.memp_free         memp.o
    0x08025318   0x08025318   0x0000001c   Code   RO         2195    i.memp_init         memp.o
    0x08025334   0x08025334   0x0000002a   Code   RO         2196    i.memp_init_pool    memp.o
    0x0802535e   0x0802535e   0x00000002   PAD
    0x08025360   0x08025360   0x00000044   Code   RO         2197    i.memp_malloc       memp.o
    0x080253a4   0x080253a4   0x00000022   Code   RO         1629    i.netbuf_delete     netbuf.o
    0x080253c6   0x080253c6   0x00000002   PAD
    0x080253c8   0x080253c8   0x000000d0   Code   RO         1167    i.netconn_accept    api_lib.o
    0x08025498   0x08025498   0x00000094   Code   RO         1407    i.netconn_alloc     api_msg.o
    0x0802552c   0x0802552c   0x00000016   Code   RO         1168    i.netconn_apimsg    api_lib.o
    0x08025542   0x08025542   0x00000002   PAD
    0x08025544   0x08025544   0x00000050   Code   RO         1169    i.netconn_bind      api_lib.o
    0x08025594   0x08025594   0x00000006   Code   RO         1171    i.netconn_close     api_lib.o
    0x0802559a   0x0802559a   0x00000002   PAD
    0x0802559c   0x0802559c   0x0000004c   Code   RO         1172    i.netconn_close_shutdown  api_lib.o
    0x080255e8   0x080255e8   0x0000001e   Code   RO         1174    i.netconn_delete    api_lib.o
    0x08025606   0x08025606   0x0000009c   Code   RO         1408    i.netconn_drain     api_msg.o
    0x080256a2   0x080256a2   0x0000001e   Code   RO         1176    i.netconn_err       api_lib.o
    0x080256c0   0x080256c0   0x000000f4   Code   RO         1409    i.netconn_free      api_msg.o
    0x080257b4   0x080257b4   0x00000044   Code   RO         1178    i.netconn_listen_with_backlog  api_lib.o
    0x080257f8   0x080257f8   0x00000100   Code   RO         1179    i.netconn_new_with_proto_and_callback  api_lib.o
    0x080258f8   0x080258f8   0x00000020   Code   RO         1180    i.netconn_prepare_delete  api_lib.o
    0x08025918   0x08025918   0x000000b0   Code   RO         1181    i.netconn_recv      api_lib.o
    0x080259c8   0x080259c8   0x000000f0   Code   RO         1182    i.netconn_recv_data  api_lib.o
    0x08025ab8   0x08025ab8   0x00000092   Code   RO         1183    i.netconn_recv_data_tcp  api_lib.o
    0x08025b4a   0x08025b4a   0x00000002   PAD
    0x08025b4c   0x08025b4c   0x00000054   Code   RO         1192    i.netconn_tcp_recvd_msg  api_lib.o
    0x08025ba0   0x08025ba0   0x00000014   Code   RO         1193    i.netconn_write_partly  api_lib.o
    0x08025bb4   0x08025bb4   0x00000118   Code   RO         1194    i.netconn_write_vectors_partly  api_lib.o
    0x08025ccc   0x08025ccc   0x00000158   Code   RO         2327    i.netif_add         netif.o
    0x08025e24   0x08025e24   0x00000004   Code   RO         2329    i.netif_do_ip_addr_changed  netif.o
    0x08025e28   0x08025e28   0x00000016   Code   RO         2330    i.netif_do_set_gw   netif.o
    0x08025e3e   0x08025e3e   0x00000002   PAD
    0x08025e40   0x08025e40   0x00000058   Code   RO         2331    i.netif_do_set_ipaddr  netif.o
    0x08025e98   0x08025e98   0x00000016   Code   RO         2332    i.netif_do_set_netmask  netif.o
    0x08025eae   0x08025eae   0x00000002   PAD
    0x08025eb0   0x08025eb0   0x00000024   Code   RO         2334    i.netif_get_by_index  netif.o
    0x08025ed4   0x08025ed4   0x00000002   Code   RO         2336    i.netif_init        netif.o
    0x08025ed6   0x08025ed6   0x00000002   PAD
    0x08025ed8   0x08025ed8   0x0000005c   Code   RO         2338    i.netif_issue_reports  netif.o
    0x08025f34   0x08025f34   0x00000006   Code   RO         2340    i.netif_null_output_ip4  netif.o
    0x08025f3a   0x08025f3a   0x00000002   PAD
    0x08025f3c   0x08025f3c   0x00000060   Code   RO         2342    i.netif_set_addr    netif.o
    0x08025f9c   0x08025f9c   0x0000000c   Code   RO         2343    i.netif_set_default  netif.o
    0x08025fa8   0x08025fa8   0x00000044   Code   RO         2344    i.netif_set_down    netif.o
    0x08025fec   0x08025fec   0x0000003c   Code   RO         2350    i.netif_set_up      netif.o
    0x08026028   0x08026028   0x00000006   Code   RO         2498    i.pbuf_add_header   pbuf.o
    0x0802602e   0x0802602e   0x00000002   PAD
    0x08026030   0x08026030   0x00000060   Code   RO         2500    i.pbuf_add_header_impl  pbuf.o
    0x08026090   0x08026090   0x000001b8   Code   RO         2501    i.pbuf_alloc        pbuf.o
    0x08026248   0x08026248   0x00000050   Code   RO         2502    i.pbuf_alloc_reference  pbuf.o
    0x08026298   0x08026298   0x00000038   Code   RO         2503    i.pbuf_alloced_custom  pbuf.o
    0x080262d0   0x080262d0   0x000000c0   Code   RO         2504    i.pbuf_cat          pbuf.o
    0x08026390   0x08026390   0x00000012   Code   RO         2506    i.pbuf_clen         pbuf.o
    0x080263a2   0x080263a2   0x00000002   PAD
    0x080263a4   0x080263a4   0x0000003c   Code   RO         2507    i.pbuf_clone        pbuf.o
    0x080263e0   0x080263e0   0x00000158   Code   RO         2509    i.pbuf_copy         pbuf.o
    0x08026538   0x08026538   0x000000b4   Code   RO         2510    i.pbuf_copy_partial  pbuf.o
    0x080265ec   0x080265ec   0x000000e8   Code   RO         2512    i.pbuf_free         pbuf.o
    0x080266d4   0x080266d4   0x00000006   Code   RO         2517    i.pbuf_header_force  pbuf.o
    0x080266da   0x080266da   0x0000000e   Code   RO         2518    i.pbuf_header_impl  pbuf.o
    0x080266e8   0x080266e8   0x0000001c   Code   RO         2519    i.pbuf_init_alloced_pbuf  pbuf.o
    0x08026704   0x08026704   0x000000bc   Code   RO         2523    i.pbuf_realloc      pbuf.o
    0x080267c0   0x080267c0   0x0000003c   Code   RO         2524    i.pbuf_ref          pbuf.o
    0x080267fc   0x080267fc   0x00000068   Code   RO         2525    i.pbuf_remove_header  pbuf.o
    0x08026864   0x08026864   0x00000128   Code   RO         2134    i.plug_holes        mem.o
    0x0802698c   0x0802698c   0x0000007c   Code   RO         1410    i.poll_tcp          api_msg.o
    0x08026a08   0x08026a08   0x00000070   Code   RO         4508    i.prvAddCurrentTaskToDelayedList  tasks.o
    0x08026a78   0x08026a78   0x000000d0   Code   RO         4509    i.prvAddNewTaskToReadyList  tasks.o
    0x08026b48   0x08026b48   0x00000050   Code   RO         4807    i.prvCheckForValidListAndQueue  timers.o
    0x08026b98   0x08026b98   0x00000054   Code   RO         4510    i.prvCheckTasksWaitingTermination  tasks.o
    0x08026bec   0x08026bec   0x00000026   Code   RO         4338    i.prvCopyDataFromQueue  queue.o
    0x08026c12   0x08026c12   0x0000006c   Code   RO         4339    i.prvCopyDataToQueue  queue.o
    0x08026c7e   0x08026c7e   0x00000014   Code   RO         4511    i.prvDeleteTCB      tasks.o
    0x08026c92   0x08026c92   0x00000002   PAD
    0x08026c94   0x08026c94   0x0000004c   Code   RO         4918    i.prvHeapInit       heap_4.o
    0x08026ce0   0x08026ce0   0x00000028   Code   RO         4512    i.prvIdleTask       tasks.o
    0x08026d08   0x08026d08   0x00000078   Code   RO         4513    i.prvInitialiseNewTask  tasks.o
    0x08026d80   0x08026d80   0x0000004c   Code   RO         4919    i.prvInsertBlockIntoFreeList  heap_4.o
    0x08026dcc   0x08026dcc   0x00000038   Code   RO         4808    i.prvInsertTimerInActiveList  timers.o
    0x08026e04   0x08026e04   0x0000001a   Code   RO         4340    i.prvIsQueueEmpty   queue.o
    0x08026e1e   0x08026e1e   0x00000002   PAD
    0x08026e20   0x08026e20   0x00000098   Code   RO         4809    i.prvProcessReceivedCommands  timers.o
    0x08026eb8   0x08026eb8   0x000000a4   Code   RO         4810    i.prvProcessTimerOrBlockTask  timers.o
    0x08026f5c   0x08026f5c   0x00000020   Code   RO         4514    i.prvResetNextTaskUnblockTime  tasks.o
    0x08026f7c   0x08026f7c   0x00000028   Code   RO         4811    i.prvSampleTimeNow  timers.o
    0x08026fa4   0x08026fa4   0x00000058   Code   RO         4812    i.prvSwitchTimerLists  timers.o
    0x08026ffc   0x08026ffc   0x00000010   Code   RO         4977    i.prvTaskExitError  port.o
    0x0802700c   0x0802700c   0x00000028   Code   RO         4813    i.prvTimerTask      timers.o
    0x08027034   0x08027034   0x0000006a   Code   RO         4341    i.prvUnlockQueue    queue.o
    0x0802709e   0x0802709e   0x00000002   PAD
    0x080270a0   0x080270a0   0x0000000c   Code   RO         2135    i.ptr_to_mem        mem.o
    0x080270ac   0x080270ac   0x00000098   Code   RO         4920    i.pvPortMalloc      heap_4.o
    0x08027144   0x08027144   0x00000018   Code   RO         4516    i.pvTaskIncrementMutexHeldCount  tasks.o
    0x0802715c   0x0802715c   0x0000002c   Code   RO         4978    i.pxPortInitialiseStack  port.o
    0x08027188   0x08027188   0x00000104   Code   RO         1411    i.recv_tcp          api_msg.o
    0x0802728c   0x0802728c   0x00000070   Code   RO         1412    i.sent_tcp          api_msg.o
    0x080272fc   0x080272fc   0x00000044   Code   RO         1413    i.setup_tcp         api_msg.o
    0x08027340   0x08027340   0x00000042   Code   RO         3822    i.sys_arch_mbox_fetch  sys_arch.o
    0x08027382   0x08027382   0x0000001e   Code   RO         3823    i.sys_arch_mbox_tryfetch  sys_arch.o
    0x080273a0   0x080273a0   0x0000000a   Code   RO         3824    i.sys_arch_protect  sys_arch.o
    0x080273aa   0x080273aa   0x0000003a   Code   RO         3825    i.sys_arch_sem_wait  sys_arch.o
    0x080273e4   0x080273e4   0x00000004   Code   RO         3827    i.sys_arch_unprotect  sys_arch.o
    0x080273e8   0x080273e8   0x00000040   Code   RO         3292    i.sys_check_timeouts  timeouts.o
    0x08027428   0x08027428   0x00000024   Code   RO         3828    i.sys_init          sys_arch.o
    0x0802744c   0x0802744c   0x00000014   Code   RO         3830    i.sys_mbox_free     sys_arch.o
    0x08027460   0x08027460   0x0000001e   Code   RO         3831    i.sys_mbox_new      sys_arch.o
    0x0802747e   0x0802747e   0x00000006   Code   RO         3833    i.sys_mbox_set_invalid  sys_arch.o
    0x08027484   0x08027484   0x0000001c   Code   RO         3834    i.sys_mbox_trypost  sys_arch.o
    0x080274a0   0x080274a0   0x0000000a   Code   RO         3836    i.sys_mbox_valid    sys_arch.o
    0x080274aa   0x080274aa   0x0000000c   Code   RO         3838    i.sys_mutex_lock    sys_arch.o
    0x080274b6   0x080274b6   0x00000018   Code   RO         3839    i.sys_mutex_new     sys_arch.o
    0x080274ce   0x080274ce   0x0000000c   Code   RO         3841    i.sys_mutex_unlock  sys_arch.o
    0x080274da   0x080274da   0x00000002   PAD
    0x080274dc   0x080274dc   0x00000010   Code   RO         3842    i.sys_now           sys_arch.o
    0x080274ec   0x080274ec   0x00000010   Code   RO         3843    i.sys_sem_free      sys_arch.o
    0x080274fc   0x080274fc   0x00000036   Code   RO         3844    i.sys_sem_new       sys_arch.o
    0x08027532   0x08027532   0x00000006   Code   RO         3845    i.sys_sem_set_invalid  sys_arch.o
    0x08027538   0x08027538   0x0000000c   Code   RO         3846    i.sys_sem_signal    sys_arch.o
    0x08027544   0x08027544   0x0000000a   Code   RO         3847    i.sys_sem_valid     sys_arch.o
    0x0802754e   0x0802754e   0x0000002c   Code   RO         3848    i.sys_thread_new    sys_arch.o
    0x0802757a   0x0802757a   0x00000002   PAD
    0x0802757c   0x0802757c   0x00000060   Code   RO         3294    i.sys_timeout       timeouts.o
    0x080275dc   0x080275dc   0x00000098   Code   RO         3295    i.sys_timeout_abs   timeouts.o
    0x08027674   0x08027674   0x00000024   Code   RO         3296    i.sys_timeouts_init  timeouts.o
    0x08027698   0x08027698   0x00000028   Code   RO         3297    i.sys_timeouts_sleeptime  timeouts.o
    0x080276c0   0x080276c0   0x0000013c   Code   RO         2762    i.tcp_abandon       tcp.o
    0x080277fc   0x080277fc   0x00000006   Code   RO         2763    i.tcp_abort         tcp.o
    0x08027802   0x08027802   0x0000000e   Code   RO         2764    i.tcp_accept        tcp.o
    0x08027810   0x08027810   0x00000038   Code   RO         2765    i.tcp_accept_null   tcp.o
    0x08027848   0x08027848   0x00000130   Code   RO         2766    i.tcp_alloc         tcp.o
    0x08027978   0x08027978   0x00000008   Code   RO         2767    i.tcp_arg           tcp.o
    0x08027980   0x08027980   0x000000dc   Code   RO         2768    i.tcp_bind          tcp.o
    0x08027a5c   0x08027a5c   0x00000040   Code   RO         2770    i.tcp_close         tcp.o
    0x08027a9c   0x08027a9c   0x00000168   Code   RO         2771    i.tcp_close_shutdown  tcp.o
    0x08027c04   0x08027c04   0x00000064   Code   RO         2772    i.tcp_close_shutdown_fin  tcp.o
    0x08027c68   0x08027c68   0x00000110   Code   RO         3135    i.tcp_create_segment  tcp_out.o
    0x08027d78   0x08027d78   0x00000054   Code   RO         2775    i.tcp_eff_send_mss_netif  tcp.o
    0x08027dcc   0x08027dcc   0x000001a4   Code   RO         3136    i.tcp_enqueue_flags  tcp_out.o
    0x08027f70   0x08027f70   0x00000044   Code   RO         2776    i.tcp_err           tcp.o
    0x08027fb4   0x08027fb4   0x0000006c   Code   RO         2777    i.tcp_fasttmr       tcp.o
    0x08028020   0x08028020   0x00000030   Code   RO         2778    i.tcp_free          tcp.o
    0x08028050   0x08028050   0x000000d4   Code   RO         3055    i.tcp_free_acked_segments  tcp_in.o
    0x08028124   0x08028124   0x00000028   Code   RO         3056    i.tcp_get_next_optbyte  tcp_in.o
    0x0802814c   0x0802814c   0x00000002   Code   RO         2779    i.tcp_init          tcp.o
    0x0802814e   0x0802814e   0x00000002   PAD
    0x08028150   0x08028150   0x0000059e   Code   RO         3057    i.tcp_input         tcp_in.o
    0x080286ee   0x080286ee   0x00000002   PAD
    0x080286f0   0x080286f0   0x00000070   Code   RO         3058    i.tcp_input_delayed_close  tcp_in.o
    0x08028760   0x08028760   0x00000068   Code   RO         3137    i.tcp_keepalive     tcp_out.o
    0x080287c8   0x080287c8   0x0000005c   Code   RO         2780    i.tcp_kill_state    tcp.o
    0x08028824   0x08028824   0x0000009c   Code   RO         2781    i.tcp_listen_closed  tcp.o
    0x080288c0   0x080288c0   0x00000130   Code   RO         3059    i.tcp_listen_input  tcp_in.o
    0x080289f0   0x080289f0   0x00000114   Code   RO         2783    i.tcp_listen_with_backlog_and_err  tcp.o
    0x08028b04   0x08028b04   0x0000004c   Code   RO         2784    i.tcp_netif_ip_addr_changed  tcp.o
    0x08028b50   0x08028b50   0x00000060   Code   RO         2785    i.tcp_netif_ip_addr_changed_pcblist  tcp.o
    0x08028bb0   0x08028bb0   0x00000006   Code   RO         2787    i.tcp_new_ip_type   tcp.o
    0x08028bb6   0x08028bb6   0x00000002   PAD
    0x08028bb8   0x08028bb8   0x0000005c   Code   RO         2788    i.tcp_new_port      tcp.o
    0x08028c14   0x08028c14   0x00000038   Code   RO         2789    i.tcp_next_iss      tcp.o
    0x08028c4c   0x08028c4c   0x00000270   Code   RO         3138    i.tcp_output        tcp_out.o
    0x08028ebc   0x08028ebc   0x00000068   Code   RO         3139    i.tcp_output_alloc_header  tcp_out.o
    0x08028f24   0x08028f24   0x000000ac   Code   RO         3140    i.tcp_output_alloc_header_common  tcp_out.o
    0x08028fd0   0x08028fd0   0x00000094   Code   RO         3141    i.tcp_output_control_segment  tcp_out.o
    0x08029064   0x08029064   0x0000006c   Code   RO         3142    i.tcp_output_fill_options  tcp_out.o
    0x080290d0   0x080290d0   0x00000170   Code   RO         3143    i.tcp_output_segment  tcp_out.o
    0x08029240   0x08029240   0x00000044   Code   RO         3144    i.tcp_output_segment_busy  tcp_out.o
    0x08029284   0x08029284   0x00000098   Code   RO         3060    i.tcp_parseopt      tcp_in.o
    0x0802931c   0x0802931c   0x000000dc   Code   RO         3145    i.tcp_pbuf_prealloc  tcp_out.o
    0x080293f8   0x080293f8   0x00000064   Code   RO         2790    i.tcp_pcb_purge     tcp.o
    0x0802945c   0x0802945c   0x000000ec   Code   RO         2791    i.tcp_pcb_remove    tcp.o
    0x08029548   0x08029548   0x00000064   Code   RO         2792    i.tcp_poll          tcp.o
    0x080295ac   0x080295ac   0x0000044c   Code   RO         3061    i.tcp_process       tcp_in.o
    0x080299f8   0x080299f8   0x000000a4   Code   RO         2793    i.tcp_process_refused_data  tcp.o
    0x08029a9c   0x08029a9c   0x000004e0   Code   RO         3062    i.tcp_receive       tcp_in.o
    0x08029f7c   0x08029f7c   0x00000044   Code   RO         2794    i.tcp_recv          tcp.o
    0x08029fc0   0x08029fc0   0x00000050   Code   RO         2795    i.tcp_recv_null     tcp.o
    0x0802a010   0x0802a010   0x00000098   Code   RO         2796    i.tcp_recved        tcp.o
    0x0802a0a8   0x0802a0a8   0x00000088   Code   RO         3146    i.tcp_rexmit        tcp_out.o
    0x0802a130   0x0802a130   0x00000084   Code   RO         3147    i.tcp_rexmit_fast   tcp_out.o
    0x0802a1b4   0x0802a1b4   0x00000040   Code   RO         3148    i.tcp_rexmit_rto    tcp_out.o
    0x0802a1f4   0x0802a1f4   0x00000048   Code   RO         3149    i.tcp_rexmit_rto_commit  tcp_out.o
    0x0802a23c   0x0802a23c   0x00000094   Code   RO         3150    i.tcp_rexmit_rto_prepare  tcp_out.o
    0x0802a2d0   0x0802a2d0   0x00000010   Code   RO         3151    i.tcp_route         tcp_out.o
    0x0802a2e0   0x0802a2e0   0x000000a8   Code   RO         3152    i.tcp_rst           tcp_out.o
    0x0802a388   0x0802a388   0x0000001c   Code   RO         2797    i.tcp_seg_free      tcp.o
    0x0802a3a4   0x0802a3a4   0x00000012   Code   RO         2798    i.tcp_segs_free     tcp.o
    0x0802a3b6   0x0802a3b6   0x00000002   PAD
    0x0802a3b8   0x0802a3b8   0x00000088   Code   RO         3153    i.tcp_send_empty_ack  tcp_out.o
    0x0802a440   0x0802a440   0x0000006c   Code   RO         3154    i.tcp_send_fin      tcp_out.o
    0x0802a4ac   0x0802a4ac   0x00000040   Code   RO         2799    i.tcp_sent          tcp.o
    0x0802a4ec   0x0802a4ec   0x00000078   Code   RO         2801    i.tcp_shutdown      tcp.o
    0x0802a564   0x0802a564   0x000004f0   Code   RO         2802    i.tcp_slowtmr       tcp.o
    0x0802aa54   0x0802aa54   0x000001b0   Code   RO         3155    i.tcp_split_unsent_seg  tcp_out.o
    0x0802ac04   0x0802ac04   0x00000034   Code   RO         3299    i.tcp_timer_needed  timeouts.o
    0x0802ac38   0x0802ac38   0x00000098   Code   RO         3063    i.tcp_timewait_input  tcp_in.o
    0x0802acd0   0x0802acd0   0x00000020   Code   RO         2804    i.tcp_tmr           tcp.o
    0x0802acf0   0x0802acf0   0x00000010   Code   RO         3064    i.tcp_trigger_input_pcb_close  tcp_in.o
    0x0802ad00   0x0802ad00   0x0000008c   Code   RO         2806    i.tcp_update_rcv_ann_wnd  tcp.o
    0x0802ad8c   0x0802ad8c   0x000005d0   Code   RO         3156    i.tcp_write         tcp_out.o
    0x0802b35c   0x0802b35c   0x000000fc   Code   RO         3157    i.tcp_write_checks  tcp_out.o
    0x0802b458   0x0802b458   0x000000e4   Code   RO         3158    i.tcp_zero_window_probe  tcp_out.o
    0x0802b53c   0x0802b53c   0x0000009c   Code   RO         1758    i.tcpip_init        tcpip.o
    0x0802b5d8   0x0802b5d8   0x00000060   Code   RO         1759    i.tcpip_inpkt       tcpip.o
    0x0802b638   0x0802b638   0x0000001c   Code   RO         1760    i.tcpip_input       tcpip.o
    0x0802b654   0x0802b654   0x00000020   Code   RO         1761    i.tcpip_send_msg_wait_sem  tcpip.o
    0x0802b674   0x0802b674   0x00000038   Code   RO         3300    i.tcpip_tcp_timer   timeouts.o
    0x0802b6ac   0x0802b6ac   0x00000098   Code   RO         1762    i.tcpip_thread      tcpip.o
    0x0802b744   0x0802b744   0x0000006c   Code   RO         1763    i.tcpip_thread_handle_msg  tcpip.o
    0x0802b7b0   0x0802b7b0   0x00000018   Code   RO          430    i.user_delayMs      user_delay.o
    0x0802b7c8   0x0802b7c8   0x00000014   Code   RO          431    i.user_delayUs      user_delay.o
    0x0802b7dc   0x0802b7dc   0x00000024   Code   RO         4293    i.uxListRemove      list.o
    0x0802b800   0x0802b800   0x00000012   Code   RO         4342    i.uxQueueMessagesWaiting  queue.o
    0x0802b812   0x0802b812   0x00000016   Code   RO         4294    i.vListInitialise   list.o
    0x0802b828   0x0802b828   0x00000006   Code   RO         4295    i.vListInitialiseItem  list.o
    0x0802b82e   0x0802b82e   0x00000030   Code   RO         4296    i.vListInsert       list.o
    0x0802b85e   0x0802b85e   0x00000018   Code   RO         4297    i.vListInsertEnd    list.o
    0x0802b876   0x0802b876   0x00000002   PAD
    0x0802b878   0x0802b878   0x0000001c   Code   RO         4980    i.vPortEnterCritical  port.o
    0x0802b894   0x0802b894   0x00000014   Code   RO         4981    i.vPortExitCritical  port.o
    0x0802b8a8   0x0802b8a8   0x00000040   Code   RO         4921    i.vPortFree         heap_4.o
    0x0802b8e8   0x0802b8e8   0x00000020   Code   RO         4982    i.vPortSetupTimerInterrupt  port.o
    0x0802b908   0x0802b908   0x00000024   Code   RO         4345    i.vQueueAddToRegistry  queue.o
    0x0802b92c   0x0802b92c   0x00000012   Code   RO         4346    i.vQueueDelete      queue.o
    0x0802b93e   0x0802b93e   0x00000002   PAD
    0x0802b940   0x0802b940   0x00000028   Code   RO         4347    i.vQueueUnregisterQueue  queue.o
    0x0802b968   0x0802b968   0x00000044   Code   RO         4348    i.vQueueWaitForMessageRestricted  queue.o
    0x0802b9ac   0x0802b9ac   0x00000030   Code   RO         4521    i.vTaskDelay        tasks.o
    0x0802b9dc   0x0802b9dc   0x00000098   Code   RO         4523    i.vTaskDelete       tasks.o
    0x0802ba74   0x0802ba74   0x0000000c   Code   RO         4525    i.vTaskMissedYield  tasks.o
    0x0802ba80   0x0802ba80   0x00000024   Code   RO         4526    i.vTaskPlaceOnEventList  tasks.o
    0x0802baa4   0x0802baa4   0x0000002c   Code   RO         4527    i.vTaskPlaceOnEventListRestricted  tasks.o
    0x0802bad0   0x0802bad0   0x00000084   Code   RO         4529    i.vTaskPriorityInherit  tasks.o
    0x0802bb54   0x0802bb54   0x00000010   Code   RO         4533    i.vTaskSetTimeOutState  tasks.o
    0x0802bb64   0x0802bb64   0x0000005c   Code   RO         4534    i.vTaskStartScheduler  tasks.o
    0x0802bbc0   0x0802bbc0   0x00000010   Code   RO         4536    i.vTaskSuspendAll   tasks.o
    0x0802bbd0   0x0802bbd0   0x00000044   Code   RO         4537    i.vTaskSwitchContext  tasks.o
    0x0802bc14   0x0802bc14   0x00000040   Code   RO         4983    i.xPortStartScheduler  port.o
    0x0802bc54   0x0802bc54   0x00000014   Code   RO         4349    i.xQueueCreateCountingSemaphore  queue.o
    0x0802bc68   0x0802bc68   0x00000024   Code   RO         4350    i.xQueueCreateMutex  queue.o
    0x0802bc8c   0x0802bc8c   0x00000036   Code   RO         4351    i.xQueueGenericCreate  queue.o
    0x0802bcc2   0x0802bcc2   0x00000002   PAD
    0x0802bcc4   0x0802bcc4   0x00000124   Code   RO         4352    i.xQueueGenericReceive  queue.o
    0x0802bde8   0x0802bde8   0x00000074   Code   RO         4353    i.xQueueGenericReset  queue.o
    0x0802be5c   0x0802be5c   0x00000100   Code   RO         4354    i.xQueueGenericSend  queue.o
    0x0802bf5c   0x0802bf5c   0x00000066   Code   RO         4355    i.xQueueGenericSendFromISR  queue.o
    0x0802bfc2   0x0802bfc2   0x00000056   Code   RO         4356    i.xQueueGiveFromISR  queue.o
    0x0802c018   0x0802c018   0x00000048   Code   RO         4539    i.xTaskCheckForTimeOut  tasks.o
    0x0802c060   0x0802c060   0x00000056   Code   RO         4540    i.xTaskCreate       tasks.o
    0x0802c0b6   0x0802c0b6   0x00000002   PAD
    0x0802c0b8   0x0802c0b8   0x0000001c   Code   RO         4543    i.xTaskGetSchedulerState  tasks.o
    0x0802c0d4   0x0802c0d4   0x0000000c   Code   RO         4544    i.xTaskGetTickCount  tasks.o
    0x0802c0e0   0x0802c0e0   0x000000b4   Code   RO         4546    i.xTaskIncrementTick  tasks.o
    0x0802c194   0x0802c194   0x00000070   Code   RO         4547    i.xTaskPriorityDisinherit  tasks.o
    0x0802c204   0x0802c204   0x00000064   Code   RO         4548    i.xTaskRemoveFromEventList  tasks.o
    0x0802c268   0x0802c268   0x000000b0   Code   RO         4550    i.xTaskResumeAll    tasks.o
    0x0802c318   0x0802c318   0x0000003c   Code   RO         4817    i.xTimerCreateTimerTask  timers.o
    0x0802c354   0x0802c354   0x00000048   Code   RO         4818    i.xTimerGenericCommand  timers.o
    0x0802c39c   0x0802c39c   0x00000040   Data   RO          652    .constdata          user_ethcommunication.o
    0x0802c3dc   0x0802c3dc   0x00000010   Data   RO          907    .constdata          segger_rtt_printf.o
    0x0802c3ec   0x0802c3ec   0x00000003   Data   RO         1414    .constdata          api_msg.o
    0x0802c3ef   0x0802c3ef   0x00000001   PAD
    0x0802c3f0   0x0802c3f0   0x0000000c   Data   RO         2211    .constdata          memp.o
    0x0802c3fc   0x0802c3fc   0x0000000c   Data   RO         2212    .constdata          memp.o
    0x0802c408   0x0802c408   0x0000000c   Data   RO         2213    .constdata          memp.o
    0x0802c414   0x0802c414   0x0000000c   Data   RO         2214    .constdata          memp.o
    0x0802c420   0x0802c420   0x0000000c   Data   RO         2215    .constdata          memp.o
    0x0802c42c   0x0802c42c   0x0000000c   Data   RO         2216    .constdata          memp.o
    0x0802c438   0x0802c438   0x0000000c   Data   RO         2217    .constdata          memp.o
    0x0802c444   0x0802c444   0x0000000c   Data   RO         2218    .constdata          memp.o
    0x0802c450   0x0802c450   0x0000000c   Data   RO         2219    .constdata          memp.o
    0x0802c45c   0x0802c45c   0x0000000c   Data   RO         2220    .constdata          memp.o
    0x0802c468   0x0802c468   0x0000000c   Data   RO         2221    .constdata          memp.o
    0x0802c474   0x0802c474   0x0000000c   Data   RO         2222    .constdata          memp.o
    0x0802c480   0x0802c480   0x00000030   Data   RO         2223    .constdata          memp.o
    0x0802c4b0   0x0802c4b0   0x00000054   Data   RO         2807    .constdata          tcp.o
    0x0802c504   0x0802c504   0x00000018   Data   RO         3301    .constdata          timeouts.o
    0x0802c51c   0x0802c51c   0x00000004   Data   RO         3645    .constdata          ip4_addr.o
    0x0802c520   0x0802c520   0x00000006   Data   RO         4059    .constdata          ethernet.o
    0x0802c526   0x0802c526   0x00000006   Data   RO         4060    .constdata          ethernet.o
    0x0802c52c   0x0802c52c   0x00000033   Data   RO          653    .conststring        user_ethcommunication.o
    0x0802c55f   0x0802c55f   0x00000001   PAD
    0x0802c560   0x0802c560   0x00000075   Data   RO         2808    .conststring        tcp.o
    0x0802c5d5   0x0802c5d5   0x00000003   PAD
    0x0802c5d8   0x0802c5d8   0x00000055   Data   RO         3159    .conststring        tcp_out.o
    0x0802c62d   0x0802c62d   0x00000003   PAD
    0x0802c630   0x0802c630   0x00000041   Data   RO         3436    .conststring        etharp.o
    0x0802c671   0x0802c671   0x00000003   PAD
    0x0802c674   0x0802c674   0x00000030   Data   RO        10715    Region$$Table       anon$$obj.o


    Execution Region RW_IRAM2 (Exec base: 0x10000000, Load base: 0x0802c6c4, Size: 0x00008214, Max: 0x00010000, ABSOLUTE, COMPRESSED[0x00000108])

    Exec Addr    Load Addr    Size         Type   Attr      Idx    E Section Name        Object

    0x10000000   COMPRESSED   0x00008214   Data   RW            8    CCMRAM_SendData     main.o


    Execution Region RW_IRAM1 (Exec base: 0x20000000, Load base: 0x0802c6a4, Size: 0x0001c7e8, Max: 0x00020000, ABSOLUTE, COMPRESSED[0x00000020])

    Exec Addr    Load Addr    Size         Type   Attr      Idx    E Section Name        Object

    0x20000000   COMPRESSED   0x0000000c   Data   RW            7    .data               main.o
    0x2000000c   COMPRESSED   0x00000008   Data   RW          487    .data               user_lan8720.o
    0x20000014   COMPRESSED   0x00000008   Data   RW          539    .data               user_tcp_server.o
    0x2000001c   COMPRESSED   0x00000002   Data   RW          654    .data               user_ethcommunication.o
    0x2000001e   COMPRESSED   0x00000002   PAD
    0x20000020   COMPRESSED   0x00000004   Data   RW          828    .data               user_updata.o
    0x20000024   COMPRESSED   0x00000010   Data   RW         1765    .data               tcpip.o
    0x20000034   COMPRESSED   0x00000010   Data   RW         2137    .data               mem.o
    0x20000044   COMPRESSED   0x00000004   Data   RW         2224    .data               memp.o
    0x20000048   COMPRESSED   0x00000004   Data   RW         2225    .data               memp.o
    0x2000004c   COMPRESSED   0x00000004   Data   RW         2226    .data               memp.o
    0x20000050   COMPRESSED   0x00000004   Data   RW         2227    .data               memp.o
    0x20000054   COMPRESSED   0x00000004   Data   RW         2228    .data               memp.o
    0x20000058   COMPRESSED   0x00000004   Data   RW         2229    .data               memp.o
    0x2000005c   COMPRESSED   0x00000004   Data   RW         2230    .data               memp.o
    0x20000060   COMPRESSED   0x00000004   Data   RW         2231    .data               memp.o
    0x20000064   COMPRESSED   0x00000004   Data   RW         2232    .data               memp.o
    0x20000068   COMPRESSED   0x00000004   Data   RW         2233    .data               memp.o
    0x2000006c   COMPRESSED   0x00000004   Data   RW         2234    .data               memp.o
    0x20000070   COMPRESSED   0x00000004   Data   RW         2235    .data               memp.o
    0x20000074   COMPRESSED   0x0000000c   Data   RW         2351    .data               netif.o
    0x20000080   COMPRESSED   0x00000020   Data   RW         2809    .data               tcp.o
    0x200000a0   COMPRESSED   0x00000024   Data   RW         3066    .data               tcp_in.o
    0x200000c4   COMPRESSED   0x0000000c   Data   RW         3303    .data               timeouts.o
    0x200000d0   COMPRESSED   0x00000001   Data   RW         3437    .data               etharp.o
    0x200000d1   COMPRESSED   0x00000001   PAD
    0x200000d2   COMPRESSED   0x00000002   Data   RW         3583    .data               ip4.o
    0x200000d4   COMPRESSED   0x00000008   Data   RW         3712    .data               ip4_frag.o
    0x200000dc   COMPRESSED   0x0000000c   Data   RW         3779    .data               ethernetif.o
    0x200000e8   COMPRESSED   0x00000014   Data   RW         3850    .data               sys_arch.o
    0x200000fc   COMPRESSED   0x0000003c   Data   RW         4553    .data               tasks.o
    0x20000138   COMPRESSED   0x00000014   Data   RW         4824    .data               timers.o
    0x2000014c   COMPRESSED   0x00000018   Data   RW         4926    .data               heap_4.o
    0x20000164   COMPRESSED   0x00000004   Data   RW         4984    .data               port.o
    0x20000168   COMPRESSED   0x00000014   Data   RW         5064    .data               system_stm32f4xx.o
    0x2000017c   COMPRESSED   0x00000010   Data   RW         7738    .data               stm32f4xx_rcc.o
    0x2000018c   COMPRESSED   0x0000000c   Data   RW         9903    .data               stm32f4x7_eth.o
    0x20000198   COMPRESSED   0x00000004   Data   RW        10672    .data               mc_w.l(stdout.o)
    0x2000019c        -       0x000004d4   Zero   RW          747    .bss                user_systype.o
    0x20000670        -       0x000004b8   Zero   RW          973    .bss                segger_rtt.o
    0x20000b28        -       0x00000018   Zero   RW         2108    .bss                ip.o
    0x20000b40        -       0x00002813   Zero   RW         2136    .bss                mem.o
    0x20003353        -       0x00000283   Zero   RW         2199    .bss                memp.o
    0x200035d6        -       0x0000003b   Zero   RW         2200    .bss                memp.o
    0x20003611        -       0x00000783   Zero   RW         2201    .bss                memp.o
    0x20003d94        -       0x000000a3   Zero   RW         2202    .bss                memp.o
    0x20003e37        -       0x0000016b   Zero   RW         2203    .bss                memp.o
    0x20003fa2        -       0x00000023   Zero   RW         2204    .bss                memp.o
    0x20003fc5        -       0x00000093   Zero   RW         2205    .bss                memp.o
    0x20004058        -       0x00000083   Zero   RW         2206    .bss                memp.o
    0x200040db        -       0x00000083   Zero   RW         2207    .bss                memp.o
    0x2000415e        -       0x00000063   Zero   RW         2208    .bss                memp.o
    0x200041c1        -       0x000000f3   Zero   RW         2209    .bss                memp.o
    0x200042b4        -       0x000077b3   Zero   RW         2210    .bss                memp.o
    0x2000ba67   COMPRESSED   0x00000001   PAD
    0x2000ba68        -       0x00000010   Zero   RW         3065    .bss                tcp_in.o
    0x2000ba78        -       0x000000f0   Zero   RW         3435    .bss                etharp.o
    0x2000bb68        -       0x00000050   Zero   RW         3849    .bss                sys_arch.o
    0x2000bbb8        -       0x00000050   Zero   RW         4363    .bss                queue.o
    0x2000bc08        -       0x000002e4   Zero   RW         4552    .bss                tasks.o
    0x2000beec        -       0x00000028   Zero   RW         4823    .bss                timers.o
    0x2000bf14        -       0x0000c800   Zero   RW         4925    .bss                heap_4.o
    0x20018714        -       0x000000a0   Zero   RW         9898    .bss                stm32f4x7_eth.o
    0x200187b4        -       0x000000a0   Zero   RW         9899    .bss                stm32f4x7_eth.o
    0x20018854        -       0x00001dc4   Zero   RW         9900    .bss                stm32f4x7_eth.o
    0x2001a618        -       0x00001dc4   Zero   RW         9901    .bss                stm32f4x7_eth.o
    0x2001c3dc        -       0x0000000c   Zero   RW         9902    .bss                stm32f4x7_eth.o
    0x2001c3e8        -       0x00000400   Zero   RW         5052    STACK               startup_stm32f40_41xxx.o


==============================================================================

Image component sizes


      Code (inc. data)   RO Data    RW Data    ZI Data      Debug   Object Name

      1754        588          0          0          0      34735   api_lib.o
      4202       1172          3          0          0      34700   api_msg.o
         8          0          0          0          0       1090   def.o
      2124        512         65          1        240      12831   etharp.o
       308         58         12          0          0       2694   ethernet.o
       744         86          0         12          0       5770   ethernetif.o
         0          0          0          0          0      10368   event_groups.o
       368         24          0         24      51200       4227   heap_4.o
       616        160          0          0          0       4430   icmp.o
         0          0          0          0          0       2060   if_api.o
       334          0          0          0          0       5572   inet_chksum.o
        30          0          0          0          0       1648   init.o
         0          0          0          0         24       3202   ip.o
       862         90          0          2          0       5736   ip4.o
        46          0          4          0          0       8498   ip4_addr.o
      2104        460          0          8          0      12126   ip4_frag.o
       112         12          0          0          0        591   led.o
       136          0          0          0          0       3474   list.o
       260         76          0      33312          0     316680   main.o
      1600        602          0         16      10259       7693   mem.o
       358        148        192         48      34580      10782   memp.o
       140         22          0          0          0       2329   misc.o
        34          0          0          0          0       9872   netbuf.o
       852        278          0         12          0      13916   netif.o
      2104        820          0          0          0      18894   pbuf.o
       430         52          0          4          0       9952   port.o
      1420         24          0          0         80      17297   queue.o
       434         40          0          0       1208      10876   segger_rtt.o
      1032          8         16          0          0       6465   segger_rtt_printf.o
        36          8        392          0       1024        896   startup_stm32f40_41xxx.o
      1862        166          0         12      15572      18319   stm32f4x7_eth.o
       366         34          0          0          0       5343   stm32f4xx_flash.o
       168          0          0          0          0       3769   stm32f4xx_gpio.o
        84          8          0          0          0      28453   stm32f4xx_it.o
       476         86          0         16          0      11406   stm32f4xx_rcc.o
        12          4          0          0          0        634   stm32f4xx_syscfg.o
       616         36          0         20         80      15477   sys_arch.o
       272         36          0         20          0       2069   system_stm32f4xx.o
      2022        202          0         60        740      30649   tasks.o
      5174       1750        201         32          0      40682   tcp.o
      4774       1050          0         36         16      21087   tcp_in.o
      5988       1946         85          0          0      34870   tcp_out.o
       572        194          0         16          0       7557   tcpip.o
       556        188         24         12          0       7439   timeouts.o
       752         82          0         20         40       8823   timers.o
        44          0          0          0          0       1822   user_delay.o
      1402         82        115          2          0      20573   user_ethcommunication.o
       466         30          0          8          0       3425   user_lan8720.o
       538        284          0          0          0       5157   user_rcc_config.o
         0          0          0          0       1236       1106   user_systype.o
       200         44          0          8          0      20864   user_tcp_server.o
       252         52          0          4          0      32550   user_updata.o

    ----------------------------------------------------------------------
     49130      11514       1168      33708     116300     901478   Object Totals
         0          0         48          0          0          0   (incl. Generated)
        86          0         11          3          1          0   (incl. Padding)

    ----------------------------------------------------------------------

      Code (inc. data)   RO Data    RW Data    ZI Data      Debug   Library Member Name

        86          0          0          0          0          0   __dczerorl2.o
         0          0          0          0          0          0   entry.o
         0          0          0          0          0          0   entry10a.o
         0          0          0          0          0          0   entry11a.o
         8          4          0          0          0          0   entry2.o
         4          0          0          0          0          0   entry5.o
         0          0          0          0          0          0   entry7b.o
         0          0          0          0          0          0   entry8b.o
         8          4          0          0          0          0   entry9a.o
        18          0          0          0          0         80   fputc.o
        30          0          0          0          0          0   handlers.o
        36          8          0          0          0         68   init.o
         0          0          0          0          0          0   iusefp.o
         0          0          0          0          0          0   iusesemip.o
        26          0          0          0          0         80   memcmp.o
        64          0          0          0          0         76   memmovea.o
        36          0          0          0          0        108   memseta.o
        50          8          0          0          0        152   printfb.o
         0          0          0          0          0          0   semi.o
         0          0          0          4          0          0   stdout.o
        18          0          0          0          0         68   strcpy.o
        56          0          0          0          0         88   d2f.o
       110          0          0          0          0        168   fepilogue.o

    ----------------------------------------------------------------------
       554         24          0          4          0        888   Library Totals
         4          0          0          0          0          0   (incl. Padding)

    ----------------------------------------------------------------------

      Code (inc. data)   RO Data    RW Data    ZI Data      Debug   Library Name

       384         24          0          4          0        632   mc_w.l
       166          0          0          0          0        256   mf_w.l

    ----------------------------------------------------------------------
       554         24          0          4          0        888   Library Totals

    ----------------------------------------------------------------------

==============================================================================


      Code (inc. data)   RO Data    RW Data    ZI Data      Debug   

     49684      11538       1168      33712     116300     861886   Grand Totals
     49684      11538       1168        296     116300     861886   ELF Image Totals (compressed)
     49684      11538       1168        296          0          0   ROM Totals

==============================================================================

    Total RO  Size (Code + RO Data)                50852 (  49.66kB)
    Total RW  Size (RW Data + ZI Data)            150012 ( 146.50kB)
    Total ROM Size (Code + RO Data + RW Data)      51148 (  49.95kB)

==============================================================================

